Component: ARM Compiler 5.06 update 7 (build 960) Tool: armlink [4d3601]

==============================================================================

Section Cross References

    startup_stm32f103xb.o(STACK) refers (Special) to heapauxi.o(.text) for __use_two_region_memory
    startup_stm32f103xb.o(HEAP) refers (Special) to heapauxi.o(.text) for __use_two_region_memory
    startup_stm32f103xb.o(RESET) refers (Special) to heapauxi.o(.text) for __use_two_region_memory
    startup_stm32f103xb.o(RESET) refers to startup_stm32f103xb.o(STACK) for __initial_sp
    startup_stm32f103xb.o(RESET) refers to startup_stm32f103xb.o(.text) for Reset_Handler
    startup_stm32f103xb.o(RESET) refers to stm32f1xx_it.o(i.NMI_Handler) for NMI_Handler
    startup_stm32f103xb.o(RESET) refers to stm32f1xx_it.o(i.HardFault_Handler) for HardFault_Handler
    startup_stm32f103xb.o(RESET) refers to stm32f1xx_it.o(i.MemManage_Handler) for MemManage_Handler
    startup_stm32f103xb.o(RESET) refers to stm32f1xx_it.o(i.BusFault_Handler) for BusFault_Handler
    startup_stm32f103xb.o(RESET) refers to stm32f1xx_it.o(i.UsageFault_Handler) for UsageFault_Handler
    startup_stm32f103xb.o(RESET) refers to stm32f1xx_it.o(i.SVC_Handler) for SVC_Handler
    startup_stm32f103xb.o(RESET) refers to stm32f1xx_it.o(i.DebugMon_Handler) for DebugMon_Handler
    startup_stm32f103xb.o(RESET) refers to stm32f1xx_it.o(i.PendSV_Handler) for PendSV_Handler
    startup_stm32f103xb.o(RESET) refers to stm32f1xx_it.o(i.SysTick_Handler) for SysTick_Handler
    startup_stm32f103xb.o(RESET) refers to stm32f1xx_it.o(i.USART1_IRQHandler) for USART1_IRQHandler
    startup_stm32f103xb.o(RESET) refers to stm32f1xx_it.o(i.USART2_IRQHandler) for USART2_IRQHandler
    startup_stm32f103xb.o(.text) refers (Special) to heapauxi.o(.text) for __use_two_region_memory
    startup_stm32f103xb.o(.text) refers to system_stm32f1xx.o(i.SystemInit) for SystemInit
    startup_stm32f103xb.o(.text) refers to __main.o(!!!main) for __main
    startup_stm32f103xb.o(.text) refers to startup_stm32f103xb.o(HEAP) for Heap_Mem
    startup_stm32f103xb.o(.text) refers to startup_stm32f103xb.o(STACK) for Stack_Mem
    main.o(i.DATA_Poce) refers to adc.o(i.adc_read) for adc_read
    main.o(i.DATA_Poce) refers to bt04a.o(i.BT04A_DATA_Pro) for BT04A_DATA_Pro
    main.o(i.DATA_Poce) refers to ds18b20.o(i.DS18B20_Get_Temp) for DS18B20_Get_Temp
    main.o(i.DATA_Poce) refers to stm32f1xx_hal_gpio.o(i.HAL_GPIO_WritePin) for HAL_GPIO_WritePin
    main.o(i.DATA_Poce) refers to sg90.o(i.Servo_SetAngle) for Servo_SetAngle
    main.o(i.DATA_Poce) refers to stm32f1xx_hal.o(i.HAL_Delay) for HAL_Delay
    main.o(i.DATA_Poce) refers to ffix.o(x$fpl$ffix) for __aeabi_f2iz
    main.o(i.DATA_Poce) refers to main.o(.data) for .data
    main.o(i.DATA_Poce) refers to adc.o(.data) for ADC_VAL
    main.o(i.DATA_Poce) refers to tim.o(.bss) for htim3
    main.o(i.OLED_Poce) refers to _printf_percent.o(.ARM.Collect$$_printf_percent$$00000000) for _printf_percent
    main.o(i.OLED_Poce) refers to _printf_f.o(.ARM.Collect$$_printf_percent$$00000003) for _printf_f
    main.o(i.OLED_Poce) refers to printf1.o(x$fpl$printf1) for _printf_fp_dec
    main.o(i.OLED_Poce) refers to _printf_d.o(.ARM.Collect$$_printf_percent$$00000009) for _printf_d
    main.o(i.OLED_Poce) refers to _printf_dec.o(.text) for _printf_int_dec
    main.o(i.OLED_Poce) refers to oled.o(i.OLED_ShowChinese) for OLED_ShowChinese
    main.o(i.OLED_Poce) refers to fflt_clz.o(x$fpl$fflt) for __aeabi_i2f
    main.o(i.OLED_Poce) refers to fmul.o(x$fpl$fmul) for __aeabi_fmul
    main.o(i.OLED_Poce) refers to f2d.o(x$fpl$f2d) for __aeabi_f2d
    main.o(i.OLED_Poce) refers to noretval__2sprintf.o(.text) for __2sprintf
    main.o(i.OLED_Poce) refers to oled.o(i.OLED_ShowString) for OLED_ShowString
    main.o(i.OLED_Poce) refers to ffix.o(x$fpl$ffix) for __aeabi_f2iz
    main.o(i.OLED_Poce) refers to oled.o(i.OLED_ShowChar) for OLED_ShowChar
    main.o(i.OLED_Poce) refers to oled.o(i.OLED_ShowNum) for OLED_ShowNum
    main.o(i.OLED_Poce) refers to main.o(.data) for .data
    main.o(i.OLED_Poce) refers to main.o(.bss) for .bss
    main.o(i.OLED_Poce) refers to adc.o(.data) for ADC_VAL
    main.o(i.SystemClock_Config) refers to rt_memclr_w.o(.text) for __aeabi_memclr4
    main.o(i.SystemClock_Config) refers to stm32f1xx_hal_rcc.o(i.HAL_RCC_OscConfig) for HAL_RCC_OscConfig
    main.o(i.SystemClock_Config) refers to stm32f1xx_hal_rcc.o(i.HAL_RCC_ClockConfig) for HAL_RCC_ClockConfig
    main.o(i.SystemClock_Config) refers to stm32f1xx_hal_rcc_ex.o(i.HAL_RCCEx_PeriphCLKConfig) for HAL_RCCEx_PeriphCLKConfig
    main.o(i.main) refers to stm32f1xx_hal.o(i.HAL_Init) for HAL_Init
    main.o(i.main) refers to main.o(i.SystemClock_Config) for SystemClock_Config
    main.o(i.main) refers to gpio.o(i.MX_GPIO_Init) for MX_GPIO_Init
    main.o(i.main) refers to adc.o(i.MX_ADC1_Init) for MX_ADC1_Init
    main.o(i.main) refers to tim.o(i.MX_TIM3_Init) for MX_TIM3_Init
[...]
    i.DS18B20_GPIO_IN                        0x080017c8   Section        0  ds18b20.o(i.DS18B20_GPIO_IN)
    i.DS18B20_GPIO_OUT                       0x08001804   Section        0  ds18b20.o(i.DS18B20_GPIO_OUT)
    i.DS18B20_Get_Temp                       0x08001840   Section        0  ds18b20.o(i.DS18B20_Get_Temp)
    i.DS18B20_Init                           0x0800189c   Section        0  ds18b20.o(i.DS18B20_Init)
    i.DS18B20_RST                            0x080018ac   Section        0  ds18b20.o(i.DS18B20_RST)
    i.DS18B20_Read_Bit                       0x080018e4   Section        0  ds18b20.o(i.DS18B20_Read_Bit)
    i.DS18B20_Read_Byte                      0x08001934   Section        0  ds18b20.o(i.DS18B20_Read_Byte)
    i.DS18B20_Start                          0x08001954   Section        0  ds18b20.o(i.DS18B20_Start)
    i.DS18B20_Write_Byte                     0x08001970   Section        0  ds18b20.o(i.DS18B20_Write_Byte)
    i.DWT_Init                               0x080019d4   Section        0  ds18b20.o(i.DWT_Init)
    i.DebugMon_Handler                       0x08001a10   Section        0  stm32f1xx_it.o(i.DebugMon_Handler)
    i.Delay_us                               0x08001a14   Section        0  ds18b20.o(i.Delay_us)
    Delay_us                                 0x08001a15   Thumb Code    54  ds18b20.o(i.Delay_us)
    i.Error_Handler                          0x08001a5c   Section        0  main.o(i.Error_Handler)
    i.HAL_ADCEx_Calibration_Start            0x08001a60   Section        0  stm32f1xx_hal_adc_ex.o(i.HAL_ADCEx_Calibration_Start)
    i.HAL_ADC_ConfigChannel                  0x08001b28   Section        0  stm32f1xx_hal_adc.o(i.HAL_ADC_ConfigChannel)
    i.HAL_ADC_GetValue                       0x08001c24   Section        0  stm32f1xx_hal_adc.o(i.HAL_ADC_GetValue)
    i.HAL_ADC_Init                           0x08001c2c   Section        0  stm32f1xx_hal_adc.o(i.HAL_ADC_Init)
    i.HAL_ADC_MspInit                        0x08001d48   Section        0  adc.o(i.HAL_ADC_MspInit)
    i.HAL_ADC_PollForConversion              0x08001da0   Section        0  stm32f1xx_hal_adc.o(i.HAL_ADC_PollForConversion)
    i.HAL_ADC_Start                          0x08001ed0   Section        0  stm32f1xx_hal_adc.o(i.HAL_ADC_Start)
    i.HAL_ADC_Stop                           0x08001f90   Section        0  stm32f1xx_hal_adc.o(i.HAL_ADC_Stop)
    i.HAL_DMA_Abort_IT                       0x08001fc4   Section        0  stm32f1xx_hal_dma.o(i.HAL_DMA_Abort_IT)
    i.HAL_Delay                              0x0800205c   Section        0  stm32f1xx_hal.o(i.HAL_Delay)
    i.HAL_GPIO_Init                          0x08002080   Section        0  stm32f1xx_hal_gpio.o(i.HAL_GPIO_Init)
    i.HAL_GPIO_ReadPin                       0x08002260   Section        0  stm32f1xx_hal_gpio.o(i.HAL_GPIO_ReadPin)
    i.HAL_GPIO_WritePin                      0x0800226a   Section        0  stm32f1xx_hal_gpio.o(i.HAL_GPIO_WritePin)
    i.HAL_GetTick                            0x08002274   Section        0  stm32f1xx_hal.o(i.HAL_GetTick)
    i.HAL_IncTick                            0x08002280   Section        0  stm32f1xx_hal.o(i.HAL_IncTick)
    i.HAL_Init                               0x08002290   Section        0  stm32f1xx_hal.o(i.HAL_Init)
    i.HAL_InitTick                           0x080022b4   Section        0  stm32f1xx_hal.o(i.HAL_InitTick)
    i.HAL_MspInit                            0x080022f4   Section        0  stm32f1xx_hal_msp.o(i.HAL_MspInit)
    i.HAL_NVIC_EnableIRQ                     0x08002330   Section        0  stm32f1xx_hal_cortex.o(i.HAL_NVIC_EnableIRQ)
    i.HAL_NVIC_SetPriority                   0x0800234c   Section        0  stm32f1xx_hal_cortex.o(i.HAL_NVIC_SetPriority)
    i.HAL_NVIC_SetPriorityGrouping           0x0800238c   Section        0  stm32f1xx_hal_cortex.o(i.HAL_NVIC_SetPriorityGrouping)
    i.HAL_RCCEx_GetPeriphCLKFreq             0x080023b0   Section        0  stm32f1xx_hal_rcc_ex.o(i.HAL_RCCEx_GetPeriphCLKFreq)
    i.HAL_RCCEx_PeriphCLKConfig              0x08002478   Section        0  stm32f1xx_hal_rcc_ex.o(i.HAL_RCCEx_PeriphCLKConfig)
    i.HAL_RCC_ClockConfig                    0x08002564   Section        0  stm32f1xx_hal_rcc.o(i.HAL_RCC_ClockConfig)
    i.HAL_RCC_GetPCLK1Freq                   0x08002690   Section        0  stm32f1xx_hal_rcc.o(i.HAL_RCC_GetPCLK1Freq)
    i.HAL_RCC_GetPCLK2Freq                   0x080026b0   Section        0  stm32f1xx_hal_rcc.o(i.HAL_RCC_GetPCLK2Freq)
    i.HAL_RCC_GetSysClockFreq                0x080026d0   Section        0  stm32f1xx_hal_rcc.o(i.HAL_RCC_GetSysClockFreq)
    i.HAL_RCC_OscConfig                      0x0800273c   Section        0  stm32f1xx_hal_rcc.o(i.HAL_RCC_OscConfig)
    i.HAL_SYSTICK_Config                     0x08002a5c   Section        0  stm32f1xx_hal_cortex.o(i.HAL_SYSTICK_Config)
    i.HAL_TIMEx_MasterConfigSynchronization  0x08002a84   Section        0  stm32f1xx_hal_tim_ex.o(i.HAL_TIMEx_MasterConfigSynchronization)
    i.HAL_TIM_Base_Init                      0x08002ac6   Section        0  stm32f1xx_hal_tim.o(i.HAL_TIM_Base_Init)
    i.HAL_TIM_Base_MspInit                   0x08002afc   Section        0  tim.o(i.HAL_TIM_Base_MspInit)
    i.HAL_TIM_ConfigClockSource              0x08002b24   Section        0  stm32f1xx_hal_tim.o(i.HAL_TIM_ConfigClockSource)
    i.HAL_TIM_MspPostInit                    0x08002bfc   Section        0  tim.o(i.HAL_TIM_MspPostInit)
    i.HAL_TIM_PWM_ConfigChannel              0x08002c48   Section        0  stm32f1xx_hal_tim.o(i.HAL_TIM_PWM_ConfigChannel)
    i.HAL_TIM_PWM_Init                       0x08002d18   Section        0  stm32f1xx_hal_tim.o(i.HAL_TIM_PWM_Init)
    i.HAL_TIM_PWM_MspInit                    0x08002d4e   Section        0  stm32f1xx_hal_tim.o(i.HAL_TIM_PWM_MspInit)
    i.HAL_TIM_PWM_Start                      0x08002d50   Section        0  stm32f1xx_hal_tim.o(i.HAL_TIM_PWM_Start)
    i.HAL_UART_ErrorCallback                 0x08002d88   Section        0  stm32f1xx_hal_uart.o(i.HAL_UART_ErrorCallback)
    i.HAL_UART_IRQHandler                    0x08002d8c   Section        0  stm32f1xx_hal_uart.o(i.HAL_UART_IRQHandler)
    i.HAL_UART_Init                          0x08002e9c   Section        0  stm32f1xx_hal_uart.o(i.HAL_UART_Init)
    i.HAL_UART_MspInit                       0x08002f00   Section        0  usart.o(i.HAL_UART_MspInit)
    i.HAL_UART_Receive_IT                    0x08002ff0   Section        0  stm32f1xx_hal_uart.o(i.HAL_UART_Receive_IT)
    i.HAL_UART_RxCpltCallback                0x08003044   Section        0  bt04a.o(i.HAL_UART_RxCpltCallback)
    i.HAL_UART_Transmit                      0x08003068   Section        0  stm32f1xx_hal_uart.o(i.HAL_UART_Transmit)
    i.HAL_UART_TxCpltCallback                0x08003122   Section        0  stm32f1xx_hal_uart.o(i.HAL_UART_TxCpltCallback)
    i.HardFault_Handler                      0x08003124   Section        0  stm32f1xx_it.o(i.HardFault_Handler)
    i.IIC_delay                              0x08003126   Section        0  oled.o(i.IIC_delay)
    i.MX_ADC1_Init                           0x08003130   Section        0  adc.o(i.MX_ADC1_Init)
    i.MX_GPIO_Init                           0x08003198   Section        0  gpio.o(i.MX_GPIO_Init)
    i.MX_TIM3_Init                           0x0800326c   Section        0  tim.o(i.MX_TIM3_Init)
    i.MX_USART1_UART_Init                    0x0800330c   Section        0  usart.o(i.MX_USART1_UART_Init)
    i.MX_USART2_UART_Init                    0x08003344   Section        0  usart.o(i.MX_USART2_UART_Init)
    i.MemManage_Handler                      0x0800337c   Section        0  stm32f1xx_it.o(i.MemManage_Handler)
    i.NMI_Handler                            0x0800337e   Section        0  stm32f1xx_it.o(i.NMI_Handler)
    i.OLED_Clear                             0x08003380   Section        0  oled.o(i.OLED_Clear)
    i.OLED_DrawPoint                         0x080033ac   Section        0  oled.o(i.OLED_DrawPoint)
    i.OLED_I2C_Start                         0x080033d8   Section        0  oled.o(i.OLED_I2C_Start)
    i.OLED_I2C_Stop                          0x0800341c   Section        0  oled.o(i.OLED_I2C_Stop)
    i.OLED_I2C_WaitAck                       0x08003450   Section        0  oled.o(i.OLED_I2C_WaitAck)
    i.OLED_Init                              0x08003488   Section        0  oled.o(i.OLED_Init)
    i.OLED_Poce                              0x08003568   Section        0  main.o(i.OLED_Poce)
    i.OLED_Pow                               0x08003788   Section        0  oled.o(i.OLED_Pow)
    i.OLED_Refresh                           0x08003798   Section        0  oled.o(i.OLED_Refresh)
    i.OLED_Send_Byte                         0x08003800   Section        0  oled.o(i.OLED_Send_Byte)
    i.OLED_ShowChar                          0x08003854   Section        0  oled.o(i.OLED_ShowChar)
    i.OLED_ShowChinese                       0x08003940   Section        0  oled.o(i.OLED_ShowChinese)
    i.OLED_ShowNum                           0x08003a1c   Section        0  oled.o(i.OLED_ShowNum)
    i.OLED_ShowString                        0x08003a8e   Section        0  oled.o(i.OLED_ShowString)
    i.OLED_WR_Byte                           0x08003ace   Section        0  oled.o(i.OLED_WR_Byte)
    i.PendSV_Handler                         0x08003b04   Section        0  stm32f1xx_it.o(i.PendSV_Handler)
    i.SVC_Handler                            0x08003b06   Section        0  stm32f1xx_it.o(i.SVC_Handler)
    i.Servo_SetAngle                         0x08003b08   Section        0  sg90.o(i.Servo_SetAngle)
    i.SysTick_Handler                        0x08003b30   Section        0  stm32f1xx_it.o(i.SysTick_Handler)
    i.SystemClock_Config                     0x08003ba8   Section        0  main.o(i.SystemClock_Config)
    i.SystemInit                             0x08003c20   Section        0  system_stm32f1xx.o(i.SystemInit)
    i.TIM_Base_SetConfig                     0x08003c24   Section        0  stm32f1xx_hal_tim.o(i.TIM_Base_SetConfig)
    i.TIM_CCxChannelCmd                      0x08003c90   Section        0  stm32f1xx_hal_tim.o(i.TIM_CCxChannelCmd)
    i.TIM_ETR_SetConfig                      0x08003caa   Section        0  stm32f1xx_hal_tim.o(i.TIM_ETR_SetConfig)
    i.TIM_ITRx_SetConfig                     0x08003cbe   Section        0  stm32f1xx_hal_tim.o(i.TIM_ITRx_SetConfig)
    TIM_ITRx_SetConfig                       0x08003cbf   Thumb Code    16  stm32f1xx_hal_tim.o(i.TIM_ITRx_SetConfig)
    i.TIM_OC1_SetConfig                      0x08003cd0   Section        0  stm32f1xx_hal_tim.o(i.TIM_OC1_SetConfig)
    TIM_OC1_SetConfig                        0x08003cd1   Thumb Code    74  stm32f1xx_hal_tim.o(i.TIM_OC1_SetConfig)
    i.TIM_OC2_SetConfig                      0x08003d20   Section        0  stm32f1xx_hal_tim.o(i.TIM_OC2_SetConfig)
    i.TIM_OC3_SetConfig                      0x08003d78   Section        0  stm32f1xx_hal_tim.o(i.TIM_OC3_SetConfig)
    TIM_OC3_SetConfig                        0x08003d79   Thumb Code    82  stm32f1xx_hal_tim.o(i.TIM_OC3_SetConfig)
    i.TIM_OC4_SetConfig                      0x08003dd0   Section        0  stm32f1xx_hal_tim.o(i.TIM_OC4_SetConfig)
    TIM_OC4_SetConfig                        0x08003dd1   Thumb Code    64  stm32f1xx_hal_tim.o(i.TIM_OC4_SetConfig)
    i.TIM_TI1_ConfigInputStage               0x08003e14   Section        0  stm32f1xx_hal_tim.o(i.TIM_TI1_ConfigInputStage)
    TIM_TI1_ConfigInputStage                 0x08003e15   Thumb Code    34  stm32f1xx_hal_tim.o(i.TIM_TI1_ConfigInputStage)
    i.TIM_TI2_ConfigInputStage               0x08003e36   Section        0  stm32f1xx_hal_tim.o(i.TIM_TI2_ConfigInputStage)
    TIM_TI2_ConfigInputStage                 0x08003e37   Thumb Code    36  stm32f1xx_hal_tim.o(i.TIM_TI2_ConfigInputStage)
    i.UART_DMAAbortOnError                   0x08003e5a   Section        0  stm32f1xx_hal_uart.o(i.UART_DMAAbortOnError)
    UART_DMAAbortOnError                     0x08003e5b   Thumb Code    16  stm32f1xx_hal_uart.o(i.UART_DMAAbortOnError)
    i.UART_EndRxTransfer                     0x08003e6a   Section        0  stm32f1xx_hal_uart.o(i.UART_EndRxTransfer)
    UART_EndRxTransfer                       0x08003e6b   Thumb Code    28  stm32f1xx_hal_uart.o(i.UART_EndRxTransfer)
    i.UART_Receive_IT                        0x08003e86   Section        0  stm32f1xx_hal_uart.o(i.UART_Receive_IT)
    UART_Receive_IT                          0x08003e87   Thumb Code   150  stm32f1xx_hal_uart.o(i.UART_Receive_IT)
    i.UART_SetConfig                         0x08003f1c   Section        0  stm32f1xx_hal_uart.o(i.UART_SetConfig)
    UART_SetConfig                           0x08003f1d   Thumb Code   178  stm32f1xx_hal_uart.o(i.UART_SetConfig)
    i.UART_Transmit_IT                       0x08003fd4   Section        0  stm32f1xx_hal_uart.o(i.UART_Transmit_IT)
    UART_Transmit_IT                         0x08003fd5   Thumb Code    98  stm32f1xx_hal_uart.o(i.UART_Transmit_IT)
    i.UART_WaitOnFlagUntilTimeout            0x08004036   Section        0  stm32f1xx_hal_uart.o(i.UART_WaitOnFlagUntilTimeout)
    UART_WaitOnFlagUntilTimeout              0x08004037   Thumb Code   100  stm32f1xx_hal_uart.o(i.UART_WaitOnFlagUntilTimeout)
    i.USART1_IRQHandler                      0x0800409c   Section        0  stm32f1xx_it.o(i.USART1_IRQHandler)
    i.USART2_IRQHandler                      0x080040a8   Section        0  stm32f1xx_it.o(i.USART2_IRQHandler)
    i.UsageFault_Handler                     0x080040b4   Section        0  stm32f1xx_it.o(i.UsageFault_Handler)
    i.__ARM_fpclassify                       0x080040b6   Section        0  fpclassify.o(i.__ARM_fpclassify)
    i.__NVIC_SetPriority                     0x080040de   Section        0  stm32f1xx_hal_cortex.o(i.__NVIC_SetPriority)
    __NVIC_SetPriority                       0x080040df   Thumb Code    32  stm32f1xx_hal_cortex.o(i.__NVIC_SetPriority)
    i._is_digit                              0x080040fe   Section        0  __printf_wp.o(i._is_digit)
    i.adc_read                               0x0800410c   Section        0  adc.o(i.adc_read)
    i.main                                   0x08004190   Section        0  main.o(i.main)
    locale$$code                             0x080041e4   Section       44  lc_numeric_c.o(locale$$code)
    x$fpl$dfix                               0x08004210   Section       94  dfix.o(x$fpl$dfix)
    x$fpl$dflt                               0x0800426e   Section       46  dflt_clz.o(x$fpl$dflt)
    x$fpl$dmul                               0x0800429c   Section      340  dmul.o(x$fpl$dmul)
    x$fpl$dnaninf                            0x080043f0   Section      156  dnaninf.o(x$fpl$dnaninf)
    x$fpl$dretinf                            0x0800448c   Section       12  dretinf.o(x$fpl$dretinf)
    x$fpl$f2d                                0x08004498   Section       86  f2d.o(x$fpl$f2d)
    x$fpl$fcheck1                            0x080044f0   Section       12  fcheck1.o(x$fpl$fcheck1)
    x$fpl$fdiv                               0x080044fc   Section      388  fdiv.o(x$fpl$fdiv)
    _fdiv1                                   0x080044fd   Thumb Code     0  fdiv.o(x$fpl$fdiv)
    x$fpl$ffix                               0x08004680   Section       54  ffix.o(x$fpl$ffix)
    x$fpl$fflt                               0x080046b8   Section       48  fflt_clz.o(x$fpl$fflt)
    x$fpl$ffltu                              0x080046e8   Section       38  fflt_clz.o(x$fpl$ffltu)
    x$fpl$fmul                               0x08004710   Section      258  fmul.o(x$fpl$fmul)
    x$fpl$fnaninf                            0x08004812   Section      140  fnaninf.o(x$fpl$fnaninf)
    x$fpl$fretinf                            0x0800489e   Section       10  fretinf.o(x$fpl$fretinf)
    x$fpl$printf1                            0x080048a8   Section        4  printf1.o(x$fpl$printf1)
    x$fpl$retnan                             0x080048ac   Section      100  retnan.o(x$fpl$retnan)
    x$fpl$scalbnf                            0x08004910   Section       76  scalbnf.o(x$fpl$scalbnf)
    x$fpl$trapveneer                         0x0800495c   Section       48  trapv.o(x$fpl$trapveneer)
    .constdata                               0x0800498c   Section       16  system_stm32f1xx.o(.constdata)
    x$fpl$usenofp                            0x0800498c   Section        0  usenofp.o(x$fpl$usenofp)
    .constdata                               0x0800499c   Section        8  system_stm32f1xx.o(.constdata)
    .constdata                               0x080049a4   Section     8496  oled.o(.constdata)
    .constdata                               0x08006ad4   Section      148  bigflt0.o(.constdata)
    tenpwrs_x                                0x08006ad4   Data          60  bigflt0.o(.constdata)
    tenpwrs_i                                0x08006b10   Data          64  bigflt0.o(.constdata)
    locale$$data                             0x08006b88   Section       28  lc_numeric_c.o(locale$$data)
    __lcnum_c_name                           0x08006b8c   Data           2  lc_numeric_c.o(locale$$data)
    __lcnum_c_start                          0x08006b94   Data           0  lc_numeric_c.o(locale$$data)
    __lcnum_c_point                          0x08006ba0   Data           0  lc_numeric_c.o(locale$$data)
    __lcnum_c_thousands                      0x08006ba2   Data           0  lc_numeric_c.o(locale$$data)
    __lcnum_c_grouping                       0x08006ba3   Data           0  lc_numeric_c.o(locale$$data)
    __lcnum_c_end                            0x08006ba4   Data           0  lc_numeric_c.o(locale$$data)
    .data                                    0x20000000   Section       16  main.o(.data)
    .data                                    0x20000010   Section        8  adc.o(.data)
    .data                                    0x20000018   Section       12  stm32f1xx_hal.o(.data)
    .data                                    0x20000024   Section        4  system_stm32f1xx.o(.data)
    .data                                    0x20000028   Section        2  bt04a.o(.data)
    .data                                    0x2000002a   Section        1  ds18b20.o(.data)
    dwt_initialized                          0x2000002a   Data           1  ds18b20.o(.data)
    .bss                                     0x2000002c   Section      100  main.o(.bss)
    .bss                                     0x20000090   Section       48  adc.o(.bss)
    .bss                                     0x200000c0   Section       64  tim.o(.bss)
    .bss                                     0x20000100   Section      128  usart.o(.bss)
    .bss                                     0x20000180   Section     1152  oled.o(.bss)
    .bss                                     0x20000600   Section      200  bt04a.o(.bss)
    .bss                                     0x200006c8   Section       96  libspace.o(.bss)
    HEAP                                     0x20000728   Section      512  startup_stm32f103xb.o(HEAP)
    Heap_Mem                                 0x20000728   Data         512  startup_stm32f103xb.o(HEAP)
    STACK                                    0x20000928   Section     1024  startup_stm32f103xb.o(STACK)
    Stack_Mem                                0x20000928   Data        1024  startup_stm32f103xb.o(STACK)
    __initial_sp                             0x20000d28   Data           0  startup_stm32f103xb.o(STACK)

    Global Symbols

    Symbol Name                              Value     Ov Type        Size  Object(Section)

    BuildAttributes$$THM_ISAv4$P$D$K$B$S$PE$A:L22UL41UL21$X:L11$S22US41US21$IEEE1$IW$USESV6$~STKCKD$USESV7$~SHL$OTIME$ROPI$IEEEJ$EBA8$UX$STANDARDLIB$REQ8$PRES8$EABIv2 0x00000000   Number         0  anon$$obj.o ABSOLUTE
    __ARM_use_no_argv                        0x00000000   Number         0  main.o ABSOLUTE
    _printf_flags                            0x00000000   Number         0  printf_stubs.o ABSOLUTE
    _printf_return_value                     0x00000000   Number         0  printf_stubs.o ABSOLUTE
    _printf_sizespec                         0x00000000   Number         0  printf_stubs.o ABSOLUTE
    _printf_widthprec                        0x00000000   Number         0  printf_stubs.o ABSOLUTE
    __ARM_exceptions_init                     - Undefined Weak Reference
    __alloca_initialize                       - Undefined Weak Reference
    __arm_fini_                               - Undefined Weak Reference
    __arm_preinit_                            - Undefined Weak Reference
    __cpp_initialize__aeabi_                  - Undefined Weak Reference
    __cxa_finalize                            - Undefined Weak Reference
    __sigvec_lookup                           - Undefined Weak Reference
    _atexit_init                              - Undefined Weak Reference
    _call_atexit_fns                          - Undefined Weak Reference
    _clock_init                               - Undefined Weak Reference
    _fp_trap_init                             - Undefined Weak Reference
    _fp_trap_shutdown                         - Undefined Weak Reference
    _get_lc_collate                           - Undefined Weak Reference
    _get_lc_ctype                             - Undefined Weak Reference
    _get_lc_monetary                          - Undefined Weak Reference
    _get_lc_time                              - Undefined Weak Reference
    _getenv_init                              - Undefined Weak Reference
    _handle_redirection                       - Undefined Weak Reference
    _init_alloc                               - Undefined Weak Reference
    _init_user_alloc                          - Undefined Weak Reference
    _initio                                   - Undefined Weak Reference
    _printf_mbtowc                            - Undefined Weak Reference
    _printf_post_padding                      - Undefined Weak Reference
    _printf_pre_padding                       - Undefined Weak Reference
    _printf_truncate_signed                   - Undefined Weak Reference
    _printf_truncate_unsigned                 - Undefined Weak Reference
    _rand_init                                - Undefined Weak Reference
    _signal_finish                            - Undefined Weak Reference
    _signal_init                              - Undefined Weak Reference
    _terminate_alloc                          - Undefined Weak Reference
    _terminate_user_alloc                     - Undefined Weak Reference
    _terminateio                              - Undefined Weak Reference
    __Vectors_Size                           0x000000ec   Number         0  startup_stm32f103xb.o ABSOLUTE
    __Vectors                                0x08000000   Data           4  startup_stm32f103xb.o(RESET)
    __Vectors_End                            0x080000ec   Data           0  startup_stm32f103xb.o(RESET)
    __main                                   0x080000ed   Thumb Code     8  __main.o(!!!main)
    __scatterload                            0x080000f5   Thumb Code     0  __scatter.o(!!!scatter)
    __scatterload_rt2                        0x080000f5   Thumb Code    44  __scatter.o(!!!scatter)
    __scatterload_rt2_thumb_only             0x080000f5   Thumb Code     0  __scatter.o(!!!scatter)
    __scatterload_null                       0x08000103   Thumb Code     0  __scatter.o(!!!scatter)
    __scatterload_copy                       0x08000129   Thumb Code    26  __scatter_copy.o(!!handler_copy)
    __scatterload_zeroinit                   0x08000145   Thumb Code    28  __scatter_zi.o(!!handler_zi)
    _printf_f                                0x08000161   Thumb Code     0  _printf_f.o(.ARM.Collect$$_printf_percent$$00000003)
    _printf_percent                          0x08000161   Thumb Code     0  _printf_percent.o(.ARM.Collect$$_printf_percent$$00000000)
    _printf_d                                0x08000167   Thumb Code     0  _printf_d.o(.ARM.Collect$$_printf_percent$$00000009)
    _printf_s                                0x0800016d   Thumb Code     0  _printf_s.o(.ARM.Collect$$_printf_percent$$00000014)
    _printf_percent_end                      0x08000173   Thumb Code     0  _printf_percent_end.o(.ARM.Collect$$_printf_percent$$00000017)
    __rt_lib_init                            0x08000177   Thumb Code     0  libinit.o(.ARM.Collect$$libinit$$00000000)
    __rt_lib_init_fp_1                       0x08000179   Thumb Code     0  libinit2.o(.ARM.Collect$$libinit$$00000002)
    __rt_lib_init_heap_1                     0x08000179   Thumb Code     0  libinit2.o(.ARM.Collect$$libinit$$0000000A)
    __rt_lib_init_lc_common                  0x08000179   Thumb Code     0  libinit2.o(.ARM.Collect$$libinit$$0000000F)
    __rt_lib_init_preinit_1                  0x08000179   Thumb Code     0  libinit2.o(.ARM.Collect$$libinit$$00000004)
    __rt_lib_init_rand_1                     0x08000179   Thumb Code     0  libinit2.o(.ARM.Collect$$libinit$$0000000E)
    __rt_lib_init_user_alloc_1               0x08000179   Thumb Code     0  libinit2.o(.ARM.Collect$$libinit$$0000000C)
    __rt_lib_init_lc_collate_1               0x0800017f   Thumb Code     0  libinit2.o(.ARM.Collect$$libinit$$00000011)
    __rt_lib_init_lc_ctype_1                 0x0800017f   Thumb Code     0  libinit2.o(.ARM.Collect$$libinit$$00000013)
    __rt_lib_init_lc_monetary_1              0x0800017f   Thumb Code     0  libinit2.o(.ARM.Collect$$libinit$$00000015)
    __rt_lib_init_lc_numeric_2               0x0800017f   Thumb Code     0  libinit2.o(.ARM.Collect$$libinit$$00000016)
    __rt_lib_init_alloca_1                   0x08000189   Thumb Code     0  libinit2.o(.ARM.Collect$$libinit$$0000002E)
    __rt_lib_init_argv_1                     0x08000189   Thumb Code     0  libinit2.o(.ARM.Collect$$libinit$$0000002C)
    __rt_lib_init_atexit_1                   0x08000189   Thumb Code     0  libinit2.o(.ARM.Collect$$libinit$$0000001B)
    __rt_lib_init_clock_1                    0x08000189   Thumb Code     0  libinit2.o(.ARM.Collect$$libinit$$00000021)
    __rt_lib_init_cpp_1                      0x08000189   Thumb Code     0  libinit2.o(.ARM.Collect$$libinit$$00000032)
    __rt_lib_init_exceptions_1               0x08000189   Thumb Code     0  libinit2.o(.ARM.Collect$$libinit$$00000030)
    __rt_lib_init_fp_trap_1                  0x08000189   Thumb Code     0  libinit2.o(.ARM.Collect$$libinit$$0000001F)
    __rt_lib_init_getenv_1                   0x08000189   Thumb Code     0  libinit2.o(.ARM.Collect$$libinit$$00000023)
    __rt_lib_init_lc_numeric_1               0x08000189   Thumb Code     0  libinit2.o(.ARM.Collect$$libinit$$00000017)
    __rt_lib_init_lc_time_1                  0x08000189   Thumb Code     0  libinit2.o(.ARM.Collect$$libinit$$00000019)
    __rt_lib_init_return                     0x08000189   Thumb Code     0  libinit2.o(.ARM.Collect$$libinit$$00000033)
    __rt_lib_init_signal_1                   0x08000189   Thumb Code     0  libinit2.o(.ARM.Collect$$libinit$$0000001D)
    __rt_lib_init_stdio_1                    0x08000189   Thumb Code     0  libinit2.o(.ARM.Collect$$libinit$$00000025)
    __rt_lib_shutdown                        0x0800018b   Thumb Code     0  libshutdown.o(.ARM.Collect$$libshutdown$$00000000)
    __rt_lib_shutdown_cpp_1                  0x0800018d   Thumb Code     0  libshutdown2.o(.ARM.Collect$$libshutdown$$00000004)
    __rt_lib_shutdown_fini_1                 0x0800018d   Thumb Code     0  libshutdown2.o(.ARM.Collect$$libshutdown$$00000002)
    __rt_lib_shutdown_fp_trap_1              0x0800018d   Thumb Code     0  libshutdown2.o(.ARM.Collect$$libshutdown$$00000009)
    __rt_lib_shutdown_heap_1                 0x0800018d   Thumb Code     0  libshutdown2.o(.ARM.Collect$$libshutdown$$00000011)
    __rt_lib_shutdown_return                 0x0800018d   Thumb Code     0  libshutdown2.o(.ARM.Collect$$libshutdown$$00000012)
    __rt_lib_shutdown_signal_1               0x0800018d   Thumb Code     0  libshutdown2.o(.ARM.Collect$$libshutdown$$0000000C)
    __rt_lib_shutdown_stdio_1                0x0800018d   Thumb Code     0  libshutdown2.o(.ARM.Collect$$libshutdown$$00000006)
    __rt_lib_shutdown_user_alloc_1           0x0800018d   Thumb Code     0  libshutdown2.o(.ARM.Collect$$libshutdown$$0000000E)
    __rt_entry                               0x0800018f   Thumb Code     0  __rtentry.o(.ARM.Collect$$rtentry$$00000000)
    __rt_entry_presh_1                       0x0800018f   Thumb Code     0  __rtentry2.o(.ARM.Collect$$rtentry$$00000002)
    __rt_entry_sh                            0x0800018f   Thumb Code     0  __rtentry4.o(.ARM.Collect$$rtentry$$00000004)
    __rt_entry_li                            0x08000195   Thumb Code     0  __rtentry2.o(.ARM.Collect$$rtentry$$0000000A)
    __rt_entry_postsh_1                      0x08000195   Thumb Code     0  __rtentry2.o(.ARM.Collect$$rtentry$$00000009)
    __rt_entry_main                          0x08000199   Thumb Code     0  __rtentry2.o(.ARM.Collect$$rtentry$$0000000D)
    __rt_entry_postli_1                      0x08000199   Thumb Code     0  __rtentry2.o(.ARM.Collect$$rtentry$$0000000C)
    __rt_exit                                0x080001a1   Thumb Code     0  rtexit.o(.ARM.Collect$$rtexit$$00000000)
    __rt_exit_ls                             0x080001a3   Thumb Code     0  rtexit2.o(.ARM.Collect$$rtexit$$00000003)
    __rt_exit_prels_1                        0x080001a3   Thumb Code     0  rtexit2.o(.ARM.Collect$$rtexit$$00000002)
    __rt_exit_exit                           0x080001a7   Thumb Code     0  rtexit2.o(.ARM.Collect$$rtexit$$00000004)
    Reset_Handler                            0x080001ad   Thumb Code     8  startup_stm32f103xb.o(.text)
    ADC1_2_IRQHandler                        0x080001c7   Thumb Code     0  startup_stm32f103xb.o(.text)
    CAN1_RX1_IRQHandler                      0x080001c7   Thumb Code     0  startup_stm32f103xb.o(.text)
    CAN1_SCE_IRQHandler                      0x080001c7   Thumb Code     0  startup_stm32f103xb.o(.text)
    DMA1_Channel1_IRQHandler                 0x080001c7   Thumb Code     0  startup_stm32f103xb.o(.text)
    DMA1_Channel2_IRQHandler                 0x080001c7   Thumb Code     0  startup_stm32f103xb.o(.text)
    DMA1_Channel3_IRQHandler                 0x080001c7   Thumb Code     0  startup_stm32f103xb.o(.text)
    DMA1_Channel4_IRQHandler                 0x080001c7   Thumb Code     0  startup_stm32f103xb.o(.text)
    DMA1_Channel5_IRQHandler                 0x080001c7   Thumb Code     0  startup_stm32f103xb.o(.text)
    DMA1_Channel6_IRQHandler                 0x080001c7   Thumb Code     0  startup_stm32f103xb.o(.text)
    DMA1_Channel7_IRQHandler                 0x080001c7   Thumb Code     0  startup_stm32f103xb.o(.text)
    EXTI0_IRQHandler                         0x080001c7   Thumb Code     0  startup_stm32f103xb.o(.text)
    EXTI15_10_IRQHandler                     0x080001c7   Thumb Code     0  startup_stm32f103xb.o(.text)
    EXTI1_IRQHandler                         0x080001c7   Thumb Code     0  startup_stm32f103xb.o(.text)
    EXTI2_IRQHandler                         0x080001c7   Thumb Code     0  startup_stm32f103xb.o(.text)
    EXTI3_IRQHandler                         0x080001c7   Thumb Code     0  startup_stm32f103xb.o(.text)
    EXTI4_IRQHandler                         0x080001c7   Thumb Code     0  startup_stm32f103xb.o(.text)
    EXTI9_5_IRQHandler                       0x080001c7   Thumb Code     0  startup_stm32f103xb.o(.text)
    FLASH_IRQHandler                         0x080001c7   Thumb Code     0  startup_stm32f103xb.o(.text)
    I2C1_ER_IRQHandler                       0x080001c7   Thumb Code     0  startup_stm32f103xb.o(.text)
    I2C1_EV_IRQHandler                       0x080001c7   Thumb Code     0  startup_stm32f103xb.o(.text)
    I2C2_ER_IRQHandler                       0x080001c7   Thumb Code     0  startup_stm32f103xb.o(.text)
    I2C2_EV_IRQHandler                       0x080001c7   Thumb Code     0  startup_stm32f103xb.o(.text)
    PVD_IRQHandler                           0x080001c7   Thumb Code     0  startup_stm32f103xb.o(.text)
    RCC_IRQHandler                           0x080001c7   Thumb Code     0  startup_stm32f103xb.o(.text)
    RTC_Alarm_IRQHandler                     0x080001c7   Thumb Code     0  startup_stm32f103xb.o(.text)
    RTC_IRQHandler                           0x080001c7   Thumb Code     0  startup_stm32f103xb.o(.text)
    SPI1_IRQHandler                          0x080001c7   Thumb Code     0  startup_stm32f103xb.o(.text)
    SPI2_IRQHandler                          0x080001c7   Thumb Code     0  startup_stm32f103xb.o(.text)
    TAMPER_IRQHandler                        0x080001c7   Thumb Code     0  startup_stm32f103xb.o(.text)
    TIM1_BRK_IRQHandler                      0x080001c7   Thumb Code     0  startup_stm32f103xb.o(.text)
    TIM1_CC_IRQHandler                       0x080001c7   Thumb Code     0  startup_stm32f103xb.o(.text)
    TIM1_TRG_COM_IRQHandler                  0x080001c7   Thumb Code     0  startup_stm32f103xb.o(.text)
    TIM1_UP_IRQHandler                       0x080001c7   Thumb Code     0  startup_stm32f103xb.o(.text)
    TIM2_IRQHandler                          0x080001c7   Thumb Code     0  startup_stm32f103xb.o(.text)
    TIM3_IRQHandler                          0x080001c7   Thumb Code     0  startup_stm32f103xb.o(.text)
    TIM4_IRQHandler                          0x080001c7   Thumb Code     0  startup_stm32f103xb.o(.text)
    USART3_IRQHandler                        0x080001c7   Thumb Code     0  startup_stm32f103xb.o(.text)
    USBWakeUp_IRQHandler                     0x080001c7   Thumb Code     0  startup_stm32f103xb.o(.text)
    USB_HP_CAN1_TX_IRQHandler                0x080001c7   Thumb Code     0  startup_stm32f103xb.o(.text)
    USB_LP_CAN1_RX0_IRQHandler               0x080001c7   Thumb Code     0  startup_stm32f103xb.o(.text)
    WWDG_IRQHandler                          0x080001c7   Thumb Code     0  startup_stm32f103xb.o(.text)
    __user_initial_stackheap                 0x080001c9   Thumb Code     0  startup_stm32f103xb.o(.text)
    __2sprintf                               0x080001ed   Thumb Code    34  noretval__2sprintf.o(.text)
    _printf_str                              0x08000215   Thumb Code    82  _printf_str.o(.text)
    _printf_int_dec                          0x08000269   Thumb Code   104  _printf_dec.o(.text)
    __printf                                 0x080002e1   Thumb Code   270  __printf_wp.o(.text)
    strlen                                   0x080003ef   Thumb Code    62  strlen.o(.text)
    __aeabi_memclr4                          0x0800042d   Thumb Code     0  rt_memclr_w.o(.text)
    __aeabi_memclr8                          0x0800042d   Thumb Code     0  rt_memclr_w.o(.text)
    __rt_memclr_w                            0x0800042d   Thumb Code    78  rt_memclr_w.o(.text)
    _memset_w                                0x08000431   Thumb Code     0  rt_memclr_w.o(.text)
    __use_two_region_memory                  0x0800047b   Thumb Code     2  heapauxi.o(.text)
    __rt_heap_escrow$2region                 0x0800047d   Thumb Code     2  heapauxi.o(.text)
    __rt_heap_expand$2region                 0x0800047f   Thumb Code     2  heapauxi.o(.text)
    _printf_int_common                       0x08000481   Thumb Code   178  _printf_intcommon.o(.text)
    __lib_sel_fp_printf                      0x08000533   Thumb Code     2  _printf_fp_dec.o(.text)
    _printf_fp_dec_real                      0x080006e5   Thumb Code   620  _printf_fp_dec.o(.text)
    _printf_char_common                      0x0800095b   Thumb Code    32  _printf_char_common.o(.text)
    _sputc                                   0x08000981   Thumb Code    10  _sputc.o(.text)
    _printf_cs_common                        0x0800098b   Thumb Code    20  _printf_char.o(.text)
    _printf_char                             0x0800099f   Thumb Code    16  _printf_char.o(.text)
    _printf_string                           0x080009af   Thumb Code     8  _printf_char.o(.text)
    __rt_locale                              0x080009b9   Thumb Code     8  rt_locale_intlibspace.o(.text)
    _ll_udiv10                               0x080009c1   Thumb Code   138  lludiv10.o(.text)
    _printf_fp_infnan                        0x08000a4d   Thumb Code   112  _printf_fp_infnan.o(.text)
    _btod_etento                             0x08000acd   Thumb Code   224  bigflt0.o(.text)
    __user_libspace                          0x08000bb1   Thumb Code     8  libspace.o(.text)
    __user_perproc_libspace                  0x08000bb1   Thumb Code     0  libspace.o(.text)
    __user_perthread_libspace                0x08000bb1   Thumb Code     0  libspace.o(.text)
    __user_setup_stackheap                   0x08000bb9   Thumb Code    74  sys_stackheap_outer.o(.text)
    exit                                     0x08000c03   Thumb Code    18  exit.o(.text)
    strcmp                                   0x08000c15   Thumb Code   128  strcmpv7m.o(.text)
    _sys_exit                                0x08000c95   Thumb Code     8  sys_exit.o(.text)
    __I$use$semihosting                      0x08000ca1   Thumb Code     0  use_no_semi.o(.text)
    __use_no_semihosting_swi                 0x08000ca1   Thumb Code     2  use_no_semi.o(.text)
    __semihosting_library_function           0x08000ca3   Thumb Code     0  indicate_semi.o(.text)
    _btod_d2e                                0x08000ca3   Thumb Code    62  btod.o(CL$$btod_d2e)
    _d2e_denorm_low                          0x08000ce1   Thumb Code    70  btod.o(CL$$btod_d2e_denorm_low)
    _d2e_norm_op1                            0x08000d27   Thumb Code    96  btod.o(CL$$btod_d2e_norm_op1)
    __btod_div_common                        0x08000d87   Thumb Code   696  btod.o(CL$$btod_div_common)
    _e2e                                     0x080010bf   Thumb Code   220  btod.o(CL$$btod_e2e)
    _btod_ediv                               0x0800119b   Thumb Code    42  btod.o(CL$$btod_ediv)
    _btod_emul                               0x080011c5   Thumb Code    42  btod.o(CL$$btod_emul)
    __btod_mult_common                       0x080011ef   Thumb Code   580  btod.o(CL$$btod_mult_common)
    ADC_ConversionStop_Disable               0x08001435   Thumb Code    76  stm32f1xx_hal_adc.o(i.ADC_ConversionStop_Disable)
    ADC_Enable                               0x08001481   Thumb Code   104  stm32f1xx_hal_adc.o(i.ADC_Enable)
    BT04A_DATA_Pro                           0x080014f1   Thumb Code   180  bt04a.o(i.BT04A_DATA_Pro)
    BT04A_Init                               0x08001609   Thumb Code    10  bt04a.o(i.BT04A_Init)
    BT04A_SendString                         0x0800161d   Thumb Code    40  bt04a.o(i.BT04A_SendString)
    BusFault_Handler                         0x08001649   Thumb Code     2  stm32f1xx_it.o(i.BusFault_Handler)
    DATA_Poce                                0x0800164d   Thumb Code   254  main.o(i.DATA_Poce)
    DS18B20_Check                            0x08001765   Thumb Code    94  ds18b20.o(i.DS18B20_Check)
    DS18B20_GPIO_IN                          0x080017c9   Thumb Code    50  ds18b20.o(i.DS18B20_GPIO_IN)
    DS18B20_GPIO_OUT                         0x08001805   Thumb Code    52  ds18b20.o(i.DS18B20_GPIO_OUT)
    DS18B20_Get_Temp                         0x08001841   Thumb Code    88  ds18b20.o(i.DS18B20_Get_Temp)
    DS18B20_Init                             0x0800189d   Thumb Code    14  ds18b20.o(i.DS18B20_Init)
    DS18B20_RST                              0x080018ad   Thumb Code    50  ds18b20.o(i.DS18B20_RST)
    DS18B20_Read_Bit                         0x080018e5   Thumb Code    74  ds18b20.o(i.DS18B20_Read_Bit)
    DS18B20_Read_Byte                        0x08001935   Thumb Code    32  ds18b20.o(i.DS18B20_Read_Byte)
    DS18B20_Start                            0x08001955   Thumb Code    26  ds18b20.o(i.DS18B20_Start)
    DS18B20_Write_Byte                       0x08001971   Thumb Code    96  ds18b20.o(i.DS18B20_Write_Byte)
    DWT_Init                                 0x080019d5   Thumb Code    48  ds18b20.o(i.DWT_Init)
    DebugMon_Handler                         0x08001a11   Thumb Code     2  stm32f1xx_it.o(i.DebugMon_Handler)
    Error_Handler                            0x08001a5d   Thumb Code     4  main.o(i.Error_Handler)
    HAL_ADCEx_Calibration_Start              0x08001a61   Thumb Code   194  stm32f1xx_hal_adc_ex.o(i.HAL_ADCEx_Calibration_Start)
    HAL_ADC_ConfigChannel                    0x08001b29   Thumb Code   240  stm32f1xx_hal_adc.o(i.HAL_ADC_ConfigChannel)
    HAL_ADC_GetValue                         0x08001c25   Thumb Code     6  stm32f1xx_hal_adc.o(i.HAL_ADC_GetValue)
    HAL_ADC_Init                             0x08001c2d   Thumb Code   272  stm32f1xx_hal_adc.o(i.HAL_ADC_Init)
    HAL_ADC_MspInit                          0x08001d49   Thumb Code    76  adc.o(i.HAL_ADC_MspInit)
    HAL_ADC_PollForConversion                0x08001da1   Thumb Code   290  stm32f1xx_hal_adc.o(i.HAL_ADC_PollForConversion)
    HAL_ADC_Start                            0x08001ed1   Thumb Code   184  stm32f1xx_hal_adc.o(i.HAL_ADC_Start)
    HAL_ADC_Stop                             0x08001f91   Thumb Code    52  stm32f1xx_hal_adc.o(i.HAL_ADC_Stop)
    HAL_DMA_Abort_IT                         0x08001fc5   Thumb Code   148  stm32f1xx_hal_dma.o(i.HAL_DMA_Abort_IT)
    HAL_Delay                                0x0800205d   Thumb Code    32  stm32f1xx_hal.o(i.HAL_Delay)
    HAL_GPIO_Init                            0x08002081   Thumb Code   446  stm32f1xx_hal_gpio.o(i.HAL_GPIO_Init)
    HAL_GPIO_ReadPin                         0x08002261   Thumb Code    10  stm32f1xx_hal_gpio.o(i.HAL_GPIO_ReadPin)
    HAL_GPIO_WritePin                        0x0800226b   Thumb Code    10  stm32f1xx_hal_gpio.o(i.HAL_GPIO_WritePin)
    HAL_GetTick                              0x08002275   Thumb Code     6  stm32f1xx_hal.o(i.HAL_GetTick)
    HAL_IncTick                              0x08002281   Thumb Code    12  stm32f1xx_hal.o(i.HAL_IncTick)
    HAL_Init                                 0x08002291   Thumb Code    32  stm32f1xx_hal.o(i.HAL_Init)
    HAL_InitTick                             0x080022b5   Thumb Code    54  stm32f1xx_hal.o(i.HAL_InitTick)
    HAL_MspInit                              0x080022f5   Thumb Code    52  stm32f1xx_hal_msp.o(i.HAL_MspInit)
    HAL_NVIC_EnableIRQ                       0x08002331   Thumb Code    26  stm32f1xx_hal_cortex.o(i.HAL_NVIC_EnableIRQ)
    HAL_NVIC_SetPriority                     0x0800234d   Thumb Code    60  stm32f1xx_hal_cortex.o(i.HAL_NVIC_SetPriority)
    HAL_NVIC_SetPriorityGrouping             0x0800238d   Thumb Code    26  stm32f1xx_hal_cortex.o(i.HAL_NVIC_SetPriorityGrouping)
    HAL_RCCEx_GetPeriphCLKFreq               0x080023b1   Thumb Code   166  stm32f1xx_hal_rcc_ex.o(i.HAL_RCCEx_GetPeriphCLKFreq)
    HAL_RCCEx_PeriphCLKConfig                0x08002479   Thumb Code   224  stm32f1xx_hal_rcc_ex.o(i.HAL_RCCEx_PeriphCLKConfig)
    HAL_RCC_ClockConfig                      0x08002565   Thumb Code   280  stm32f1xx_hal_rcc.o(i.HAL_RCC_ClockConfig)
    HAL_RCC_GetPCLK1Freq                     0x08002691   Thumb Code    20  stm32f1xx_hal_rcc.o(i.HAL_RCC_GetPCLK1Freq)
    HAL_RCC_GetPCLK2Freq                     0x080026b1   Thumb Code    20  stm32f1xx_hal_rcc.o(i.HAL_RCC_GetPCLK2Freq)
    HAL_RCC_GetSysClockFreq                  0x080026d1   Thumb Code    74  stm32f1xx_hal_rcc.o(i.HAL_RCC_GetSysClockFreq)
    HAL_RCC_OscConfig                        0x0800273d   Thumb Code   778  stm32f1xx_hal_rcc.o(i.HAL_RCC_OscConfig)
    HAL_SYSTICK_Config                       0x08002a5d   Thumb Code    40  stm32f1xx_hal_cortex.o(i.HAL_SYSTICK_Config)
    HAL_TIMEx_MasterConfigSynchronization    0x08002a85   Thumb Code    66  stm32f1xx_hal_tim_ex.o(i.HAL_TIMEx_MasterConfigSynchronization)
    HAL_TIM_Base_Init                        0x08002ac7   Thumb Code    54  stm32f1xx_hal_tim.o(i.HAL_TIM_Base_Init)
    HAL_TIM_Base_MspInit                     0x08002afd   Thumb Code    30  tim.o(i.HAL_TIM_Base_MspInit)
    HAL_TIM_ConfigClockSource                0x08002b25   Thumb Code   214  stm32f1xx_hal_tim.o(i.HAL_TIM_ConfigClockSource)
    HAL_TIM_MspPostInit                      0x08002bfd   Thumb Code    64  tim.o(i.HAL_TIM_MspPostInit)
    HAL_TIM_PWM_ConfigChannel                0x08002c49   Thumb Code   208  stm32f1xx_hal_tim.o(i.HAL_TIM_PWM_ConfigChannel)
    HAL_TIM_PWM_Init                         0x08002d19   Thumb Code    54  stm32f1xx_hal_tim.o(i.HAL_TIM_PWM_Init)
    HAL_TIM_PWM_MspInit                      0x08002d4f   Thumb Code     2  stm32f1xx_hal_tim.o(i.HAL_TIM_PWM_MspInit)
    HAL_TIM_PWM_Start                        0x08002d51   Thumb Code    52  stm32f1xx_hal_tim.o(i.HAL_TIM_PWM_Start)
    HAL_UART_ErrorCallback                   0x08002d89   Thumb Code     2  stm32f1xx_hal_uart.o(i.HAL_UART_ErrorCallback)
    HAL_UART_IRQHandler                      0x08002d8d   Thumb Code   266  stm32f1xx_hal_uart.o(i.HAL_UART_IRQHandler)
    HAL_UART_Init                            0x08002e9d   Thumb Code    98  stm32f1xx_hal_uart.o(i.HAL_UART_Init)
    HAL_UART_MspInit                         0x08002f01   Thumb Code   214  usart.o(i.HAL_UART_MspInit)
    HAL_UART_Receive_IT                      0x08002ff1   Thumb Code    82  stm32f1xx_hal_uart.o(i.HAL_UART_Receive_IT)
    HAL_UART_RxCpltCallback                  0x08003045   Thumb Code    22  bt04a.o(i.HAL_UART_RxCpltCallback)
    HAL_UART_Transmit                        0x08003069   Thumb Code   186  stm32f1xx_hal_uart.o(i.HAL_UART_Transmit)
    HAL_UART_TxCpltCallback                  0x08003123   Thumb Code     2  stm32f1xx_hal_uart.o(i.HAL_UART_TxCpltCallback)
    HardFault_Handler                        0x08003125   Thumb Code     2  stm32f1xx_it.o(i.HardFault_Handler)
    IIC_delay                                0x08003127   Thumb Code    10  oled.o(i.IIC_delay)
    MX_ADC1_Init                             0x08003131   Thumb Code    94  adc.o(i.MX_ADC1_Init)
    MX_GPIO_Init                             0x08003199   Thumb Code   200  gpio.o(i.MX_GPIO_Init)
    MX_TIM3_Init                             0x0800326d   Thumb Code   150  tim.o(i.MX_TIM3_Init)
    MX_USART1_UART_Init                      0x0800330d   Thumb Code    48  usart.o(i.MX_USART1_UART_Init)
    MX_USART2_UART_Init                      0x08003345   Thumb Code    48  usart.o(i.MX_USART2_UART_Init)
    MemManage_Handler                        0x0800337d   Thumb Code     2  stm32f1xx_it.o(i.MemManage_Handler)
    NMI_Handler                              0x0800337f   Thumb Code     2  stm32f1xx_it.o(i.NMI_Handler)
    OLED_Clear                               0x08003381   Thumb Code    40  oled.o(i.OLED_Clear)
    OLED_DrawPoint                           0x080033ad   Thumb Code    40  oled.o(i.OLED_DrawPoint)
    OLED_I2C_Start                           0x080033d9   Thumb Code    64  oled.o(i.OLED_I2C_Start)
    OLED_I2C_Stop                            0x0800341d   Thumb Code    46  oled.o(i.OLED_I2C_Stop)
    OLED_I2C_WaitAck                         0x08003451   Thumb Code    52  oled.o(i.OLED_I2C_WaitAck)
    OLED_Init                                0x08003489   Thumb Code   224  oled.o(i.OLED_Init)
    OLED_Poce                                0x08003569   Thumb Code   516  main.o(i.OLED_Poce)
    OLED_Pow                                 0x08003789   Thumb Code    16  oled.o(i.OLED_Pow)
    OLED_Refresh                             0x08003799   Thumb Code   100  oled.o(i.OLED_Refresh)
    OLED_Send_Byte                           0x08003801   Thumb Code    78  oled.o(i.OLED_Send_Byte)
    OLED_ShowChar                            0x08003855   Thumb Code   220  oled.o(i.OLED_ShowChar)
    OLED_ShowChinese                         0x08003941   Thumb Code   210  oled.o(i.OLED_ShowChinese)
    OLED_ShowNum                             0x08003a1d   Thumb Code   114  oled.o(i.OLED_ShowNum)
    OLED_ShowString                          0x08003a8f   Thumb Code    64  oled.o(i.OLED_ShowString)
    OLED_WR_Byte                             0x08003acf   Thumb Code    54  oled.o(i.OLED_WR_Byte)
    PendSV_Handler                           0x08003b05   Thumb Code     2  stm32f1xx_it.o(i.PendSV_Handler)
    SVC_Handler                              0x08003b07   Thumb Code     2  stm32f1xx_it.o(i.SVC_Handler)
    Servo_SetAngle                           0x08003b09   Thumb Code    36  sg90.o(i.Servo_SetAngle)
    SysTick_Handler                          0x08003b31   Thumb Code    94  stm32f1xx_it.o(i.SysTick_Handler)
    SystemClock_Config                       0x08003ba9   Thumb Code   120  main.o(i.SystemClock_Config)
    SystemInit                               0x08003c21   Thumb Code     2  system_stm32f1xx.o(i.SystemInit)
    TIM_Base_SetConfig                       0x08003c25   Thumb Code    94  stm32f1xx_hal_tim.o(i.TIM_Base_SetConfig)
    TIM_CCxChannelCmd                        0x08003c91   Thumb Code    26  stm32f1xx_hal_tim.o(i.TIM_CCxChannelCmd)
    TIM_ETR_SetConfig                        0x08003cab   Thumb Code    20  stm32f1xx_hal_tim.o(i.TIM_ETR_SetConfig)
    TIM_OC2_SetConfig                        0x08003d21   Thumb Code    84  stm32f1xx_hal_tim.o(i.TIM_OC2_SetConfig)
    USART1_IRQHandler                        0x0800409d   Thumb Code     6  stm32f1xx_it.o(i.USART1_IRQHandler)
    USART2_IRQHandler                        0x080040a9   Thumb Code     6  stm32f1xx_it.o(i.USART2_IRQHandler)
    UsageFault_Handler                       0x080040b5   Thumb Code     2  stm32f1xx_it.o(i.UsageFault_Handler)
    __ARM_fpclassify                         0x080040b7   Thumb Code    40  fpclassify.o(i.__ARM_fpclassify)
    _is_digit                                0x080040ff   Thumb Code    14  __printf_wp.o(i._is_digit)
    adc_read                                 0x0800410d   Thumb Code   116  adc.o(i.adc_read)
    main                                     0x08004191   Thumb Code    74  main.o(i.main)
    _get_lc_numeric                          0x080041e5   Thumb Code    44  lc_numeric_c.o(locale$$code)
    __aeabi_d2iz                             0x08004211   Thumb Code     0  dfix.o(x$fpl$dfix)
    _dfix                                    0x08004211   Thumb Code    94  dfix.o(x$fpl$dfix)
    __aeabi_i2d                              0x0800426f   Thumb Code     0  dflt_clz.o(x$fpl$dflt)
    _dflt                                    0x0800426f   Thumb Code    46  dflt_clz.o(x$fpl$dflt)
    __aeabi_dmul                             0x0800429d   Thumb Code     0  dmul.o(x$fpl$dmul)
    _dmul                                    0x0800429d   Thumb Code   332  dmul.o(x$fpl$dmul)
    __fpl_dnaninf                            0x080043f1   Thumb Code   156  dnaninf.o(x$fpl$dnaninf)
    __fpl_dretinf                            0x0800448d   Thumb Code    12  dretinf.o(x$fpl$dretinf)
    __aeabi_f2d                              0x08004499   Thumb Code     0  f2d.o(x$fpl$f2d)
    _f2d                                     0x08004499   Thumb Code    86  f2d.o(x$fpl$f2d)
    __fpl_fcheck_NaN1                        0x080044f1   Thumb Code     6  fcheck1.o(x$fpl$fcheck1)
    __aeabi_fdiv                             0x080044fd   Thumb Code     0  fdiv.o(x$fpl$fdiv)
    _fdiv                                    0x080044fd   Thumb Code   384  fdiv.o(x$fpl$fdiv)
    __aeabi_f2iz                             0x08004681   Thumb Code     0  ffix.o(x$fpl$ffix)
    _ffix                                    0x08004681   Thumb Code    54  ffix.o(x$fpl$ffix)
    __aeabi_i2f                              0x080046b9   Thumb Code     0  fflt_clz.o(x$fpl$fflt)
    _fflt                                    0x080046b9   Thumb Code    48  fflt_clz.o(x$fpl$fflt)
    __aeabi_ui2f                             0x080046e9   Thumb Code     0  fflt_clz.o(x$fpl$ffltu)
    _ffltu                                   0x080046e9   Thumb Code    38  fflt_clz.o(x$fpl$ffltu)
    __aeabi_fmul                             0x08004711   Thumb Code     0  fmul.o(x$fpl$fmul)
    _fmul                                    0x08004711   Thumb Code   258  fmul.o(x$fpl$fmul)
    __fpl_fnaninf                            0x08004813   Thumb Code   140  fnaninf.o(x$fpl$fnaninf)
    __fpl_fretinf                            0x0800489f   Thumb Code    10  fretinf.o(x$fpl$fretinf)
    _printf_fp_dec                           0x080048a9   Thumb Code     4  printf1.o(x$fpl$printf1)
    __fpl_return_NaN                         0x080048ad   Thumb Code   100  retnan.o(x$fpl$retnan)
    __ARM_scalbnf                            0x08004911   Thumb Code    76  scalbnf.o(x$fpl$scalbnf)
    __fpl_cmpreturn                          0x0800495d   Thumb Code    48  trapv.o(x$fpl$trapveneer)
    AHBPrescTable                            0x0800498c   Data          16  system_stm32f1xx.o(.constdata)
    __I$use$fp                               0x0800498c   Number         0  usenofp.o(x$fpl$usenofp)
    APBPrescTable                            0x0800499c   Data           8  system_stm32f1xx.o(.constdata)
    asc2_0806                                0x080049a4   Data         552  oled.o(.constdata)
    asc2_1206                                0x08004bcc   Data        1140  oled.o(.constdata)
    asc2_1608                                0x08005040   Data        1520  oled.o(.constdata)
    asc2_2412                                0x08005630   Data        3420  oled.o(.constdata)
    Hzk1                                     0x0800638c   Data        1152  oled.o(.constdata)
    Hzk2                                     0x0800680c   Data          72  oled.o(.constdata)
    Hzk3                                     0x08006854   Data         128  oled.o(.constdata)
    Hzk4                                     0x080068d4   Data         512  oled.o(.constdata)
    Region$$Table$$Base                      0x08006b68   Number         0  anon$$obj.o(Region$$Table)
    Region$$Table$$Limit                     0x08006b88   Number         0  anon$$obj.o(Region$$Table)
    yw_flag                                  0x20000000   Data           1  main.o(.data)
    time_ts_s                                0x20000001   Data           1  main.o(.data)
    ts_flag                                  0x20000002   Data           1  main.o(.data)
    jr_flag                                  0x20000003   Data           1  main.o(.data)
    jr_max                                   0x20000004   Data           1  main.o(.data)
    jr_min                                   0x20000005   Data           1  main.o(.data)
    time_gl_s                                0x20000006   Data           1  main.o(.data)
    gl_flag                                  0x20000007   Data           1  main.o(.data)
    cs_flag                                  0x20000008   Data           1  main.o(.data)
    mode                                     0x20000009   Data           1  main.o(.data)
    temp                                     0x2000000a   Data           2  main.o(.data)
    time_ts_ms                               0x2000000c   Data           2  main.o(.data)
    time_gl_ms                               0x2000000e   Data           2  main.o(.data)
    ADC_VAL                                  0x20000010   Data           8  adc.o(.data)
    uwTickFreq                               0x20000018   Data           1  stm32f1xx_hal.o(.data)
    uwTickPrio                               0x2000001c   Data           4  stm32f1xx_hal.o(.data)
    uwTick                                   0x20000020   Data           4  stm32f1xx_hal.o(.data)
    SystemCoreClock                          0x20000024   Data           4  system_stm32f1xx.o(.data)
    rx_buffer                                0x20000028   Data           1  bt04a.o(.data)
    rx_index_buf                             0x20000029   Data           1  bt04a.o(.data)
    oled                                     0x2000002c   Data         100  main.o(.bss)
    hadc1                                    0x20000090   Data          48  adc.o(.bss)
    htim3                                    0x200000c0   Data          64  tim.o(.bss)
    huart1                                   0x20000100   Data          64  usart.o(.bss)
    huart2                                   0x20000140   Data          64  usart.o(.bss)
    OLED_GRAM                                0x20000180   Data        1152  oled.o(.bss)
    rx_buff                                  0x20000600   Data         100  bt04a.o(.bss)
    data                                     0x20000664   Data         100  bt04a.o(.bss)
    __libspace_start                         0x200006c8   Data          96  libspace.o(.bss)
    __temporary_stack_top$libspace           0x20000728   Data           0  libspace.o(.bss)



==============================================================================

Memory Map of the image

  Image Entry point : 0x080000ed

  Load Region LR_IROM1 (Base: 0x08000000, Size: 0x00006bd0, Max: 0x00010000, ABSOLUTE)

    Execution Region ER_IROM1 (Exec base: 0x08000000, Load base: 0x08000000, Size: 0x00006ba4, Max: 0x00010000, ABSOLUTE)

    Exec Addr    Load Addr    Size         Type   Attr      Idx    E Section Name        Object

    0x08000000   0x08000000   0x000000ec   Data   RO            3    RESET               startup_stm32f103xb.o
    0x080000ec   0x080000ec   0x00000008   Code   RO         3537  * !!!main             c_w.l(__main.o)
    0x080000f4   0x080000f4   0x00000034   Code   RO         3801    !!!scatter          c_w.l(__scatter.o)
    0x08000128   0x08000128   0x0000001a   Code   RO         3803    !!handler_copy      c_w.l(__scatter_copy.o)
    0x08000142   0x08000142   0x00000002   PAD
    0x08000144   0x08000144   0x0000001c   Code   RO         3805    !!handler_zi        c_w.l(__scatter_zi.o)
    0x08000160   0x08000160   0x00000000   Code   RO         3530    .ARM.Collect$$_printf_percent$$00000000  c_w.l(_printf_percent.o)
    0x08000160   0x08000160   0x00000006   Code   RO         3529    .ARM.Collect$$_printf_percent$$00000003  c_w.l(_printf_f.o)
    0x08000166   0x08000166   0x00000006   Code   RO         3528    .ARM.Collect$$_printf_percent$$00000009  c_w.l(_printf_d.o)
    0x0800016c   0x0800016c   0x00000006   Code   RO         3527    .ARM.Collect$$_printf_percent$$00000014  c_w.l(_printf_s.o)
    0x08000172   0x08000172   0x00000004   Code   RO         3584    .ARM.Collect$$_printf_percent$$00000017  c_w.l(_printf_percent_end.o)
    0x08000176   0x08000176   0x00000002   Code   RO         3670    .ARM.Collect$$libinit$$00000000  c_w.l(libinit.o)
    0x08000178   0x08000178   0x00000000   Code   RO         3672    .ARM.Collect$$libinit$$00000002  c_w.l(libinit2.o)
    0x08000178   0x08000178   0x00000000   Code   RO         3674    .ARM.Collect$$libinit$$00000004  c_w.l(libinit2.o)
    0x08000178   0x08000178   0x00000000   Code   RO         3677    .ARM.Collect$$libinit$$0000000A  c_w.l(libinit2.o)
    0x08000178   0x08000178   0x00000000   Code   RO         3679    .ARM.Collect$$libinit$$0000000C  c_w.l(libinit2.o)
    0x08000178   0x08000178   0x00000000   Code   RO         3681    .ARM.Collect$$libinit$$0000000E  c_w.l(libinit2.o)
    0x08000178   0x08000178   0x00000006   Code   RO         3682    .ARM.Collect$$libinit$$0000000F  c_w.l(libinit2.o)
    0x0800017e   0x0800017e   0x00000000   Code   RO         3684    .ARM.Collect$$libinit$$00000011  c_w.l(libinit2.o)
    0x0800017e   0x0800017e   0x00000000   Code   RO         3686    .ARM.Collect$$libinit$$00000013  c_w.l(libinit2.o)
    0x0800017e   0x0800017e   0x00000000   Code   RO         3688    .ARM.Collect$$libinit$$00000015  c_w.l(libinit2.o)
    0x0800017e   0x0800017e   0x0000000a   Code   RO         3689    .ARM.Collect$$libinit$$00000016  c_w.l(libinit2.o)
    0x08000188   0x08000188   0x00000000   Code   RO         3690    .ARM.Collect$$libinit$$00000017  c_w.l(libinit2.o)
    0x08000188   0x08000188   0x00000000   Code   RO         3692    .ARM.Collect$$libinit$$00000019  c_w.l(libinit2.o)
    0x08000188   0x08000188   0x00000000   Code   RO         3694    .ARM.Collect$$libinit$$0000001B  c_w.l(libinit2.o)
    0x08000188   0x08000188   0x00000000   Code   RO         3696    .ARM.Collect$$libinit$$0000001D  c_w.l(libinit2.o)
    0x08000188   0x08000188   0x00000000   Code   RO         3698    .ARM.Collect$$libinit$$0000001F  c_w.l(libinit2.o)
    0x08000188   0x08000188   0x00000000   Code   RO         3700    .ARM.Collect$$libinit$$00000021  c_w.l(libinit2.o)
    0x08000188   0x08000188   0x00000000   Code   RO         3702    .ARM.Collect$$libinit$$00000023  c_w.l(libinit2.o)
    0x08000188   0x08000188   0x00000000   Code   RO         3704    .ARM.Collect$$libinit$$00000025  c_w.l(libinit2.o)
    0x08000188   0x08000188   0x00000000   Code   RO         3708    .ARM.Collect$$libinit$$0000002C  c_w.l(libinit2.o)
    0x08000188   0x08000188   0x00000000   Code   RO         3710    .ARM.Collect$$libinit$$0000002E  c_w.l(libinit2.o)
    0x08000188   0x08000188   0x00000000   Code   RO         3712    .ARM.Collect$$libinit$$00000030  c_w.l(libinit2.o)
    0x08000188   0x08000188   0x00000000   Code   RO         3714    .ARM.Collect$$libinit$$00000032  c_w.l(libinit2.o)
    0x08000188   0x08000188   0x00000002   Code   RO         3715    .ARM.Collect$$libinit$$00000033  c_w.l(libinit2.o)
    0x0800018a   0x0800018a   0x00000002   Code   RO         3747    .ARM.Collect$$libshutdown$$00000000  c_w.l(libshutdown.o)
    0x0800018c   0x0800018c   0x00000000   Code   RO         3758    .ARM.Collect$$libshutdown$$00000002  c_w.l(libshutdown2.o)
    0x0800018c   0x0800018c   0x00000000   Code   RO         3760    .ARM.Collect$$libshutdown$$00000004  c_w.l(libshutdown2.o)
    0x0800018c   0x0800018c   0x00000000   Code   RO         3762    .ARM.Collect$$libshutdown$$00000006  c_w.l(libshutdown2.o)
    0x0800018c   0x0800018c   0x00000000   Code   RO         3765    .ARM.Collect$$libshutdown$$00000009  c_w.l(libshutdown2.o)
    0x0800018c   0x0800018c   0x00000000   Code   RO         3768    .ARM.Collect$$libshutdown$$0000000C  c_w.l(libshutdown2.o)
    0x0800018c   0x0800018c   0x00000000   Code   RO         3770    .ARM.Collect$$libshutdown$$0000000E  c_w.l(libshutdown2.o)
    0x0800018c   0x0800018c   0x00000000   Code   RO         3773    .ARM.Collect$$libshutdown$$00000011  c_w.l(libshutdown2.o)
    0x0800018c   0x0800018c   0x00000002   Code   RO         3774    .ARM.Collect$$libshutdown$$00000012  c_w.l(libshutdown2.o)
    0x0800018e   0x0800018e   0x00000000   Code   RO         3573    .ARM.Collect$$rtentry$$00000000  c_w.l(__rtentry.o)
    0x0800018e   0x0800018e   0x00000000   Code   RO         3597    .ARM.Collect$$rtentry$$00000002  c_w.l(__rtentry2.o)
    0x0800018e   0x0800018e   0x00000006   Code   RO         3609    .ARM.Collect$$rtentry$$00000004  c_w.l(__rtentry4.o)
    0x08000194   0x08000194   0x00000000   Code   RO         3599    .ARM.Collect$$rtentry$$00000009  c_w.l(__rtentry2.o)
    0x08000194   0x08000194   0x00000004   Code   RO         3600    .ARM.Collect$$rtentry$$0000000A  c_w.l(__rtentry2.o)
    0x08000198   0x08000198   0x00000000   Code   RO         3602    .ARM.Collect$$rtentry$$0000000C  c_w.l(__rtentry2.o)
    0x08000198   0x08000198   0x00000008   Code   RO         3603    .ARM.Collect$$rtentry$$0000000D  c_w.l(__rtentry2.o)
    0x080001a0   0x080001a0   0x00000002   Code   RO         3718    .ARM.Collect$$rtexit$$00000000  c_w.l(rtexit.o)
    0x080001a2   0x080001a2   0x00000000   Code   RO         3725    .ARM.Collect$$rtexit$$00000002  c_w.l(rtexit2.o)
    0x080001a2   0x080001a2   0x00000004   Code   RO         3726    .ARM.Collect$$rtexit$$00000003  c_w.l(rtexit2.o)
    0x080001a6   0x080001a6   0x00000006   Code   RO         3727    .ARM.Collect$$rtexit$$00000004  c_w.l(rtexit2.o)
    0x080001ac   0x080001ac   0x00000040   Code   RO            4    .text               startup_stm32f103xb.o
    0x080001ec   0x080001ec   0x00000028   Code   RO         3499    .text               c_w.l(noretval__2sprintf.o)
    0x08000214   0x08000214   0x00000052   Code   RO         3503    .text               c_w.l(_printf_str.o)
    0x08000266   0x08000266   0x00000002   PAD
    0x08000268   0x08000268   0x00000078   Code   RO         3505    .text               c_w.l(_printf_dec.o)
    0x080002e0   0x080002e0   0x0000010e   Code   RO         3515    .text               c_w.l(__printf_wp.o)
    0x080003ee   0x080003ee   0x0000003e   Code   RO         3531    .text               c_w.l(strlen.o)
    0x0800042c   0x0800042c   0x0000004e   Code   RO         3533    .text               c_w.l(rt_memclr_w.o)
    0x0800047a   0x0800047a   0x00000006   Code   RO         3535    .text               c_w.l(heapauxi.o)
    0x08000480   0x08000480   0x000000b2   Code   RO         3574    .text               c_w.l(_printf_intcommon.o)
    0x08000532   0x08000532   0x0000041e   Code   RO         3576    .text               c_w.l(_printf_fp_dec.o)
    0x08000950   0x08000950   0x00000030   Code   RO         3578    .text               c_w.l(_printf_char_common.o)
    0x08000980   0x08000980   0x0000000a   Code   RO         3580    .text               c_w.l(_sputc.o)
    0x0800098a   0x0800098a   0x0000002c   Code   RO         3582    .text               c_w.l(_printf_char.o)
    0x080009b6   0x080009b6   0x00000002   PAD
    0x080009b8   0x080009b8   0x00000008   Code   RO         3614    .text               c_w.l(rt_locale_intlibspace.o)
    0x080009c0   0x080009c0   0x0000008a   Code   RO         3616    .text               c_w.l(lludiv10.o)
    0x08000a4a   0x08000a4a   0x00000002   PAD
    0x08000a4c   0x08000a4c   0x00000080   Code   RO         3618    .text               c_w.l(_printf_fp_infnan.o)
    0x08000acc   0x08000acc   0x000000e4   Code   RO         3622    .text               c_w.l(bigflt0.o)
    0x08000bb0   0x08000bb0   0x00000008   Code   RO         3656    .text               c_w.l(libspace.o)
    0x08000bb8   0x08000bb8   0x0000004a   Code   RO         3659    .text               c_w.l(sys_stackheap_outer.o)
    0x08000c02   0x08000c02   0x00000012   Code   RO         3661    .text               c_w.l(exit.o)
    0x08000c14   0x08000c14   0x00000080   Code   RO         3663    .text               c_w.l(strcmpv7m.o)
    0x08000c94   0x08000c94   0x0000000c   Code   RO         3737    .text               c_w.l(sys_exit.o)
    0x08000ca0   0x08000ca0   0x00000002   Code   RO         3748    .text               c_w.l(use_no_semi.o)
    0x08000ca2   0x08000ca2   0x00000000   Code   RO         3750    .text               c_w.l(indicate_semi.o)
    0x08000ca2   0x08000ca2   0x0000003e   Code   RO         3625    CL$$btod_d2e        c_w.l(btod.o)
    0x08000ce0   0x08000ce0   0x00000046   Code   RO         3627    CL$$btod_d2e_denorm_low  c_w.l(btod.o)
    0x08000d26   0x08000d26   0x00000060   Code   RO         3626    CL$$btod_d2e_norm_op1  c_w.l(btod.o)
    0x08000d86   0x08000d86   0x00000338   Code   RO         3635    CL$$btod_div_common  c_w.l(btod.o)
    0x080010be   0x080010be   0x000000dc   Code   RO         3632    CL$$btod_e2e        c_w.l(btod.o)
    0x0800119a   0x0800119a   0x0000002a   Code   RO         3629    CL$$btod_ediv       c_w.l(btod.o)
    0x080011c4   0x080011c4   0x0000002a   Code   RO         3628    CL$$btod_emul       c_w.l(btod.o)
    0x080011ee   0x080011ee   0x00000244   Code   RO         3634    CL$$btod_mult_common  c_w.l(btod.o)
    0x08001432   0x08001432   0x00000002   PAD
    0x08001434   0x08001434   0x0000004c   Code   RO          510    i.ADC_ConversionStop_Disable  stm32f1xx_hal_adc.o
    0x08001480   0x08001480   0x00000070   Code   RO          514    i.ADC_Enable        stm32f1xx_hal_adc.o
    0x080014f0   0x080014f0   0x00000118   Code   RO         3343    i.BT04A_DATA_Pro    bt04a.o
    0x08001608   0x08001608   0x00000014   Code   RO         3344    i.BT04A_Init        bt04a.o
    0x0800161c   0x0800161c   0x0000002c   Code   RO         3345    i.BT04A_SendString  bt04a.o
    0x08001648   0x08001648   0x00000002   Code   RO          362    i.BusFault_Handler  stm32f1xx_it.o
    0x0800164a   0x0800164a   0x00000002   PAD
    0x0800164c   0x0800164c   0x00000118   Code   RO           13    i.DATA_Poce         main.o
    0x08001764   0x08001764   0x00000064   Code   RO         3392    i.DS18B20_Check     ds18b20.o
    0x080017c8   0x080017c8   0x0000003c   Code   RO         3393    i.DS18B20_GPIO_IN   ds18b20.o
    0x08001804   0x08001804   0x0000003c   Code   RO         3394    i.DS18B20_GPIO_OUT  ds18b20.o
    0x08001840   0x08001840   0x0000005c   Code   RO         3395    i.DS18B20_Get_Temp  ds18b20.o
    0x0800189c   0x0800189c   0x0000000e   Code   RO         3396    i.DS18B20_Init      ds18b20.o
    0x080018aa   0x080018aa   0x00000002   PAD
    0x080018ac   0x080018ac   0x00000038   Code   RO         3397    i.DS18B20_RST       ds18b20.o
    0x080018e4   0x080018e4   0x00000050   Code   RO         3398    i.DS18B20_Read_Bit  ds18b20.o
    0x08001934   0x08001934   0x00000020   Code   RO         3399    i.DS18B20_Read_Byte  ds18b20.o
    0x08001954   0x08001954   0x0000001a   Code   RO         3400    i.DS18B20_Start     ds18b20.o
    0x0800196e   0x0800196e   0x00000002   PAD
    0x08001970   0x08001970   0x00000064   Code   RO         3401    i.DS18B20_Write_Byte  ds18b20.o
    0x080019d4   0x080019d4   0x0000003c   Code   RO         3404    i.DWT_Init          ds18b20.o
    0x08001a10   0x08001a10   0x00000002   Code   RO          363    i.DebugMon_Handler  stm32f1xx_it.o
    0x08001a12   0x08001a12   0x00000002   PAD
    0x08001a14   0x08001a14   0x00000048   Code   RO         3405    i.Delay_us          ds18b20.o
    0x08001a5c   0x08001a5c   0x00000004   Code   RO           14    i.Error_Handler     main.o
    0x08001a60   0x08001a60   0x000000c8   Code   RO          690    i.HAL_ADCEx_Calibration_Start  stm32f1xx_hal_adc_ex.o
    0x08001b28   0x08001b28   0x000000fc   Code   RO          516    i.HAL_ADC_ConfigChannel  stm32f1xx_hal_adc.o
    0x08001c24   0x08001c24   0x00000006   Code   RO          523    i.HAL_ADC_GetValue  stm32f1xx_hal_adc.o
    0x08001c2a   0x08001c2a   0x00000002   PAD
    0x08001c2c   0x08001c2c   0x0000011c   Code   RO          525    i.HAL_ADC_Init      stm32f1xx_hal_adc.o
    0x08001d48   0x08001d48   0x00000058   Code   RO          218    i.HAL_ADC_MspInit   adc.o
    0x08001da0   0x08001da0   0x00000130   Code   RO          529    i.HAL_ADC_PollForConversion  stm32f1xx_hal_adc.o
    0x08001ed0   0x08001ed0   0x000000c0   Code   RO          531    i.HAL_ADC_Start     stm32f1xx_hal_adc.o
    0x08001f90   0x08001f90   0x00000034   Code   RO          534    i.HAL_ADC_Stop      stm32f1xx_hal_adc.o
    0x08001fc4   0x08001fc4   0x00000098   Code   RO         1166    i.HAL_DMA_Abort_IT  stm32f1xx_hal_dma.o
    0x0800205c   0x0800205c   0x00000024   Code   RO          793    i.HAL_Delay         stm32f1xx_hal.o
    0x08002080   0x08002080   0x000001e0   Code   RO         1101    i.HAL_GPIO_Init     stm32f1xx_hal_gpio.o
    0x08002260   0x08002260   0x0000000a   Code   RO         1103    i.HAL_GPIO_ReadPin  stm32f1xx_hal_gpio.o
    0x0800226a   0x0800226a   0x0000000a   Code   RO         1105    i.HAL_GPIO_WritePin  stm32f1xx_hal_gpio.o
    0x08002274   0x08002274   0x0000000c   Code   RO          797    i.HAL_GetTick       stm32f1xx_hal.o
    0x08002280   0x08002280   0x00000010   Code   RO          803    i.HAL_IncTick       stm32f1xx_hal.o
    0x08002290   0x08002290   0x00000024   Code   RO          804    i.HAL_Init          stm32f1xx_hal.o
    0x080022b4   0x080022b4   0x00000040   Code   RO          805    i.HAL_InitTick      stm32f1xx_hal.o
    0x080022f4   0x080022f4   0x0000003c   Code   RO          450    i.HAL_MspInit       stm32f1xx_hal_msp.o
    0x08002330   0x08002330   0x0000001a   Code   RO         1261    i.HAL_NVIC_EnableIRQ  stm32f1xx_hal_cortex.o
    0x0800234a   0x0800234a   0x00000002   PAD
    0x0800234c   0x0800234c   0x00000040   Code   RO         1267    i.HAL_NVIC_SetPriority  stm32f1xx_hal_cortex.o
    0x0800238c   0x0800238c   0x00000024   Code   RO         1268    i.HAL_NVIC_SetPriorityGrouping  stm32f1xx_hal_cortex.o
    0x080023b0   0x080023b0   0x000000c8   Code   RO         1063    i.HAL_RCCEx_GetPeriphCLKFreq  stm32f1xx_hal_rcc_ex.o
    0x08002478   0x08002478   0x000000ec   Code   RO         1064    i.HAL_RCCEx_PeriphCLKConfig  stm32f1xx_hal_rcc_ex.o
    0x08002564   0x08002564   0x0000012c   Code   RO          961    i.HAL_RCC_ClockConfig  stm32f1xx_hal_rcc.o
    0x08002690   0x08002690   0x00000020   Code   RO          968    i.HAL_RCC_GetPCLK1Freq  stm32f1xx_hal_rcc.o
    0x080026b0   0x080026b0   0x00000020   Code   RO          969    i.HAL_RCC_GetPCLK2Freq  stm32f1xx_hal_rcc.o
    0x080026d0   0x080026d0   0x0000006c   Code   RO          970    i.HAL_RCC_GetSysClockFreq  stm32f1xx_hal_rcc.o
    0x0800273c   0x0800273c   0x00000320   Code   RO          973    i.HAL_RCC_OscConfig  stm32f1xx_hal_rcc.o
    0x08002a5c   0x08002a5c   0x00000028   Code   RO         1272    i.HAL_SYSTICK_Config  stm32f1xx_hal_cortex.o
    0x08002a84   0x08002a84   0x00000042   Code   RO         2456    i.HAL_TIMEx_MasterConfigSynchronization  stm32f1xx_hal_tim_ex.o
    0x08002ac6   0x08002ac6   0x00000036   Code   RO         1763    i.HAL_TIM_Base_Init  stm32f1xx_hal_tim.o
    0x08002afc   0x08002afc   0x00000028   Code   RO          267    i.HAL_TIM_Base_MspInit  tim.o
    0x08002b24   0x08002b24   0x000000d6   Code   RO         1772    i.HAL_TIM_ConfigClockSource  stm32f1xx_hal_tim.o
    0x08002bfa   0x08002bfa   0x00000002   PAD
    0x08002bfc   0x08002bfc   0x0000004c   Code   RO          268    i.HAL_TIM_MspPostInit  tim.o
    0x08002c48   0x08002c48   0x000000d0   Code   RO         1830    i.HAL_TIM_PWM_ConfigChannel  stm32f1xx_hal_tim.o
    0x08002d18   0x08002d18   0x00000036   Code   RO         1833    i.HAL_TIM_PWM_Init  stm32f1xx_hal_tim.o
    0x08002d4e   0x08002d4e   0x00000002   Code   RO         1835    i.HAL_TIM_PWM_MspInit  stm32f1xx_hal_tim.o
    0x08002d50   0x08002d50   0x00000038   Code   RO         1838    i.HAL_TIM_PWM_Start  stm32f1xx_hal_tim.o
    0x08002d88   0x08002d88   0x00000002   Code   RO         2710    i.HAL_UART_ErrorCallback  stm32f1xx_hal_uart.o
    0x08002d8a   0x08002d8a   0x00000002   PAD
    0x08002d8c   0x08002d8c   0x00000110   Code   RO         2713    i.HAL_UART_IRQHandler  stm32f1xx_hal_uart.o
    0x08002e9c   0x08002e9c   0x00000062   Code   RO         2714    i.HAL_UART_Init     stm32f1xx_hal_uart.o
    0x08002efe   0x08002efe   0x00000002   PAD
    0x08002f00   0x08002f00   0x000000f0   Code   RO          315    i.HAL_UART_MspInit  usart.o
    0x08002ff0   0x08002ff0   0x00000052   Code   RO         2719    i.HAL_UART_Receive_IT  stm32f1xx_hal_uart.o
    0x08003042   0x08003042   0x00000002   PAD
    0x08003044   0x08003044   0x00000024   Code   RO         3346    i.HAL_UART_RxCpltCallback  bt04a.o
    0x08003068   0x08003068   0x000000ba   Code   RO         2722    i.HAL_UART_Transmit  stm32f1xx_hal_uart.o
    0x08003122   0x08003122   0x00000002   Code   RO         2725    i.HAL_UART_TxCpltCallback  stm32f1xx_hal_uart.o
    0x08003124   0x08003124   0x00000002   Code   RO          364    i.HardFault_Handler  stm32f1xx_it.o
    0x08003126   0x08003126   0x0000000a   Code   RO         3053    i.IIC_delay         oled.o
    0x08003130   0x08003130   0x00000068   Code   RO          219    i.MX_ADC1_Init      adc.o
    0x08003198   0x08003198   0x000000d4   Code   RO          193    i.MX_GPIO_Init      gpio.o
    0x0800326c   0x0800326c   0x000000a0   Code   RO          269    i.MX_TIM3_Init      tim.o
    0x0800330c   0x0800330c   0x00000038   Code   RO          316    i.MX_USART1_UART_Init  usart.o
    0x08003344   0x08003344   0x00000038   Code   RO          317    i.MX_USART2_UART_Init  usart.o
    0x0800337c   0x0800337c   0x00000002   Code   RO          365    i.MemManage_Handler  stm32f1xx_it.o
    0x0800337e   0x0800337e   0x00000002   Code   RO          366    i.NMI_Handler       stm32f1xx_it.o
    0x08003380   0x08003380   0x0000002c   Code   RO         3054    i.OLED_Clear        oled.o
    0x080033ac   0x080033ac   0x0000002c   Code   RO         3061    i.OLED_DrawPoint    oled.o
    0x080033d8   0x080033d8   0x00000044   Code   RO         3062    i.OLED_I2C_Start    oled.o
    0x0800341c   0x0800341c   0x00000034   Code   RO         3063    i.OLED_I2C_Stop     oled.o
    0x08003450   0x08003450   0x00000038   Code   RO         3064    i.OLED_I2C_WaitAck  oled.o
    0x08003488   0x08003488   0x000000e0   Code   RO         3065    i.OLED_Init         oled.o
    0x08003568   0x08003568   0x00000220   Code   RO           15    i.OLED_Poce         main.o
    0x08003788   0x08003788   0x00000010   Code   RO         3066    i.OLED_Pow          oled.o
    0x08003798   0x08003798   0x00000068   Code   RO         3067    i.OLED_Refresh      oled.o
    0x08003800   0x08003800   0x00000054   Code   RO         3069    i.OLED_Send_Byte    oled.o
    0x08003854   0x08003854   0x000000ec   Code   RO         3070    i.OLED_ShowChar     oled.o
    0x08003940   0x08003940   0x000000dc   Code   RO         3071    i.OLED_ShowChinese  oled.o
    0x08003a1c   0x08003a1c   0x00000072   Code   RO         3072    i.OLED_ShowNum      oled.o
    0x08003a8e   0x08003a8e   0x00000040   Code   RO         3074    i.OLED_ShowString   oled.o
    0x08003ace   0x08003ace   0x00000036   Code   RO         3075    i.OLED_WR_Byte      oled.o
    0x08003b04   0x08003b04   0x00000002   Code   RO          367    i.PendSV_Handler    stm32f1xx_it.o
    0x08003b06   0x08003b06   0x00000002   Code   RO          368    i.SVC_Handler       stm32f1xx_it.o
    0x08003b08   0x08003b08   0x00000028   Code   RO         3222    i.Servo_SetAngle    sg90.o
    0x08003b30   0x08003b30   0x00000078   Code   RO          369    i.SysTick_Handler   stm32f1xx_it.o
    0x08003ba8   0x08003ba8   0x00000078   Code   RO           16    i.SystemClock_Config  main.o
    0x08003c20   0x08003c20   0x00000002   Code   RO         3016    i.SystemInit        system_stm32f1xx.o
    0x08003c22   0x08003c22   0x00000002   PAD
    0x08003c24   0x08003c24   0x0000006c   Code   RO         1851    i.TIM_Base_SetConfig  stm32f1xx_hal_tim.o
    0x08003c90   0x08003c90   0x0000001a   Code   RO         1852    i.TIM_CCxChannelCmd  stm32f1xx_hal_tim.o
    0x08003caa   0x08003caa   0x00000014   Code   RO         1862    i.TIM_ETR_SetConfig  stm32f1xx_hal_tim.o
    0x08003cbe   0x08003cbe   0x00000010   Code   RO         1863    i.TIM_ITRx_SetConfig  stm32f1xx_hal_tim.o
    0x08003cce   0x08003cce   0x00000002   PAD
    0x08003cd0   0x08003cd0   0x00000050   Code   RO         1864    i.TIM_OC1_SetConfig  stm32f1xx_hal_tim.o
    0x08003d20   0x08003d20   0x00000058   Code   RO         1865    i.TIM_OC2_SetConfig  stm32f1xx_hal_tim.o
    0x08003d78   0x08003d78   0x00000058   Code   RO         1866    i.TIM_OC3_SetConfig  stm32f1xx_hal_tim.o
    0x08003dd0   0x08003dd0   0x00000044   Code   RO         1867    i.TIM_OC4_SetConfig  stm32f1xx_hal_tim.o
    0x08003e14   0x08003e14   0x00000022   Code   RO         1869    i.TIM_TI1_ConfigInputStage  stm32f1xx_hal_tim.o
    0x08003e36   0x08003e36   0x00000024   Code   RO         1871    i.TIM_TI2_ConfigInputStage  stm32f1xx_hal_tim.o
    0x08003e5a   0x08003e5a   0x00000010   Code   RO         2727    i.UART_DMAAbortOnError  stm32f1xx_hal_uart.o
    0x08003e6a   0x08003e6a   0x0000001c   Code   RO         2737    i.UART_EndRxTransfer  stm32f1xx_hal_uart.o
    0x08003e86   0x08003e86   0x00000096   Code   RO         2739    i.UART_Receive_IT   stm32f1xx_hal_uart.o
    0x08003f1c   0x08003f1c   0x000000b8   Code   RO         2740    i.UART_SetConfig    stm32f1xx_hal_uart.o
    0x08003fd4   0x08003fd4   0x00000062   Code   RO         2741    i.UART_Transmit_IT  stm32f1xx_hal_uart.o
    0x08004036   0x08004036   0x00000064   Code   RO         2742    i.UART_WaitOnFlagUntilTimeout  stm32f1xx_hal_uart.o
    0x0800409a   0x0800409a   0x00000002   PAD
    0x0800409c   0x0800409c   0x0000000c   Code   RO          370    i.USART1_IRQHandler  stm32f1xx_it.o
    0x080040a8   0x080040a8   0x0000000c   Code   RO          371    i.USART2_IRQHandler  stm32f1xx_it.o
    0x080040b4   0x080040b4   0x00000002   Code   RO          372    i.UsageFault_Handler  stm32f1xx_it.o
    0x080040b6   0x080040b6   0x00000028   Code   RO         3654    i.__ARM_fpclassify  m_ws.l(fpclassify.o)
    0x080040de   0x080040de   0x00000020   Code   RO         1274    i.__NVIC_SetPriority  stm32f1xx_hal_cortex.o
    0x080040fe   0x080040fe   0x0000000e   Code   RO         3517    i._is_digit         c_w.l(__printf_wp.o)
    0x0800410c   0x0800410c   0x00000084   Code   RO          220    i.adc_read          adc.o
    0x08004190   0x08004190   0x00000054   Code   RO           17    i.main              main.o
    0x080041e4   0x080041e4   0x0000002c   Code   RO         3648    locale$$code        c_w.l(lc_numeric_c.o)
    0x08004210   0x08004210   0x0000005e   Code   RO         3539    x$fpl$dfix          fz_ws.l(dfix.o)
    0x0800426e   0x0800426e   0x0000002e   Code   RO         3544    x$fpl$dflt          fz_ws.l(dflt_clz.o)
    0x0800429c   0x0800429c   0x00000154   Code   RO         3549    x$fpl$dmul          fz_ws.l(dmul.o)
    0x080043f0   0x080043f0   0x0000009c   Code   RO         3585    x$fpl$dnaninf       fz_ws.l(dnaninf.o)
    0x0800448c   0x0800448c   0x0000000c   Code   RO         3587    x$fpl$dretinf       fz_ws.l(dretinf.o)
    0x08004498   0x08004498   0x00000056   Code   RO         3551    x$fpl$f2d           fz_ws.l(f2d.o)
    0x080044ee   0x080044ee   0x00000002   PAD
    0x080044f0   0x080044f0   0x0000000c   Code   RO         3589    x$fpl$fcheck1       fz_ws.l(fcheck1.o)
    0x080044fc   0x080044fc   0x00000184   Code   RO         3554    x$fpl$fdiv          fz_ws.l(fdiv.o)
    0x08004680   0x08004680   0x00000036   Code   RO         3557    x$fpl$ffix          fz_ws.l(ffix.o)
    0x080046b6   0x080046b6   0x00000002   PAD
    0x080046b8   0x080046b8   0x00000030   Code   RO         3562    x$fpl$fflt          fz_ws.l(fflt_clz.o)
    0x080046e8   0x080046e8   0x00000026   Code   RO         3561    x$fpl$ffltu         fz_ws.l(fflt_clz.o)
    0x0800470e   0x0800470e   0x00000002   PAD
    0x08004710   0x08004710   0x00000102   Code   RO         3567    x$fpl$fmul          fz_ws.l(fmul.o)
    0x08004812   0x08004812   0x0000008c   Code   RO         3591    x$fpl$fnaninf       fz_ws.l(fnaninf.o)
    0x0800489e   0x0800489e   0x0000000a   Code   RO         3593    x$fpl$fretinf       fz_ws.l(fretinf.o)
    0x080048a8   0x080048a8   0x00000004   Code   RO         3569    x$fpl$printf1       fz_ws.l(printf1.o)
    0x080048ac   0x080048ac   0x00000064   Code   RO         3652    x$fpl$retnan        fz_ws.l(retnan.o)
    0x08004910   0x08004910   0x0000004c   Code   RO         3571    x$fpl$scalbnf       fz_ws.l(scalbnf.o)
    0x0800495c   0x0800495c   0x00000030   Code   RO         3716    x$fpl$trapveneer    fz_ws.l(trapv.o)
    0x0800498c   0x0800498c   0x00000000   Code   RO         3595    x$fpl$usenofp       fz_ws.l(usenofp.o)
    0x0800498c   0x0800498c   0x00000010   Data   RO         3017    .constdata          system_stm32f1xx.o
    0x0800499c   0x0800499c   0x00000008   Data   RO         3018    .constdata          system_stm32f1xx.o
    0x080049a4   0x080049a4   0x00002130   Data   RO         3077    .constdata          oled.o
    0x08006ad4   0x08006ad4   0x00000094   Data   RO         3623    .constdata          c_w.l(bigflt0.o)
    0x08006b68   0x08006b68   0x00000020   Data   RO         3799    Region$$Table       anon$$obj.o
    0x08006b88   0x08006b88   0x0000001c   Data   RO         3647    locale$$data        c_w.l(lc_numeric_c.o)


    Execution Region RW_IRAM1 (Exec base: 0x20000000, Load base: 0x08006ba4, Size: 0x00000d28, Max: 0x00005000, ABSOLUTE)

    Exec Addr    Load Addr    Size         Type   Attr      Idx    E Section Name        Object

    0x20000000   0x08006ba4   0x00000010   Data   RW           19    .data               main.o
    0x20000010   0x08006bb4   0x00000008   Data   RW          222    .data               adc.o
    0x20000018   0x08006bbc   0x0000000c   Data   RW          811    .data               stm32f1xx_hal.o
    0x20000024   0x08006bc8   0x00000004   Data   RW         3019    .data               system_stm32f1xx.o
    0x20000028   0x08006bcc   0x00000002   Data   RW         3348    .data               bt04a.o
    0x2000002a   0x08006bce   0x00000001   Data   RW         3406    .data               ds18b20.o
    0x2000002b   0x08006bcf   0x00000001   PAD
    0x2000002c        -       0x00000064   Zero   RW           18    .bss                main.o
    0x20000090        -       0x00000030   Zero   RW          221    .bss                adc.o
    0x200000c0        -       0x00000040   Zero   RW          270    .bss                tim.o
    0x20000100        -       0x00000080   Zero   RW          318    .bss                usart.o
    0x20000180        -       0x00000480   Zero   RW         3076    .bss                oled.o
    0x20000600        -       0x000000c8   Zero   RW         3347    .bss                bt04a.o
    0x200006c8        -       0x00000060   Zero   RW         3657    .bss                c_w.l(libspace.o)
    0x20000728        -       0x00000200   Zero   RW            2    HEAP                startup_stm32f103xb.o
    0x20000928        -       0x00000400   Zero   RW            1    STACK               startup_stm32f103xb.o


==============================================================================

Image component sizes


      Code (inc. data)   RO Data    RW Data    ZI Data      Debug   Object Name

       324         38          0          8         48       2348   adc.o
       380        128          0          2        200       3139   bt04a.o
       752         74          0          1          0       7644   ds18b20.o
       212         12          0          0          0        979   gpio.o
      1032         64          0         16        100     446441   main.o
      1390         58       8496          0       1152      11490   oled.o
        40          4          0          0          0     375289   sg90.o
        64         26        236          0       1536        816   startup_stm32f103xb.o
       164         28          0         12          0       5985   stm32f1xx_hal.o
      1278         54          0          0          0       7299   stm32f1xx_hal_adc.o
       200          6          0          0          0       1438   stm32f1xx_hal_adc_ex.o
       198         14          0          0          0      29023   stm32f1xx_hal_cortex.o
       152          4          0          0          0       1119   stm32f1xx_hal_dma.o
       500         34          0          0          0       3551   stm32f1xx_hal_gpio.o
        60          8          0          0          0        894   stm32f1xx_hal_msp.o
      1272        100          0          0          0       5252   stm32f1xx_hal_rcc.o
       436         46          0          0          0       2561   stm32f1xx_hal_rcc_ex.o
      1152         38          0          0          0      12140   stm32f1xx_hal_tim.o
        66          0          0          0          0       1324   stm32f1xx_hal_tim_ex.o
      1218         12          0          0          0       9439   stm32f1xx_hal_uart.o
       160         38          0          0          0       4958   stm32f1xx_it.o
         2          0         24          4          0       1143   system_stm32f1xx.o
       276         32          0          0         64       2340   tim.o
       352         42          0          0        128       2451   usart.o

    ----------------------------------------------------------------------
     11706        860       8788         44       3228     939063   Object Totals
         0          0         32          0          0          0   (incl. Generated)
        26          0          0          1          0          0   (incl. Padding)

    ----------------------------------------------------------------------

      Code (inc. data)   RO Data    RW Data    ZI Data      Debug   Library Member Name

         8          0          0          0          0         68   __main.o
       284          0          0          0          0        156   __printf_wp.o
         0          0          0          0          0          0   __rtentry.o
        12          0          0          0          0          0   __rtentry2.o
         6          0          0          0          0          0   __rtentry4.o
        52          8          0          0          0          0   __scatter.o
        26          0          0          0          0          0   __scatter_copy.o
        28          0          0          0          0          0   __scatter_zi.o
        44          0          0          0          0        108   _printf_char.o
        48          6          0          0          0         96   _printf_char_common.o
         6          0          0          0          0          0   _printf_d.o
       120         16          0          0          0         92   _printf_dec.o
         6          0          0          0          0          0   _printf_f.o
      1054          0          0          0          0        216   _printf_fp_dec.o
       128         16          0          0          0         84   _printf_fp_infnan.o
       178          0          0          0          0         88   _printf_intcommon.o
         0          0          0          0          0          0   _printf_percent.o
         4          0          0          0          0          0   _printf_percent_end.o
         6          0          0          0          0          0   _printf_s.o
        82          0          0          0          0         80   _printf_str.o
        10          0          0          0          0         68   _sputc.o
       228          4        148          0          0         96   bigflt0.o
      1936        128          0          0          0        672   btod.o
        18          0          0          0          0         80   exit.o
         6          0          0          0          0        152   heapauxi.o
         0          0          0          0          0          0   indicate_semi.o
        44         10         28          0          0         76   lc_numeric_c.o
         2          0          0          0          0          0   libinit.o
        18          0          0          0          0          0   libinit2.o
         2          0          0          0          0          0   libshutdown.o
         2          0          0          0          0          0   libshutdown2.o
         8          4          0          0         96         68   libspace.o
       138          0          0          0          0         80   lludiv10.o
        40          6          0          0          0         84   noretval__2sprintf.o
         8          4          0          0          0         68   rt_locale_intlibspace.o
        78          0          0          0          0         80   rt_memclr_w.o
         2          0          0          0          0          0   rtexit.o
        10          0          0          0          0          0   rtexit2.o
       128          0          0          0          0         68   strcmpv7m.o
        62          0          0          0          0         76   strlen.o
        12          4          0          0          0         68   sys_exit.o
        74          0          0          0          0         80   sys_stackheap_outer.o
         2          0          0          0          0         68   use_no_semi.o
        94          4          0          0          0         92   dfix.o
        46          0          0          0          0         68   dflt_clz.o
       340         12          0          0          0        104   dmul.o
       156          4          0          0          0         92   dnaninf.o
        12          0          0          0          0         68   dretinf.o
        86          4          0          0          0         84   f2d.o
        12          4          0          0          0         68   fcheck1.o
       388         76          0          0          0         96   fdiv.o
        54          4          0          0          0         84   ffix.o
        86          0          0          0          0        136   fflt_clz.o
       258          4          0          0          0         84   fmul.o
       140          4          0          0          0         84   fnaninf.o
        10          0          0          0          0         68   fretinf.o
         4          0          0          0          0         68   printf1.o
       100          0          0          0          0         68   retnan.o
        76          0          0          0          0         68   scalbnf.o
        48          0          0          0          0         68   trapv.o
         0          0          0          0          0          0   usenofp.o
        40          0          0          0          0         68   fpclassify.o

    ----------------------------------------------------------------------
      6886        322        176          0         96       4340   Library Totals
        16          0          0          0          0          0   (incl. Padding)

    ----------------------------------------------------------------------

      Code (inc. data)   RO Data    RW Data    ZI Data      Debug   Library Name

      4920        206        176          0         96       2872   c_w.l
      1910        116          0          0          0       1400   fz_ws.l
        40          0          0          0          0         68   m_ws.l

    ----------------------------------------------------------------------
      6886        322        176          0         96       4340   Library Totals

    ----------------------------------------------------------------------

==============================================================================


      Code (inc. data)   RO Data    RW Data    ZI Data      Debug   

     18592       1182       8964         44       3324     934975   Grand Totals
     18592       1182       8964         44       3324     934975   ELF Image Totals
     18592       1182       8964         44          0          0   ROM Totals

==============================================================================

    Total RO  Size (Code + RO Data)                27556 (  26.91kB)
    Total RW  Size (RW Data + ZI Data)              3368 (   3.29kB)
    Total ROM Size (Code + RO Data + RW Data)      27600 (  26.95kB)

==============================================================================

