Component: ARM Compiler 5.06 update 7 (build 960) Tool: armlink [4d3601]

==============================================================================

Section Cross References

    startup_stm32f103xb.o(STACK) refers (Special) to heapauxi.o(.text) for __use_two_region_memory
    startup_stm32f103xb.o(HEAP) refers (Special) to heapauxi.o(.text) for __use_two_region_memory
    startup_stm32f103xb.o(RESET) refers (Special) to heapauxi.o(.text) for __use_two_region_memory
    startup_stm32f103xb.o(RESET) refers to startup_stm32f103xb.o(STACK) for __initial_sp
    startup_stm32f103xb.o(RESET) refers to startup_stm32f103xb.o(.text) for Reset_Handler
    startup_stm32f103xb.o(RESET) refers to stm32f1xx_it.o(i.NMI_Handler) for NMI_Handler
    startup_stm32f103xb.o(RESET) refers to stm32f1xx_it.o(i.HardFault_Handler) for HardFault_Handler
    startup_stm32f103xb.o(RESET) refers to stm32f1xx_it.o(i.MemManage_Handler) for MemManage_Handler
    startup_stm32f103xb.o(RESET) refers to stm32f1xx_it.o(i.BusFault_Handler) for BusFault_Handler
    startup_stm32f103xb.o(RESET) refers to stm32f1xx_it.o(i.UsageFault_Handler) for UsageFault_Handler
    startup_stm32f103xb.o(RESET) refers to stm32f1xx_it.o(i.SVC_Handler) for SVC_Handler
    startup_stm32f103xb.o(RESET) refers to stm32f1xx_it.o(i.DebugMon_Handler) for DebugMon_Handler
    startup_stm32f103xb.o(RESET) refers to stm32f1xx_it.o(i.PendSV_Handler) for PendSV_Handler
    startup_stm32f103xb.o(RESET) refers to stm32f1xx_it.o(i.SysTick_Handler) for SysTick_Handler
    startup_stm32f103xb.o(RESET) refers to stm32f1xx_it.o(i.USART3_IRQHandler) for USART3_IRQHandler
    startup_stm32f103xb.o(.text) refers (Special) to heapauxi.o(.text) for __use_two_region_memory
    startup_stm32f103xb.o(.text) refers to system_stm32f1xx.o(i.SystemInit) for SystemInit
    startup_stm32f103xb.o(.text) refers to __main.o(!!!main) for __main
    startup_stm32f103xb.o(.text) refers to startup_stm32f103xb.o(HEAP) for Heap_Mem
    startup_stm32f103xb.o(.text) refers to startup_stm32f103xb.o(STACK) for Stack_Mem
    main.o(i.DATA_Poce) refers to esp-01s.o(i.Esp_Data_Pro) for Esp_Data_Pro
    main.o(i.DATA_Poce) refers to dht11.o(i.DHT11_REC_Data) for DHT11_REC_Data
    main.o(i.DATA_Poce) refers to adc.o(i.adc_read) for adc_read
    main.o(i.DATA_Poce) refers to stm32f1xx_hal_gpio.o(i.HAL_GPIO_ReadPin) for HAL_GPIO_ReadPin
    main.o(i.DATA_Poce) refers to oled.o(i.OLED_Clear) for OLED_Clear
    main.o(i.DATA_Poce) refers to stm32f1xx_hal_tim.o(i.HAL_TIM_PWM_Start) for HAL_TIM_PWM_Start
    main.o(i.DATA_Poce) refers to stm32f1xx_hal_gpio.o(i.HAL_GPIO_WritePin) for HAL_GPIO_WritePin
    main.o(i.DATA_Poce) refers to noretval__2sprintf.o(.text) for __2sprintf
    main.o(i.DATA_Poce) refers to strlen.o(.text) for strlen
    main.o(i.DATA_Poce) refers to esp-01s.o(i.ESP8266_SendData) for ESP8266_SendData
    main.o(i.DATA_Poce) refers to stm32f1xx_hal_tim.o(i.HAL_TIM_PWM_Stop) for HAL_TIM_PWM_Stop
    main.o(i.DATA_Poce) refers to sg90.o(i.Servo_SetAngle) for Servo_SetAngle
    main.o(i.DATA_Poce) refers to main.o(.data) for .data
    main.o(i.DATA_Poce) refers to tim.o(.bss) for htim3
    main.o(i.DATA_Poce) refers to main.o(.bss) for .bss
    main.o(i.DATA_Poce) refers to dht11.o(.bss) for rec_data
    main.o(i.DATA_Poce) refers to adc.o(.data) for yanwu
    main.o(i.KEY_Poce) refers to gpio.o(i.key_val) for key_val
    main.o(i.KEY_Poce) refers to oled.o(i.OLED_Clear) for OLED_Clear
    main.o(i.KEY_Poce) refers to main.o(.data) for .data
    main.o(i.OLED_Poce) refers to _printf_percent.o(.ARM.Collect$$_printf_percent$$00000000) for _printf_percent
    main.o(i.OLED_Poce) refers to _printf_d.o(.ARM.Collect$$_printf_percent$$00000009) for _printf_d
    main.o(i.OLED_Poce) refers to _printf_dec.o(.text) for _printf_int_dec
    main.o(i.OLED_Poce) refers to oled.o(i.OLED_ShowPicture) for OLED_ShowPicture
    main.o(i.OLED_Poce) refers to oled.o(i.OLED_ShowChinese) for OLED_ShowChinese
    main.o(i.OLED_Poce) refers to oled.o(i.OLED_ShowChar) for OLED_ShowChar
    main.o(i.OLED_Poce) refers to oled.o(i.OLED_ShowNum) for OLED_ShowNum
    main.o(i.OLED_Poce) refers to noretval__2sprintf.o(.text) for __2sprintf
    main.o(i.OLED_Poce) refers to oled.o(i.OLED_ShowString) for OLED_ShowString
    main.o(i.OLED_Poce) refers to main.o(.data) for .data
    main.o(i.OLED_Poce) refers to dht11.o(.bss) for rec_data
    main.o(i.OLED_Poce) refers to adc.o(.data) for yanwu
    main.o(i.OLED_Poce) refers to main.o(.bss) for .bss
    main.o(i.SystemClock_Config) refers to rt_memclr_w.o(.text) for __aeabi_memclr4
    main.o(i.SystemClock_Config) refers to stm32f1xx_hal_rcc.o(i.HAL_RCC_OscConfig) for HAL_RCC_OscConfig
    main.o(i.SystemClock_Config) refers to stm32f1xx_hal_rcc.o(i.HAL_RCC_ClockConfig) for HAL_RCC_ClockConfig
    main.o(i.SystemClock_Config) refers to stm32f1xx_hal_rcc_ex.o(i.HAL_RCCEx_PeriphCLKConfig) for HAL_RCCEx_PeriphCLKConfig
[...]
    ../clib/string.c                         0x00000000   Number         0  strlen.o ABSOLUTE
    ../fplib/fpinit.s                        0x00000000   Number         0  fpinit.o ABSOLUTE
    ..\Core\Src\adc.c                        0x00000000   Number         0  adc.o ABSOLUTE
    ..\Core\Src\gpio.c                       0x00000000   Number         0  gpio.o ABSOLUTE
    ..\Core\Src\main.c                       0x00000000   Number         0  main.o ABSOLUTE
    ..\Core\Src\stm32f1xx_hal_msp.c          0x00000000   Number         0  stm32f1xx_hal_msp.o ABSOLUTE
    ..\Core\Src\stm32f1xx_it.c               0x00000000   Number         0  stm32f1xx_it.o ABSOLUTE
    ..\Core\Src\system_stm32f1xx.c           0x00000000   Number         0  system_stm32f1xx.o ABSOLUTE
    ..\Core\Src\tim.c                        0x00000000   Number         0  tim.o ABSOLUTE
    ..\Core\Src\usart.c                      0x00000000   Number         0  usart.o ABSOLUTE
    ..\Drivers\STM32F1xx_HAL_Driver\Src\stm32f1xx_hal.c 0x00000000   Number         0  stm32f1xx_hal.o ABSOLUTE
    ..\Drivers\STM32F1xx_HAL_Driver\Src\stm32f1xx_hal_adc.c 0x00000000   Number         0  stm32f1xx_hal_adc.o ABSOLUTE
    ..\Drivers\STM32F1xx_HAL_Driver\Src\stm32f1xx_hal_adc_ex.c 0x00000000   Number         0  stm32f1xx_hal_adc_ex.o ABSOLUTE
    ..\Drivers\STM32F1xx_HAL_Driver\Src\stm32f1xx_hal_cortex.c 0x00000000   Number         0  stm32f1xx_hal_cortex.o ABSOLUTE
    ..\Drivers\STM32F1xx_HAL_Driver\Src\stm32f1xx_hal_dma.c 0x00000000   Number         0  stm32f1xx_hal_dma.o ABSOLUTE
    ..\Drivers\STM32F1xx_HAL_Driver\Src\stm32f1xx_hal_exti.c 0x00000000   Number         0  stm32f1xx_hal_exti.o ABSOLUTE
    ..\Drivers\STM32F1xx_HAL_Driver\Src\stm32f1xx_hal_flash.c 0x00000000   Number         0  stm32f1xx_hal_flash.o ABSOLUTE
    ..\Drivers\STM32F1xx_HAL_Driver\Src\stm32f1xx_hal_flash_ex.c 0x00000000   Number         0  stm32f1xx_hal_flash_ex.o ABSOLUTE
    ..\Drivers\STM32F1xx_HAL_Driver\Src\stm32f1xx_hal_gpio.c 0x00000000   Number         0  stm32f1xx_hal_gpio.o ABSOLUTE
    ..\Drivers\STM32F1xx_HAL_Driver\Src\stm32f1xx_hal_gpio_ex.c 0x00000000   Number         0  stm32f1xx_hal_gpio_ex.o ABSOLUTE
    ..\Drivers\STM32F1xx_HAL_Driver\Src\stm32f1xx_hal_pwr.c 0x00000000   Number         0  stm32f1xx_hal_pwr.o ABSOLUTE
    ..\Drivers\STM32F1xx_HAL_Driver\Src\stm32f1xx_hal_rcc.c 0x00000000   Number         0  stm32f1xx_hal_rcc.o ABSOLUTE
    ..\Drivers\STM32F1xx_HAL_Driver\Src\stm32f1xx_hal_rcc_ex.c 0x00000000   Number         0  stm32f1xx_hal_rcc_ex.o ABSOLUTE
    ..\Drivers\STM32F1xx_HAL_Driver\Src\stm32f1xx_hal_tim.c 0x00000000   Number         0  stm32f1xx_hal_tim.o ABSOLUTE
    ..\Drivers\STM32F1xx_HAL_Driver\Src\stm32f1xx_hal_tim_ex.c 0x00000000   Number         0  stm32f1xx_hal_tim_ex.o ABSOLUTE
    ..\Drivers\STM32F1xx_HAL_Driver\Src\stm32f1xx_hal_uart.c 0x00000000   Number         0  stm32f1xx_hal_uart.o ABSOLUTE
    ..\HARDWARE\SG90\SG90.c                  0x00000000   Number         0  sg90.o ABSOLUTE
    ..\HARDWARE\dht11\dht11.c                0x00000000   Number         0  dht11.o ABSOLUTE
    ..\HARDWARE\esp-01s\esp-01s.c            0x00000000   Number         0  esp-01s.o ABSOLUTE
    ..\HARDWARE\oled\oled.c                  0x00000000   Number         0  oled.o ABSOLUTE
    ..\\HARDWARE\\SG90\\SG90.c               0x00000000   Number         0  sg90.o ABSOLUTE
    ..\\HARDWARE\\dht11\\dht11.c             0x00000000   Number         0  dht11.o ABSOLUTE
    ..\\HARDWARE\\esp-01s\\esp-01s.c         0x00000000   Number         0  esp-01s.o ABSOLUTE
    ..\\HARDWARE\\oled\\oled.c               0x00000000   Number         0  oled.o ABSOLUTE
    dc.s                                     0x00000000   Number         0  dc.o ABSOLUTE
    startup_stm32f103xb.s                    0x00000000   Number         0  startup_stm32f103xb.o ABSOLUTE
    RESET                                    0x08000000   Section      236  startup_stm32f103xb.o(RESET)
    !!!main                                  0x080000ec   Section        8  __main.o(!!!main)
    !!!scatter                               0x080000f4   Section       52  __scatter.o(!!!scatter)
    !!handler_copy                           0x08000128   Section       26  __scatter_copy.o(!!handler_copy)
    !!handler_zi                             0x08000144   Section       28  __scatter_zi.o(!!handler_zi)
    .ARM.Collect$$_printf_percent$$00000000  0x08000160   Section        0  _printf_percent.o(.ARM.Collect$$_printf_percent$$00000000)
    .ARM.Collect$$_printf_percent$$00000009  0x08000160   Section        6  _printf_d.o(.ARM.Collect$$_printf_percent$$00000009)
    .ARM.Collect$$_printf_percent$$00000017  0x08000166   Section        4  _printf_percent_end.o(.ARM.Collect$$_printf_percent$$00000017)
    .ARM.Collect$$libinit$$00000000          0x0800016a   Section        2  libinit.o(.ARM.Collect$$libinit$$00000000)
    .ARM.Collect$$libinit$$00000002          0x0800016c   Section        0  libinit2.o(.ARM.Collect$$libinit$$00000002)
    .ARM.Collect$$libinit$$00000004          0x0800016c   Section        0  libinit2.o(.ARM.Collect$$libinit$$00000004)
    .ARM.Collect$$libinit$$0000000A          0x0800016c   Section        0  libinit2.o(.ARM.Collect$$libinit$$0000000A)
    .ARM.Collect$$libinit$$0000000C          0x0800016c   Section        0  libinit2.o(.ARM.Collect$$libinit$$0000000C)
    .ARM.Collect$$libinit$$0000000E          0x0800016c   Section        0  libinit2.o(.ARM.Collect$$libinit$$0000000E)
    .ARM.Collect$$libinit$$00000011          0x0800016c   Section        0  libinit2.o(.ARM.Collect$$libinit$$00000011)
    .ARM.Collect$$libinit$$00000013          0x0800016c   Section        0  libinit2.o(.ARM.Collect$$libinit$$00000013)
    .ARM.Collect$$libinit$$00000015          0x0800016c   Section        0  libinit2.o(.ARM.Collect$$libinit$$00000015)
    .ARM.Collect$$libinit$$00000017          0x0800016c   Section        0  libinit2.o(.ARM.Collect$$libinit$$00000017)
    .ARM.Collect$$libinit$$00000019          0x0800016c   Section        0  libinit2.o(.ARM.Collect$$libinit$$00000019)
    .ARM.Collect$$libinit$$0000001B          0x0800016c   Section        0  libinit2.o(.ARM.Collect$$libinit$$0000001B)
    .ARM.Collect$$libinit$$0000001D          0x0800016c   Section        0  libinit2.o(.ARM.Collect$$libinit$$0000001D)
    .ARM.Collect$$libinit$$0000001F          0x0800016c   Section        0  libinit2.o(.ARM.Collect$$libinit$$0000001F)
    .ARM.Collect$$libinit$$00000021          0x0800016c   Section        0  libinit2.o(.ARM.Collect$$libinit$$00000021)
    .ARM.Collect$$libinit$$00000023          0x0800016c   Section        0  libinit2.o(.ARM.Collect$$libinit$$00000023)
    .ARM.Collect$$libinit$$00000025          0x0800016c   Section        0  libinit2.o(.ARM.Collect$$libinit$$00000025)
    .ARM.Collect$$libinit$$0000002C          0x0800016c   Section        0  libinit2.o(.ARM.Collect$$libinit$$0000002C)
    .ARM.Collect$$libinit$$0000002E          0x0800016c   Section        0  libinit2.o(.ARM.Collect$$libinit$$0000002E)
    .ARM.Collect$$libinit$$00000030          0x0800016c   Section        0  libinit2.o(.ARM.Collect$$libinit$$00000030)
    .ARM.Collect$$libinit$$00000032          0x0800016c   Section        0  libinit2.o(.ARM.Collect$$libinit$$00000032)
    .ARM.Collect$$libinit$$00000033          0x0800016c   Section        2  libinit2.o(.ARM.Collect$$libinit$$00000033)
    .ARM.Collect$$libshutdown$$00000000      0x0800016e   Section        2  libshutdown.o(.ARM.Collect$$libshutdown$$00000000)
    .ARM.Collect$$libshutdown$$00000002      0x08000170   Section        0  libshutdown2.o(.ARM.Collect$$libshutdown$$00000002)
    .ARM.Collect$$libshutdown$$00000004      0x08000170   Section        0  libshutdown2.o(.ARM.Collect$$libshutdown$$00000004)
    .ARM.Collect$$libshutdown$$00000006      0x08000170   Section        0  libshutdown2.o(.ARM.Collect$$libshutdown$$00000006)
    .ARM.Collect$$libshutdown$$00000009      0x08000170   Section        0  libshutdown2.o(.ARM.Collect$$libshutdown$$00000009)
    .ARM.Collect$$libshutdown$$0000000C      0x08000170   Section        0  libshutdown2.o(.ARM.Collect$$libshutdown$$0000000C)
    .ARM.Collect$$libshutdown$$0000000E      0x08000170   Section        0  libshutdown2.o(.ARM.Collect$$libshutdown$$0000000E)
    .ARM.Collect$$libshutdown$$00000011      0x08000170   Section        0  libshutdown2.o(.ARM.Collect$$libshutdown$$00000011)
    .ARM.Collect$$libshutdown$$00000012      0x08000170   Section        2  libshutdown2.o(.ARM.Collect$$libshutdown$$00000012)
    .ARM.Collect$$rtentry$$00000000          0x08000172   Section        0  __rtentry.o(.ARM.Collect$$rtentry$$00000000)
    .ARM.Collect$$rtentry$$00000002          0x08000172   Section        0  __rtentry2.o(.ARM.Collect$$rtentry$$00000002)
    .ARM.Collect$$rtentry$$00000004          0x08000172   Section        6  __rtentry4.o(.ARM.Collect$$rtentry$$00000004)
    .ARM.Collect$$rtentry$$00000009          0x08000178   Section        0  __rtentry2.o(.ARM.Collect$$rtentry$$00000009)
    .ARM.Collect$$rtentry$$0000000A          0x08000178   Section        4  __rtentry2.o(.ARM.Collect$$rtentry$$0000000A)
    .ARM.Collect$$rtentry$$0000000C          0x0800017c   Section        0  __rtentry2.o(.ARM.Collect$$rtentry$$0000000C)
    .ARM.Collect$$rtentry$$0000000D          0x0800017c   Section        8  __rtentry2.o(.ARM.Collect$$rtentry$$0000000D)
    .ARM.Collect$$rtexit$$00000000           0x08000184   Section        2  rtexit.o(.ARM.Collect$$rtexit$$00000000)
    .ARM.Collect$$rtexit$$00000002           0x08000186   Section        0  rtexit2.o(.ARM.Collect$$rtexit$$00000002)
    .ARM.Collect$$rtexit$$00000003           0x08000186   Section        4  rtexit2.o(.ARM.Collect$$rtexit$$00000003)
    .ARM.Collect$$rtexit$$00000004           0x0800018a   Section        6  rtexit2.o(.ARM.Collect$$rtexit$$00000004)
    .text                                    0x08000190   Section       64  startup_stm32f103xb.o(.text)
    .text                                    0x080001d0   Section        0  noretval__2sprintf.o(.text)
    .text                                    0x080001f8   Section        0  __printf.o(.text)
    .text                                    0x08000260   Section        0  _printf_dec.o(.text)
    .text                                    0x080002d8   Section        0  strchr.o(.text)
    .text                                    0x080002ec   Section        0  strstr.o(.text)
    .text                                    0x08000310   Section        0  strlen.o(.text)
    .text                                    0x0800034e   Section       68  rt_memclr.o(.text)
    .text                                    0x08000392   Section       78  rt_memclr_w.o(.text)
    .text                                    0x080003e0   Section        0  heapauxi.o(.text)
    .text                                    0x080003e6   Section        0  _printf_intcommon.o(.text)
    .text                                    0x08000498   Section        0  _printf_char_common.o(.text)
    _printf_input_char                       0x08000499   Thumb Code    10  _printf_char_common.o(.text)
    .text                                    0x080004c8   Section        0  _sputc.o(.text)
    .text                                    0x080004d2   Section       74  sys_stackheap_outer.o(.text)
    .text                                    0x0800051c   Section        0  exit.o(.text)
    .text                                    0x08000530   Section        8  libspace.o(.text)
    .text                                    0x08000538   Section        0  sys_exit.o(.text)
    .text                                    0x08000544   Section        2  use_no_semi.o(.text)
    .text                                    0x08000546   Section        0  indicate_semi.o(.text)
    i.ADC_ConversionStop_Disable             0x08000548   Section        0  stm32f1xx_hal_adc.o(i.ADC_ConversionStop_Disable)
    i.ADC_Enable                             0x080005a0   Section        0  stm32f1xx_hal_adc.o(i.ADC_Enable)
    i.BusFault_Handler                       0x0800061c   Section        0  stm32f1xx_it.o(i.BusFault_Handler)
    i.DATA_Poce                              0x08000620   Section        0  main.o(i.DATA_Poce)
    i.DH11_GPIO_Init_IN                      0x08000788   Section        0  dht11.o(i.DH11_GPIO_Init_IN)
    i.DH11_GPIO_Init_OUT                     0x080007c0   Section        0  dht11.o(i.DH11_GPIO_Init_OUT)
    i.DHT11_Delay                            0x080007fc   Section        0  dht11.o(i.DHT11_Delay)
    DHT11_Delay                              0x080007fd   Thumb Code    54  dht11.o(i.DHT11_Delay)
    i.DHT11_REC_Data                         0x08000844   Section        0  dht11.o(i.DHT11_REC_Data)
    i.DHT11_Rec_Byte                         0x080008e4   Section        0  dht11.o(i.DHT11_Rec_Byte)
    i.DHT11_Start                            0x08000934   Section        0  dht11.o(i.DHT11_Start)
    i.DWT_Init                               0x0800097c   Section        0  dht11.o(i.DWT_Init)
    i.DebugMon_Handler                       0x080009b8   Section        0  stm32f1xx_it.o(i.DebugMon_Handler)
    i.ESP8266_Clear                          0x080009bc   Section        0  esp-01s.o(i.ESP8266_Clear)
    i.ESP8266_GetIPD                         0x080009d8   Section        0  esp-01s.o(i.ESP8266_GetIPD)
    i.ESP8266_Init                           0x08000a18   Section        0  esp-01s.o(i.ESP8266_Init)
    i.ESP8266_SendCmd                        0x08000bac   Section        0  esp-01s.o(i.ESP8266_SendCmd)
    i.ESP8266_SendData                       0x08000bf8   Section        0  esp-01s.o(i.ESP8266_SendData)
    i.ESP8266_WaitRecive                     0x08000c48   Section        0  esp-01s.o(i.ESP8266_WaitRecive)
    i.Error_Handler                          0x08000c68   Section        0  main.o(i.Error_Handler)
    i.Esp_Data_Pro                           0x08000c6c   Section        0  esp-01s.o(i.Esp_Data_Pro)
    i.HAL_ADCEx_Calibration_Start            0x08000dc4   Section        0  stm32f1xx_hal_adc_ex.o(i.HAL_ADCEx_Calibration_Start)
    i.HAL_ADC_ConfigChannel                  0x08000e9c   Section        0  stm32f1xx_hal_adc.o(i.HAL_ADC_ConfigChannel)
    i.HAL_ADC_GetValue                       0x08000f98   Section        0  stm32f1xx_hal_adc.o(i.HAL_ADC_GetValue)
    i.HAL_ADC_Init                           0x08000fa0   Section        0  stm32f1xx_hal_adc.o(i.HAL_ADC_Init)
    i.HAL_ADC_MspInit                        0x080010bc   Section        0  adc.o(i.HAL_ADC_MspInit)
    i.HAL_ADC_PollForConversion              0x08001114   Section        0  stm32f1xx_hal_adc.o(i.HAL_ADC_PollForConversion)
    i.HAL_ADC_Start                          0x08001250   Section        0  stm32f1xx_hal_adc.o(i.HAL_ADC_Start)
    i.HAL_ADC_Stop                           0x08001310   Section        0  stm32f1xx_hal_adc.o(i.HAL_ADC_Stop)
    i.HAL_DMA_Abort                          0x08001344   Section        0  stm32f1xx_hal_dma.o(i.HAL_DMA_Abort)
    i.HAL_DMA_Abort_IT                       0x0800138c   Section        0  stm32f1xx_hal_dma.o(i.HAL_DMA_Abort_IT)
    i.HAL_Delay                              0x08001424   Section        0  stm32f1xx_hal.o(i.HAL_Delay)
    i.HAL_GPIO_Init                          0x08001448   Section        0  stm32f1xx_hal_gpio.o(i.HAL_GPIO_Init)
    i.HAL_GPIO_ReadPin                       0x08001628   Section        0  stm32f1xx_hal_gpio.o(i.HAL_GPIO_ReadPin)
    i.HAL_GPIO_WritePin                      0x08001632   Section        0  stm32f1xx_hal_gpio.o(i.HAL_GPIO_WritePin)
    i.HAL_GetTick                            0x0800163c   Section        0  stm32f1xx_hal.o(i.HAL_GetTick)
    i.HAL_IncTick                            0x08001648   Section        0  stm32f1xx_hal.o(i.HAL_IncTick)
    i.HAL_Init                               0x08001658   Section        0  stm32f1xx_hal.o(i.HAL_Init)
    i.HAL_InitTick                           0x0800167c   Section        0  stm32f1xx_hal.o(i.HAL_InitTick)
    i.HAL_MspInit                            0x080016bc   Section        0  stm32f1xx_hal_msp.o(i.HAL_MspInit)
    i.HAL_NVIC_EnableIRQ                     0x080016f8   Section        0  stm32f1xx_hal_cortex.o(i.HAL_NVIC_EnableIRQ)
    i.HAL_NVIC_SetPriority                   0x08001714   Section        0  stm32f1xx_hal_cortex.o(i.HAL_NVIC_SetPriority)
    i.HAL_NVIC_SetPriorityGrouping           0x08001754   Section        0  stm32f1xx_hal_cortex.o(i.HAL_NVIC_SetPriorityGrouping)
    i.HAL_RCCEx_GetPeriphCLKFreq             0x08001778   Section        0  stm32f1xx_hal_rcc_ex.o(i.HAL_RCCEx_GetPeriphCLKFreq)
    i.HAL_RCCEx_PeriphCLKConfig              0x0800181c   Section        0  stm32f1xx_hal_rcc_ex.o(i.HAL_RCCEx_PeriphCLKConfig)
    i.HAL_RCC_ClockConfig                    0x08001908   Section        0  stm32f1xx_hal_rcc.o(i.HAL_RCC_ClockConfig)
    i.HAL_RCC_GetPCLK1Freq                   0x08001a34   Section        0  stm32f1xx_hal_rcc.o(i.HAL_RCC_GetPCLK1Freq)
    i.HAL_RCC_GetPCLK2Freq                   0x08001a54   Section        0  stm32f1xx_hal_rcc.o(i.HAL_RCC_GetPCLK2Freq)
    i.HAL_RCC_GetSysClockFreq                0x08001a74   Section        0  stm32f1xx_hal_rcc.o(i.HAL_RCC_GetSysClockFreq)
    i.HAL_RCC_OscConfig                      0x08001ac0   Section        0  stm32f1xx_hal_rcc.o(i.HAL_RCC_OscConfig)
    i.HAL_SYSTICK_Config                     0x08001de0   Section        0  stm32f1xx_hal_cortex.o(i.HAL_SYSTICK_Config)
    i.HAL_TIMEx_MasterConfigSynchronization  0x08001e08   Section        0  stm32f1xx_hal_tim_ex.o(i.HAL_TIMEx_MasterConfigSynchronization)
    i.HAL_TIM_Base_Init                      0x08001e70   Section        0  stm32f1xx_hal_tim.o(i.HAL_TIM_Base_Init)
    i.HAL_TIM_Base_MspInit                   0x08001ecc   Section        0  tim.o(i.HAL_TIM_Base_MspInit)
    i.HAL_TIM_ConfigClockSource              0x08001f08   Section        0  stm32f1xx_hal_tim.o(i.HAL_TIM_ConfigClockSource)
    i.HAL_TIM_MspPostInit                    0x08001fe4   Section        0  tim.o(i.HAL_TIM_MspPostInit)
    i.HAL_TIM_PWM_ConfigChannel              0x08002074   Section        0  stm32f1xx_hal_tim.o(i.HAL_TIM_PWM_ConfigChannel)
    i.HAL_TIM_PWM_Init                       0x08002140   Section        0  stm32f1xx_hal_tim.o(i.HAL_TIM_PWM_Init)
    i.HAL_TIM_PWM_MspInit                    0x0800219a   Section        0  stm32f1xx_hal_tim.o(i.HAL_TIM_PWM_MspInit)
    i.HAL_TIM_PWM_Start                      0x0800219c   Section        0  stm32f1xx_hal_tim.o(i.HAL_TIM_PWM_Start)
    i.HAL_TIM_PWM_Stop                       0x08002238   Section        0  stm32f1xx_hal_tim.o(i.HAL_TIM_PWM_Stop)
    i.HAL_UARTEx_RxEventCallback             0x080022a8   Section        0  stm32f1xx_hal_uart.o(i.HAL_UARTEx_RxEventCallback)
    i.HAL_UART_ErrorCallback                 0x080022aa   Section        0  stm32f1xx_hal_uart.o(i.HAL_UART_ErrorCallback)
    i.HAL_UART_IRQHandler                    0x080022ac   Section        0  stm32f1xx_hal_uart.o(i.HAL_UART_IRQHandler)
    i.HAL_UART_Init                          0x08002518   Section        0  stm32f1xx_hal_uart.o(i.HAL_UART_Init)
    i.HAL_UART_MspInit                       0x0800257c   Section        0  usart.o(i.HAL_UART_MspInit)
    i.HAL_UART_Receive_IT                    0x080025fc   Section        0  stm32f1xx_hal_uart.o(i.HAL_UART_Receive_IT)
    i.HAL_UART_RxCpltCallback                0x08002618   Section        0  esp-01s.o(i.HAL_UART_RxCpltCallback)
    i.HAL_UART_Transmit                      0x08002648   Section        0  stm32f1xx_hal_uart.o(i.HAL_UART_Transmit)
    i.HAL_UART_TxCpltCallback                0x080026e8   Section        0  stm32f1xx_hal_uart.o(i.HAL_UART_TxCpltCallback)
    i.HardFault_Handler                      0x080026ea   Section        0  stm32f1xx_it.o(i.HardFault_Handler)
    i.IIC_delay                              0x080026ec   Section        0  oled.o(i.IIC_delay)
    i.KEY_Poce                               0x080026f8   Section        0  main.o(i.KEY_Poce)
    i.MX_ADC1_Init                           0x08002764   Section        0  adc.o(i.MX_ADC1_Init)
    i.MX_GPIO_Init                           0x080027b8   Section        0  gpio.o(i.MX_GPIO_Init)
    i.MX_TIM2_Init                           0x080028bc   Section        0  tim.o(i.MX_TIM2_Init)
    i.MX_TIM3_Init                           0x08002958   Section        0  tim.o(i.MX_TIM3_Init)
    i.MX_USART3_UART_Init                    0x08002a0c   Section        0  usart.o(i.MX_USART3_UART_Init)
    i.MemManage_Handler                      0x08002a44   Section        0  stm32f1xx_it.o(i.MemManage_Handler)
    i.NMI_Handler                            0x08002a46   Section        0  stm32f1xx_it.o(i.NMI_Handler)
    i.OLED_Clear                             0x08002a48   Section        0  oled.o(i.OLED_Clear)
    i.OLED_DrawPoint                         0x08002a74   Section        0  oled.o(i.OLED_DrawPoint)
    i.OLED_I2C_Start                         0x08002aa0   Section        0  oled.o(i.OLED_I2C_Start)
    i.OLED_I2C_Stop                          0x08002ae0   Section        0  oled.o(i.OLED_I2C_Stop)
    i.OLED_I2C_WaitAck                       0x08002b10   Section        0  oled.o(i.OLED_I2C_WaitAck)
    i.OLED_Init                              0x08002b48   Section        0  oled.o(i.OLED_Init)
    i.OLED_Poce                              0x08002c28   Section        0  main.o(i.OLED_Poce)
    i.OLED_Pow                               0x08002e10   Section        0  oled.o(i.OLED_Pow)
    i.OLED_Refresh                           0x08002e20   Section        0  oled.o(i.OLED_Refresh)
    i.OLED_Send_Byte                         0x08002e88   Section        0  oled.o(i.OLED_Send_Byte)
    i.OLED_ShowChar                          0x08002ed0   Section        0  oled.o(i.OLED_ShowChar)
    i.OLED_ShowChinese                       0x08002fbc   Section        0  oled.o(i.OLED_ShowChinese)
    i.OLED_ShowNum                           0x08003098   Section        0  oled.o(i.OLED_ShowNum)
    i.OLED_ShowPicture                       0x0800310c   Section        0  oled.o(i.OLED_ShowPicture)
    i.OLED_ShowString                        0x080031b0   Section        0  oled.o(i.OLED_ShowString)
    i.OLED_WR_Byte                           0x080031f0   Section        0  oled.o(i.OLED_WR_Byte)
    i.PendSV_Handler                         0x08003226   Section        0  stm32f1xx_it.o(i.PendSV_Handler)
    i.SVC_Handler                            0x08003228   Section        0  stm32f1xx_it.o(i.SVC_Handler)
    i.Servo_SetAngle                         0x0800322c   Section        0  sg90.o(i.Servo_SetAngle)
    i.SysTick_Handler                        0x08003250   Section        0  stm32f1xx_it.o(i.SysTick_Handler)
    i.SystemClock_Config                     0x08003254   Section        0  main.o(i.SystemClock_Config)
    i.SystemInit                             0x080032cc   Section        0  system_stm32f1xx.o(i.SystemInit)
    i.TIM_Base_SetConfig                     0x080032d0   Section        0  stm32f1xx_hal_tim.o(i.TIM_Base_SetConfig)
    i.TIM_CCxChannelCmd                      0x08003348   Section        0  stm32f1xx_hal_tim.o(i.TIM_CCxChannelCmd)
    i.TIM_ETR_SetConfig                      0x08003362   Section        0  stm32f1xx_hal_tim.o(i.TIM_ETR_SetConfig)
    i.TIM_ITRx_SetConfig                     0x08003376   Section        0  stm32f1xx_hal_tim.o(i.TIM_ITRx_SetConfig)
    TIM_ITRx_SetConfig                       0x08003377   Thumb Code    16  stm32f1xx_hal_tim.o(i.TIM_ITRx_SetConfig)
    i.TIM_OC1_SetConfig                      0x08003388   Section        0  stm32f1xx_hal_tim.o(i.TIM_OC1_SetConfig)
    TIM_OC1_SetConfig                        0x08003389   Thumb Code    74  stm32f1xx_hal_tim.o(i.TIM_OC1_SetConfig)
    i.TIM_OC2_SetConfig                      0x080033d8   Section        0  stm32f1xx_hal_tim.o(i.TIM_OC2_SetConfig)
    i.TIM_OC3_SetConfig                      0x08003430   Section        0  stm32f1xx_hal_tim.o(i.TIM_OC3_SetConfig)
    TIM_OC3_SetConfig                        0x08003431   Thumb Code    82  stm32f1xx_hal_tim.o(i.TIM_OC3_SetConfig)
    i.TIM_OC4_SetConfig                      0x08003488   Section        0  stm32f1xx_hal_tim.o(i.TIM_OC4_SetConfig)
    TIM_OC4_SetConfig                        0x08003489   Thumb Code    64  stm32f1xx_hal_tim.o(i.TIM_OC4_SetConfig)
    i.TIM_TI1_ConfigInputStage               0x080034cc   Section        0  stm32f1xx_hal_tim.o(i.TIM_TI1_ConfigInputStage)
    TIM_TI1_ConfigInputStage                 0x080034cd   Thumb Code    34  stm32f1xx_hal_tim.o(i.TIM_TI1_ConfigInputStage)
    i.TIM_TI2_ConfigInputStage               0x080034ee   Section        0  stm32f1xx_hal_tim.o(i.TIM_TI2_ConfigInputStage)
    TIM_TI2_ConfigInputStage                 0x080034ef   Thumb Code    36  stm32f1xx_hal_tim.o(i.TIM_TI2_ConfigInputStage)
    i.UART_DMAAbortOnError                   0x08003512   Section        0  stm32f1xx_hal_uart.o(i.UART_DMAAbortOnError)
    UART_DMAAbortOnError                     0x08003513   Thumb Code    16  stm32f1xx_hal_uart.o(i.UART_DMAAbortOnError)
    i.UART_EndRxTransfer                     0x08003522   Section        0  stm32f1xx_hal_uart.o(i.UART_EndRxTransfer)
    UART_EndRxTransfer                       0x08003523   Thumb Code    78  stm32f1xx_hal_uart.o(i.UART_EndRxTransfer)
    i.UART_Receive_IT                        0x08003570   Section        0  stm32f1xx_hal_uart.o(i.UART_Receive_IT)
    UART_Receive_IT                          0x08003571   Thumb Code   194  stm32f1xx_hal_uart.o(i.UART_Receive_IT)
    i.UART_SetConfig                         0x08003634   Section        0  stm32f1xx_hal_uart.o(i.UART_SetConfig)
    UART_SetConfig                           0x08003635   Thumb Code   178  stm32f1xx_hal_uart.o(i.UART_SetConfig)
    i.UART_Start_Receive_IT                  0x080036ec   Section        0  stm32f1xx_hal_uart.o(i.UART_Start_Receive_IT)
    i.UART_WaitOnFlagUntilTimeout            0x08003722   Section        0  stm32f1xx_hal_uart.o(i.UART_WaitOnFlagUntilTimeout)
    UART_WaitOnFlagUntilTimeout              0x08003723   Thumb Code   114  stm32f1xx_hal_uart.o(i.UART_WaitOnFlagUntilTimeout)
    i.USART3_IRQHandler                      0x08003794   Section        0  stm32f1xx_it.o(i.USART3_IRQHandler)
    i.UsageFault_Handler                     0x080037a0   Section        0  stm32f1xx_it.o(i.UsageFault_Handler)
    i.__NVIC_SetPriority                     0x080037a2   Section        0  stm32f1xx_hal_cortex.o(i.__NVIC_SetPriority)
    __NVIC_SetPriority                       0x080037a3   Thumb Code    32  stm32f1xx_hal_cortex.o(i.__NVIC_SetPriority)
    i.adc_read                               0x080037c4   Section        0  adc.o(i.adc_read)
    i.key_val                                0x080037fc   Section        0  gpio.o(i.key_val)
    i.main                                   0x0800384c   Section        0  main.o(i.main)
    .constdata                               0x080038b8   Section       18  stm32f1xx_hal_rcc.o(.constdata)
    aPredivFactorTable                       0x080038b8   Data           2  stm32f1xx_hal_rcc.o(.constdata)
    aPLLMULFactorTable                       0x080038ba   Data          16  stm32f1xx_hal_rcc.o(.constdata)
    .constdata                               0x080038ca   Section       18  stm32f1xx_hal_rcc_ex.o(.constdata)
    aPredivFactorTable                       0x080038ca   Data           2  stm32f1xx_hal_rcc_ex.o(.constdata)
    aPLLMULFactorTable                       0x080038cc   Data          16  stm32f1xx_hal_rcc_ex.o(.constdata)
    .constdata                               0x080038dc   Section       16  system_stm32f1xx.o(.constdata)
    .constdata                               0x080038ec   Section        8  system_stm32f1xx.o(.constdata)
    .constdata                               0x080038f4   Section     8144  oled.o(.constdata)
    .data                                    0x20000000   Section       16  main.o(.data)
    .data                                    0x20000010   Section        1  adc.o(.data)
    .data                                    0x20000014   Section       12  stm32f1xx_hal.o(.data)
    .data                                    0x20000020   Section        4  system_stm32f1xx.o(.data)
    .data                                    0x20000024   Section        1  dht11.o(.data)
    dwt_initialized                          0x20000024   Data           1  dht11.o(.data)
    .data                                    0x20000028   Section       12  esp-01s.o(.data)
    .data                                    0x20000034   Section      128  oled.o(.data)
    .bss                                     0x200000b4   Section      200  main.o(.bss)
    .bss                                     0x2000017c   Section       48  adc.o(.bss)
    .bss                                     0x200001ac   Section      144  tim.o(.bss)
    .bss                                     0x2000023c   Section       72  usart.o(.bss)
    .bss                                     0x20000284   Section       16  dht11.o(.bss)
    .bss                                     0x20000294   Section      356  esp-01s.o(.bss)
    .bss                                     0x200003f8   Section     1152  oled.o(.bss)
    .bss                                     0x20000878   Section       96  libspace.o(.bss)
    HEAP                                     0x200008d8   Section      512  startup_stm32f103xb.o(HEAP)
    Heap_Mem                                 0x200008d8   Data         512  startup_stm32f103xb.o(HEAP)
    STACK                                    0x20000ad8   Section     1024  startup_stm32f103xb.o(STACK)
    Stack_Mem                                0x20000ad8   Data        1024  startup_stm32f103xb.o(STACK)
    __initial_sp                             0x20000ed8   Data           0  startup_stm32f103xb.o(STACK)

    Global Symbols

    Symbol Name                              Value     Ov Type        Size  Object(Section)

    BuildAttributes$$THM_ISAv4$P$D$K$B$S$PE$A:L22UL41UL21$X:L11$S22US41US21$IEEE1$IW$USESV6$~STKCKD$USESV7$~SHL$OSPACE$ROPI$EBA8$UX$STANDARDLIB$REQ8$PRES8$EABIv2 0x00000000   Number         0  anon$$obj.o ABSOLUTE
    __ARM_use_no_argv                        0x00000000   Number         0  main.o ABSOLUTE
    __ARM_exceptions_init                     - Undefined Weak Reference
    __alloca_initialize                       - Undefined Weak Reference
    __arm_fini_                               - Undefined Weak Reference
    __arm_preinit_                            - Undefined Weak Reference
    __cpp_initialize__aeabi_                  - Undefined Weak Reference
    __cxa_finalize                            - Undefined Weak Reference
    __rt_locale                               - Undefined Weak Reference
    __sigvec_lookup                           - Undefined Weak Reference
    _atexit_init                              - Undefined Weak Reference
    _call_atexit_fns                          - Undefined Weak Reference
    _clock_init                               - Undefined Weak Reference
    _fp_trap_init                             - Undefined Weak Reference
    _fp_trap_shutdown                         - Undefined Weak Reference
    _get_lc_collate                           - Undefined Weak Reference
    _get_lc_ctype                             - Undefined Weak Reference
    _get_lc_monetary                          - Undefined Weak Reference
    _get_lc_numeric                           - Undefined Weak Reference
    _get_lc_time                              - Undefined Weak Reference
    _getenv_init                              - Undefined Weak Reference
    _handle_redirection                       - Undefined Weak Reference
    _init_alloc                               - Undefined Weak Reference
    _init_user_alloc                          - Undefined Weak Reference
    _initio                                   - Undefined Weak Reference
    _printf_post_padding                      - Undefined Weak Reference
    _printf_pre_padding                       - Undefined Weak Reference
    _printf_truncate_signed                   - Undefined Weak Reference
    _printf_truncate_unsigned                 - Undefined Weak Reference
    _rand_init                                - Undefined Weak Reference
    _signal_finish                            - Undefined Weak Reference
    _signal_init                              - Undefined Weak Reference
    _terminate_alloc                          - Undefined Weak Reference
    _terminate_user_alloc                     - Undefined Weak Reference
    _terminateio                              - Undefined Weak Reference
    __Vectors_Size                           0x000000ec   Number         0  startup_stm32f103xb.o ABSOLUTE
    __Vectors                                0x08000000   Data           4  startup_stm32f103xb.o(RESET)
    __Vectors_End                            0x080000ec   Data           0  startup_stm32f103xb.o(RESET)
    __main                                   0x080000ed   Thumb Code     8  __main.o(!!!main)
    __scatterload                            0x080000f5   Thumb Code     0  __scatter.o(!!!scatter)
    __scatterload_rt2                        0x080000f5   Thumb Code    44  __scatter.o(!!!scatter)
    __scatterload_rt2_thumb_only             0x080000f5   Thumb Code     0  __scatter.o(!!!scatter)
    __scatterload_null                       0x08000103   Thumb Code     0  __scatter.o(!!!scatter)
    __scatterload_copy                       0x08000129   Thumb Code    26  __scatter_copy.o(!!handler_copy)
    __scatterload_zeroinit                   0x08000145   Thumb Code    28  __scatter_zi.o(!!handler_zi)
    _printf_d                                0x08000161   Thumb Code     0  _printf_d.o(.ARM.Collect$$_printf_percent$$00000009)
    _printf_percent                          0x08000161   Thumb Code     0  _printf_percent.o(.ARM.Collect$$_printf_percent$$00000000)
    _printf_percent_end                      0x08000167   Thumb Code     0  _printf_percent_end.o(.ARM.Collect$$_printf_percent$$00000017)
    __rt_lib_init                            0x0800016b   Thumb Code     0  libinit.o(.ARM.Collect$$libinit$$00000000)
    __rt_lib_init_alloca_1                   0x0800016d   Thumb Code     0  libinit2.o(.ARM.Collect$$libinit$$0000002E)
    __rt_lib_init_argv_1                     0x0800016d   Thumb Code     0  libinit2.o(.ARM.Collect$$libinit$$0000002C)
    __rt_lib_init_atexit_1                   0x0800016d   Thumb Code     0  libinit2.o(.ARM.Collect$$libinit$$0000001B)
    __rt_lib_init_clock_1                    0x0800016d   Thumb Code     0  libinit2.o(.ARM.Collect$$libinit$$00000021)
    __rt_lib_init_cpp_1                      0x0800016d   Thumb Code     0  libinit2.o(.ARM.Collect$$libinit$$00000032)
    __rt_lib_init_exceptions_1               0x0800016d   Thumb Code     0  libinit2.o(.ARM.Collect$$libinit$$00000030)
    __rt_lib_init_fp_1                       0x0800016d   Thumb Code     0  libinit2.o(.ARM.Collect$$libinit$$00000002)
    __rt_lib_init_fp_trap_1                  0x0800016d   Thumb Code     0  libinit2.o(.ARM.Collect$$libinit$$0000001F)
    __rt_lib_init_getenv_1                   0x0800016d   Thumb Code     0  libinit2.o(.ARM.Collect$$libinit$$00000023)
    __rt_lib_init_heap_1                     0x0800016d   Thumb Code     0  libinit2.o(.ARM.Collect$$libinit$$0000000A)
    __rt_lib_init_lc_collate_1               0x0800016d   Thumb Code     0  libinit2.o(.ARM.Collect$$libinit$$00000011)
    __rt_lib_init_lc_ctype_1                 0x0800016d   Thumb Code     0  libinit2.o(.ARM.Collect$$libinit$$00000013)
    __rt_lib_init_lc_monetary_1              0x0800016d   Thumb Code     0  libinit2.o(.ARM.Collect$$libinit$$00000015)
    __rt_lib_init_lc_numeric_1               0x0800016d   Thumb Code     0  libinit2.o(.ARM.Collect$$libinit$$00000017)
    __rt_lib_init_lc_time_1                  0x0800016d   Thumb Code     0  libinit2.o(.ARM.Collect$$libinit$$00000019)
    __rt_lib_init_preinit_1                  0x0800016d   Thumb Code     0  libinit2.o(.ARM.Collect$$libinit$$00000004)
    __rt_lib_init_rand_1                     0x0800016d   Thumb Code     0  libinit2.o(.ARM.Collect$$libinit$$0000000E)
    __rt_lib_init_return                     0x0800016d   Thumb Code     0  libinit2.o(.ARM.Collect$$libinit$$00000033)
    __rt_lib_init_signal_1                   0x0800016d   Thumb Code     0  libinit2.o(.ARM.Collect$$libinit$$0000001D)
    __rt_lib_init_stdio_1                    0x0800016d   Thumb Code     0  libinit2.o(.ARM.Collect$$libinit$$00000025)
    __rt_lib_init_user_alloc_1               0x0800016d   Thumb Code     0  libinit2.o(.ARM.Collect$$libinit$$0000000C)
    __rt_lib_shutdown                        0x0800016f   Thumb Code     0  libshutdown.o(.ARM.Collect$$libshutdown$$00000000)
    __rt_lib_shutdown_cpp_1                  0x08000171   Thumb Code     0  libshutdown2.o(.ARM.Collect$$libshutdown$$00000004)
    __rt_lib_shutdown_fini_1                 0x08000171   Thumb Code     0  libshutdown2.o(.ARM.Collect$$libshutdown$$00000002)
    __rt_lib_shutdown_fp_trap_1              0x08000171   Thumb Code     0  libshutdown2.o(.ARM.Collect$$libshutdown$$00000009)
    __rt_lib_shutdown_heap_1                 0x08000171   Thumb Code     0  libshutdown2.o(.ARM.Collect$$libshutdown$$00000011)
    __rt_lib_shutdown_return                 0x08000171   Thumb Code     0  libshutdown2.o(.ARM.Collect$$libshutdown$$00000012)
    __rt_lib_shutdown_signal_1               0x08000171   Thumb Code     0  libshutdown2.o(.ARM.Collect$$libshutdown$$0000000C)
    __rt_lib_shutdown_stdio_1                0x08000171   Thumb Code     0  libshutdown2.o(.ARM.Collect$$libshutdown$$00000006)
    __rt_lib_shutdown_user_alloc_1           0x08000171   Thumb Code     0  libshutdown2.o(.ARM.Collect$$libshutdown$$0000000E)
    __rt_entry                               0x08000173   Thumb Code     0  __rtentry.o(.ARM.Collect$$rtentry$$00000000)
    __rt_entry_presh_1                       0x08000173   Thumb Code     0  __rtentry2.o(.ARM.Collect$$rtentry$$00000002)
    __rt_entry_sh                            0x08000173   Thumb Code     0  __rtentry4.o(.ARM.Collect$$rtentry$$00000004)
    __rt_entry_li                            0x08000179   Thumb Code     0  __rtentry2.o(.ARM.Collect$$rtentry$$0000000A)
    __rt_entry_postsh_1                      0x08000179   Thumb Code     0  __rtentry2.o(.ARM.Collect$$rtentry$$00000009)
    __rt_entry_main                          0x0800017d   Thumb Code     0  __rtentry2.o(.ARM.Collect$$rtentry$$0000000D)
    __rt_entry_postli_1                      0x0800017d   Thumb Code     0  __rtentry2.o(.ARM.Collect$$rtentry$$0000000C)
    __rt_exit                                0x08000185   Thumb Code     0  rtexit.o(.ARM.Collect$$rtexit$$00000000)
    __rt_exit_ls                             0x08000187   Thumb Code     0  rtexit2.o(.ARM.Collect$$rtexit$$00000003)
    __rt_exit_prels_1                        0x08000187   Thumb Code     0  rtexit2.o(.ARM.Collect$$rtexit$$00000002)
    __rt_exit_exit                           0x0800018b   Thumb Code     0  rtexit2.o(.ARM.Collect$$rtexit$$00000004)
    Reset_Handler                            0x08000191   Thumb Code     8  startup_stm32f103xb.o(.text)
    ADC1_2_IRQHandler                        0x080001ab   Thumb Code     0  startup_stm32f103xb.o(.text)
    CAN1_RX1_IRQHandler                      0x080001ab   Thumb Code     0  startup_stm32f103xb.o(.text)
    CAN1_SCE_IRQHandler                      0x080001ab   Thumb Code     0  startup_stm32f103xb.o(.text)
    DMA1_Channel1_IRQHandler                 0x080001ab   Thumb Code     0  startup_stm32f103xb.o(.text)
    DMA1_Channel2_IRQHandler                 0x080001ab   Thumb Code     0  startup_stm32f103xb.o(.text)
    DMA1_Channel3_IRQHandler                 0x080001ab   Thumb Code     0  startup_stm32f103xb.o(.text)
    DMA1_Channel4_IRQHandler                 0x080001ab   Thumb Code     0  startup_stm32f103xb.o(.text)
    DMA1_Channel5_IRQHandler                 0x080001ab   Thumb Code     0  startup_stm32f103xb.o(.text)
    DMA1_Channel6_IRQHandler                 0x080001ab   Thumb Code     0  startup_stm32f103xb.o(.text)
    DMA1_Channel7_IRQHandler                 0x080001ab   Thumb Code     0  startup_stm32f103xb.o(.text)
    EXTI0_IRQHandler                         0x080001ab   Thumb Code     0  startup_stm32f103xb.o(.text)
    EXTI15_10_IRQHandler                     0x080001ab   Thumb Code     0  startup_stm32f103xb.o(.text)
    EXTI1_IRQHandler                         0x080001ab   Thumb Code     0  startup_stm32f103xb.o(.text)
    EXTI2_IRQHandler                         0x080001ab   Thumb Code     0  startup_stm32f103xb.o(.text)
    EXTI3_IRQHandler                         0x080001ab   Thumb Code     0  startup_stm32f103xb.o(.text)
    EXTI4_IRQHandler                         0x080001ab   Thumb Code     0  startup_stm32f103xb.o(.text)
    EXTI9_5_IRQHandler                       0x080001ab   Thumb Code     0  startup_stm32f103xb.o(.text)
    FLASH_IRQHandler                         0x080001ab   Thumb Code     0  startup_stm32f103xb.o(.text)
    I2C1_ER_IRQHandler                       0x080001ab   Thumb Code     0  startup_stm32f103xb.o(.text)
    I2C1_EV_IRQHandler                       0x080001ab   Thumb Code     0  startup_stm32f103xb.o(.text)
    I2C2_ER_IRQHandler                       0x080001ab   Thumb Code     0  startup_stm32f103xb.o(.text)
    I2C2_EV_IRQHandler                       0x080001ab   Thumb Code     0  startup_stm32f103xb.o(.text)
    PVD_IRQHandler                           0x080001ab   Thumb Code     0  startup_stm32f103xb.o(.text)
    RCC_IRQHandler                           0x080001ab   Thumb Code     0  startup_stm32f103xb.o(.text)
    RTC_Alarm_IRQHandler                     0x080001ab   Thumb Code     0  startup_stm32f103xb.o(.text)
    RTC_IRQHandler                           0x080001ab   Thumb Code     0  startup_stm32f103xb.o(.text)
    SPI1_IRQHandler                          0x080001ab   Thumb Code     0  startup_stm32f103xb.o(.text)
    SPI2_IRQHandler                          0x080001ab   Thumb Code     0  startup_stm32f103xb.o(.text)
    TAMPER_IRQHandler                        0x080001ab   Thumb Code     0  startup_stm32f103xb.o(.text)
    TIM1_BRK_IRQHandler                      0x080001ab   Thumb Code     0  startup_stm32f103xb.o(.text)
    TIM1_CC_IRQHandler                       0x080001ab   Thumb Code     0  startup_stm32f103xb.o(.text)
    TIM1_TRG_COM_IRQHandler                  0x080001ab   Thumb Code     0  startup_stm32f103xb.o(.text)
    TIM1_UP_IRQHandler                       0x080001ab   Thumb Code     0  startup_stm32f103xb.o(.text)
    TIM2_IRQHandler                          0x080001ab   Thumb Code     0  startup_stm32f103xb.o(.text)
    TIM3_IRQHandler                          0x080001ab   Thumb Code     0  startup_stm32f103xb.o(.text)
    TIM4_IRQHandler                          0x080001ab   Thumb Code     0  startup_stm32f103xb.o(.text)
    USART1_IRQHandler                        0x080001ab   Thumb Code     0  startup_stm32f103xb.o(.text)
    USART2_IRQHandler                        0x080001ab   Thumb Code     0  startup_stm32f103xb.o(.text)
    USBWakeUp_IRQHandler                     0x080001ab   Thumb Code     0  startup_stm32f103xb.o(.text)
    USB_HP_CAN1_TX_IRQHandler                0x080001ab   Thumb Code     0  startup_stm32f103xb.o(.text)
    USB_LP_CAN1_RX0_IRQHandler               0x080001ab   Thumb Code     0  startup_stm32f103xb.o(.text)
    WWDG_IRQHandler                          0x080001ab   Thumb Code     0  startup_stm32f103xb.o(.text)
    __user_initial_stackheap                 0x080001ad   Thumb Code     0  startup_stm32f103xb.o(.text)
    __2sprintf                               0x080001d1   Thumb Code    34  noretval__2sprintf.o(.text)
    __printf                                 0x080001f9   Thumb Code   104  __printf.o(.text)
    _printf_int_dec                          0x08000261   Thumb Code   104  _printf_dec.o(.text)
    strchr                                   0x080002d9   Thumb Code    20  strchr.o(.text)
    strstr                                   0x080002ed   Thumb Code    36  strstr.o(.text)
    strlen                                   0x08000311   Thumb Code    62  strlen.o(.text)
    __aeabi_memclr                           0x0800034f   Thumb Code     0  rt_memclr.o(.text)
    __rt_memclr                              0x0800034f   Thumb Code    68  rt_memclr.o(.text)
    _memset                                  0x08000353   Thumb Code     0  rt_memclr.o(.text)
    __aeabi_memclr4                          0x08000393   Thumb Code     0  rt_memclr_w.o(.text)
    __aeabi_memclr8                          0x08000393   Thumb Code     0  rt_memclr_w.o(.text)
    __rt_memclr_w                            0x08000393   Thumb Code    78  rt_memclr_w.o(.text)
    _memset_w                                0x08000397   Thumb Code     0  rt_memclr_w.o(.text)
    __use_two_region_memory                  0x080003e1   Thumb Code     2  heapauxi.o(.text)
    __rt_heap_escrow$2region                 0x080003e3   Thumb Code     2  heapauxi.o(.text)
    __rt_heap_expand$2region                 0x080003e5   Thumb Code     2  heapauxi.o(.text)
    _printf_int_common                       0x080003e7   Thumb Code   178  _printf_intcommon.o(.text)
    _printf_char_common                      0x080004a3   Thumb Code    32  _printf_char_common.o(.text)
    _sputc                                   0x080004c9   Thumb Code    10  _sputc.o(.text)
    __user_setup_stackheap                   0x080004d3   Thumb Code    74  sys_stackheap_outer.o(.text)
    exit                                     0x0800051d   Thumb Code    18  exit.o(.text)
    __user_libspace                          0x08000531   Thumb Code     8  libspace.o(.text)
    __user_perproc_libspace                  0x08000531   Thumb Code     0  libspace.o(.text)
    __user_perthread_libspace                0x08000531   Thumb Code     0  libspace.o(.text)
    _sys_exit                                0x08000539   Thumb Code     8  sys_exit.o(.text)
    __I$use$semihosting                      0x08000545   Thumb Code     0  use_no_semi.o(.text)
    __use_no_semihosting_swi                 0x08000545   Thumb Code     2  use_no_semi.o(.text)
    __semihosting_library_function           0x08000547   Thumb Code     0  indicate_semi.o(.text)
    ADC_ConversionStop_Disable               0x08000549   Thumb Code    86  stm32f1xx_hal_adc.o(i.ADC_ConversionStop_Disable)
    ADC_Enable                               0x080005a1   Thumb Code   114  stm32f1xx_hal_adc.o(i.ADC_Enable)
    BusFault_Handler                         0x0800061d   Thumb Code     2  stm32f1xx_it.o(i.BusFault_Handler)
    DATA_Poce                                0x08000621   Thumb Code   296  main.o(i.DATA_Poce)
    DH11_GPIO_Init_IN                        0x08000789   Thumb Code    48  dht11.o(i.DH11_GPIO_Init_IN)
    DH11_GPIO_Init_OUT                       0x080007c1   Thumb Code    52  dht11.o(i.DH11_GPIO_Init_OUT)
    DHT11_REC_Data                           0x08000845   Thumb Code   150  dht11.o(i.DHT11_REC_Data)
    DHT11_Rec_Byte                           0x080008e5   Thumb Code    76  dht11.o(i.DHT11_Rec_Byte)
    DHT11_Start                              0x08000935   Thumb Code    66  dht11.o(i.DHT11_Start)
    DWT_Init                                 0x0800097d   Thumb Code    48  dht11.o(i.DWT_Init)
    DebugMon_Handler                         0x080009b9   Thumb Code     2  stm32f1xx_it.o(i.DebugMon_Handler)
    ESP8266_Clear                            0x080009bd   Thumb Code    18  esp-01s.o(i.ESP8266_Clear)
    ESP8266_GetIPD                           0x080009d9   Thumb Code    52  esp-01s.o(i.ESP8266_GetIPD)
    ESP8266_Init                             0x08000a19   Thumb Code   234  esp-01s.o(i.ESP8266_Init)
    ESP8266_SendCmd                          0x08000bad   Thumb Code    68  esp-01s.o(i.ESP8266_SendCmd)
    ESP8266_SendData                         0x08000bf9   Thumb Code    50  esp-01s.o(i.ESP8266_SendData)
    ESP8266_WaitRecive                       0x08000c49   Thumb Code    28  esp-01s.o(i.ESP8266_WaitRecive)
    Error_Handler                            0x08000c69   Thumb Code     4  main.o(i.Error_Handler)
    Esp_Data_Pro                             0x08000c6d   Thumb Code   214  esp-01s.o(i.Esp_Data_Pro)
    HAL_ADCEx_Calibration_Start              0x08000dc5   Thumb Code   210  stm32f1xx_hal_adc_ex.o(i.HAL_ADCEx_Calibration_Start)
    HAL_ADC_ConfigChannel                    0x08000e9d   Thumb Code   240  stm32f1xx_hal_adc.o(i.HAL_ADC_ConfigChannel)
    HAL_ADC_GetValue                         0x08000f99   Thumb Code     6  stm32f1xx_hal_adc.o(i.HAL_ADC_GetValue)
    HAL_ADC_Init                             0x08000fa1   Thumb Code   272  stm32f1xx_hal_adc.o(i.HAL_ADC_Init)
    HAL_ADC_MspInit                          0x080010bd   Thumb Code    76  adc.o(i.HAL_ADC_MspInit)
    HAL_ADC_PollForConversion                0x08001115   Thumb Code   304  stm32f1xx_hal_adc.o(i.HAL_ADC_PollForConversion)
    HAL_ADC_Start                            0x08001251   Thumb Code   184  stm32f1xx_hal_adc.o(i.HAL_ADC_Start)
    HAL_ADC_Stop                             0x08001311   Thumb Code    52  stm32f1xx_hal_adc.o(i.HAL_ADC_Stop)
    HAL_DMA_Abort                            0x08001345   Thumb Code    70  stm32f1xx_hal_dma.o(i.HAL_DMA_Abort)
    HAL_DMA_Abort_IT                         0x0800138d   Thumb Code   148  stm32f1xx_hal_dma.o(i.HAL_DMA_Abort_IT)
    HAL_Delay                                0x08001425   Thumb Code    32  stm32f1xx_hal.o(i.HAL_Delay)
    HAL_GPIO_Init                            0x08001449   Thumb Code   446  stm32f1xx_hal_gpio.o(i.HAL_GPIO_Init)
    HAL_GPIO_ReadPin                         0x08001629   Thumb Code    10  stm32f1xx_hal_gpio.o(i.HAL_GPIO_ReadPin)
    HAL_GPIO_WritePin                        0x08001633   Thumb Code    10  stm32f1xx_hal_gpio.o(i.HAL_GPIO_WritePin)
    HAL_GetTick                              0x0800163d   Thumb Code     6  stm32f1xx_hal.o(i.HAL_GetTick)
    HAL_IncTick                              0x08001649   Thumb Code    12  stm32f1xx_hal.o(i.HAL_IncTick)
    HAL_Init                                 0x08001659   Thumb Code    32  stm32f1xx_hal.o(i.HAL_Init)
    HAL_InitTick                             0x0800167d   Thumb Code    54  stm32f1xx_hal.o(i.HAL_InitTick)
    HAL_MspInit                              0x080016bd   Thumb Code    52  stm32f1xx_hal_msp.o(i.HAL_MspInit)
    HAL_NVIC_EnableIRQ                       0x080016f9   Thumb Code    26  stm32f1xx_hal_cortex.o(i.HAL_NVIC_EnableIRQ)
    HAL_NVIC_SetPriority                     0x08001715   Thumb Code    60  stm32f1xx_hal_cortex.o(i.HAL_NVIC_SetPriority)
    HAL_NVIC_SetPriorityGrouping             0x08001755   Thumb Code    26  stm32f1xx_hal_cortex.o(i.HAL_NVIC_SetPriorityGrouping)
    HAL_RCCEx_GetPeriphCLKFreq               0x08001779   Thumb Code   148  stm32f1xx_hal_rcc_ex.o(i.HAL_RCCEx_GetPeriphCLKFreq)
    HAL_RCCEx_PeriphCLKConfig                0x0800181d   Thumb Code   224  stm32f1xx_hal_rcc_ex.o(i.HAL_RCCEx_PeriphCLKConfig)
    HAL_RCC_ClockConfig                      0x08001909   Thumb Code   280  stm32f1xx_hal_rcc.o(i.HAL_RCC_ClockConfig)
    HAL_RCC_GetPCLK1Freq                     0x08001a35   Thumb Code    20  stm32f1xx_hal_rcc.o(i.HAL_RCC_GetPCLK1Freq)
    HAL_RCC_GetPCLK2Freq                     0x08001a55   Thumb Code    20  stm32f1xx_hal_rcc.o(i.HAL_RCC_GetPCLK2Freq)
    HAL_RCC_GetSysClockFreq                  0x08001a75   Thumb Code    58  stm32f1xx_hal_rcc.o(i.HAL_RCC_GetSysClockFreq)
    HAL_RCC_OscConfig                        0x08001ac1   Thumb Code   778  stm32f1xx_hal_rcc.o(i.HAL_RCC_OscConfig)
    HAL_SYSTICK_Config                       0x08001de1   Thumb Code    40  stm32f1xx_hal_cortex.o(i.HAL_SYSTICK_Config)
    HAL_TIMEx_MasterConfigSynchronization    0x08001e09   Thumb Code    92  stm32f1xx_hal_tim_ex.o(i.HAL_TIMEx_MasterConfigSynchronization)
    HAL_TIM_Base_Init                        0x08001e71   Thumb Code    90  stm32f1xx_hal_tim.o(i.HAL_TIM_Base_Init)
    HAL_TIM_Base_MspInit                     0x08001ecd   Thumb Code    52  tim.o(i.HAL_TIM_Base_MspInit)
    HAL_TIM_ConfigClockSource                0x08001f09   Thumb Code   220  stm32f1xx_hal_tim.o(i.HAL_TIM_ConfigClockSource)
    HAL_TIM_MspPostInit                      0x08001fe5   Thumb Code   126  tim.o(i.HAL_TIM_MspPostInit)
    HAL_TIM_PWM_ConfigChannel                0x08002075   Thumb Code   204  stm32f1xx_hal_tim.o(i.HAL_TIM_PWM_ConfigChannel)
    HAL_TIM_PWM_Init                         0x08002141   Thumb Code    90  stm32f1xx_hal_tim.o(i.HAL_TIM_PWM_Init)
    HAL_TIM_PWM_MspInit                      0x0800219b   Thumb Code     2  stm32f1xx_hal_tim.o(i.HAL_TIM_PWM_MspInit)
    HAL_TIM_PWM_Start                        0x0800219d   Thumb Code   144  stm32f1xx_hal_tim.o(i.HAL_TIM_PWM_Start)
    HAL_TIM_PWM_Stop                         0x08002239   Thumb Code   108  stm32f1xx_hal_tim.o(i.HAL_TIM_PWM_Stop)
    HAL_UARTEx_RxEventCallback               0x080022a9   Thumb Code     2  stm32f1xx_hal_uart.o(i.HAL_UARTEx_RxEventCallback)
    HAL_UART_ErrorCallback                   0x080022ab   Thumb Code     2  stm32f1xx_hal_uart.o(i.HAL_UART_ErrorCallback)
    HAL_UART_IRQHandler                      0x080022ad   Thumb Code   616  stm32f1xx_hal_uart.o(i.HAL_UART_IRQHandler)
    HAL_UART_Init                            0x08002519   Thumb Code   100  stm32f1xx_hal_uart.o(i.HAL_UART_Init)
    HAL_UART_MspInit                         0x0800257d   Thumb Code   116  usart.o(i.HAL_UART_MspInit)
    HAL_UART_Receive_IT                      0x080025fd   Thumb Code    28  stm32f1xx_hal_uart.o(i.HAL_UART_Receive_IT)
    HAL_UART_RxCpltCallback                  0x08002619   Thumb Code    34  esp-01s.o(i.HAL_UART_RxCpltCallback)
    HAL_UART_Transmit                        0x08002649   Thumb Code   160  stm32f1xx_hal_uart.o(i.HAL_UART_Transmit)
    HAL_UART_TxCpltCallback                  0x080026e9   Thumb Code     2  stm32f1xx_hal_uart.o(i.HAL_UART_TxCpltCallback)
    HardFault_Handler                        0x080026eb   Thumb Code     2  stm32f1xx_it.o(i.HardFault_Handler)
    IIC_delay                                0x080026ed   Thumb Code    10  oled.o(i.IIC_delay)
    KEY_Poce                                 0x080026f9   Thumb Code   104  main.o(i.KEY_Poce)
    MX_ADC1_Init                             0x08002765   Thumb Code    76  adc.o(i.MX_ADC1_Init)
    MX_GPIO_Init                             0x080027b9   Thumb Code   242  gpio.o(i.MX_GPIO_Init)
    MX_TIM2_Init                             0x080028bd   Thumb Code   152  tim.o(i.MX_TIM2_Init)
    MX_TIM3_Init                             0x08002959   Thumb Code   172  tim.o(i.MX_TIM3_Init)
    MX_USART3_UART_Init                      0x08002a0d   Thumb Code    48  usart.o(i.MX_USART3_UART_Init)
    MemManage_Handler                        0x08002a45   Thumb Code     2  stm32f1xx_it.o(i.MemManage_Handler)
    NMI_Handler                              0x08002a47   Thumb Code     2  stm32f1xx_it.o(i.NMI_Handler)
    OLED_Clear                               0x08002a49   Thumb Code    40  oled.o(i.OLED_Clear)
    OLED_DrawPoint                           0x08002a75   Thumb Code    40  oled.o(i.OLED_DrawPoint)
    OLED_I2C_Start                           0x08002aa1   Thumb Code    60  oled.o(i.OLED_I2C_Start)
    OLED_I2C_Stop                            0x08002ae1   Thumb Code    42  oled.o(i.OLED_I2C_Stop)
    OLED_I2C_WaitAck                         0x08002b11   Thumb Code    50  oled.o(i.OLED_I2C_WaitAck)
    OLED_Init                                0x08002b49   Thumb Code   224  oled.o(i.OLED_Init)
    OLED_Poce                                0x08002c29   Thumb Code   462  main.o(i.OLED_Poce)
    OLED_Pow                                 0x08002e11   Thumb Code    16  oled.o(i.OLED_Pow)
    OLED_Refresh                             0x08002e21   Thumb Code   100  oled.o(i.OLED_Refresh)
    OLED_Send_Byte                           0x08002e89   Thumb Code    68  oled.o(i.OLED_Send_Byte)
    OLED_ShowChar                            0x08002ed1   Thumb Code   220  oled.o(i.OLED_ShowChar)
    OLED_ShowChinese                         0x08002fbd   Thumb Code   210  oled.o(i.OLED_ShowChinese)
    OLED_ShowNum                             0x08003099   Thumb Code   114  oled.o(i.OLED_ShowNum)
    OLED_ShowPicture                         0x0800310d   Thumb Code   160  oled.o(i.OLED_ShowPicture)
    OLED_ShowString                          0x080031b1   Thumb Code    64  oled.o(i.OLED_ShowString)
    OLED_WR_Byte                             0x080031f1   Thumb Code    54  oled.o(i.OLED_WR_Byte)
    PendSV_Handler                           0x08003227   Thumb Code     2  stm32f1xx_it.o(i.PendSV_Handler)
    SVC_Handler                              0x08003229   Thumb Code     2  stm32f1xx_it.o(i.SVC_Handler)
    Servo_SetAngle                           0x0800322d   Thumb Code    32  sg90.o(i.Servo_SetAngle)
    SysTick_Handler                          0x08003251   Thumb Code     4  stm32f1xx_it.o(i.SysTick_Handler)
    SystemClock_Config                       0x08003255   Thumb Code   120  main.o(i.SystemClock_Config)
    SystemInit                               0x080032cd   Thumb Code     2  system_stm32f1xx.o(i.SystemInit)
    TIM_Base_SetConfig                       0x080032d1   Thumb Code   108  stm32f1xx_hal_tim.o(i.TIM_Base_SetConfig)
    TIM_CCxChannelCmd                        0x08003349   Thumb Code    26  stm32f1xx_hal_tim.o(i.TIM_CCxChannelCmd)
    TIM_ETR_SetConfig                        0x08003363   Thumb Code    20  stm32f1xx_hal_tim.o(i.TIM_ETR_SetConfig)
    TIM_OC2_SetConfig                        0x080033d9   Thumb Code    84  stm32f1xx_hal_tim.o(i.TIM_OC2_SetConfig)
    UART_Start_Receive_IT                    0x080036ed   Thumb Code    54  stm32f1xx_hal_uart.o(i.UART_Start_Receive_IT)
    USART3_IRQHandler                        0x08003795   Thumb Code     6  stm32f1xx_it.o(i.USART3_IRQHandler)
    UsageFault_Handler                       0x080037a1   Thumb Code     2  stm32f1xx_it.o(i.UsageFault_Handler)
    adc_read                                 0x080037c5   Thumb Code    46  adc.o(i.adc_read)
    key_val                                  0x080037fd   Thumb Code    74  gpio.o(i.key_val)
    main                                     0x0800384d   Thumb Code    94  main.o(i.main)
    AHBPrescTable                            0x080038dc   Data          16  system_stm32f1xx.o(.constdata)
    APBPrescTable                            0x080038ec   Data           8  system_stm32f1xx.o(.constdata)
    asc2_0806                                0x080038f4   Data         552  oled.o(.constdata)
    asc2_1206                                0x08003b1c   Data        1140  oled.o(.constdata)
    asc2_1608                                0x08003f90   Data        1520  oled.o(.constdata)
    asc2_2412                                0x08004580   Data        3420  oled.o(.constdata)
    Hzk1                                     0x080052dc   Data         800  oled.o(.constdata)
    Hzk2                                     0x080055fc   Data          72  oled.o(.constdata)
    Hzk3                                     0x08005644   Data         128  oled.o(.constdata)
    Hzk4                                     0x080056c4   Data         512  oled.o(.constdata)
    Region$$Table$$Base                      0x080058c4   Number         0  anon$$obj.o(Region$$Table)
    Region$$Table$$Limit                     0x080058e4   Number         0  anon$$obj.o(Region$$Table)
    page                                     0x20000000   Data           1  main.o(.data)
    key                                      0x20000001   Data           1  main.o(.data)
    key1                                     0x20000002   Data           1  main.o(.data)
    key2                                     0x20000003   Data           1  main.o(.data)
    yanwu_max                                0x20000004   Data           1  main.o(.data)
    temp_max                                 0x20000005   Data           1  main.o(.data)
    f_flag                                   0x20000006   Data           1  main.o(.data)
    w_flag                                   0x20000007   Data           1  main.o(.data)
    y_flag                                   0x20000008   Data           1  main.o(.data)
    temp_last                                0x2000000c   Data           4  main.o(.data)
    yanwu                                    0x20000010   Data           1  adc.o(.data)
    uwTickFreq                               0x20000014   Data           1  stm32f1xx_hal.o(.data)
    uwTickPrio                               0x20000018   Data           4  stm32f1xx_hal.o(.data)
    uwTick                                   0x2000001c   Data           4  stm32f1xx_hal.o(.data)
    SystemCoreClock                          0x20000020   Data           4  system_stm32f1xx.o(.data)
    esp8266_buff                             0x20000028   Data           1  esp-01s.o(.data)
    esp8266_cnt                              0x2000002a   Data           2  esp-01s.o(.data)
    esp8266_cntPre                           0x2000002c   Data           2  esp-01s.o(.data)
    dataPtr                                  0x20000030   Data           4  esp-01s.o(.data)
    BMP                                      0x20000034   Data         128  oled.o(.data)
    oled                                     0x200000b4   Data         100  main.o(.bss)
    data                                     0x20000118   Data         100  main.o(.bss)
    hadc1                                    0x2000017c   Data          48  adc.o(.bss)
    htim2                                    0x200001ac   Data          72  tim.o(.bss)
    htim3                                    0x200001f4   Data          72  tim.o(.bss)
    huart3                                   0x2000023c   Data          72  usart.o(.bss)
    rec_data                                 0x20000284   Data          16  dht11.o(.bss)
    esp_data                                 0x20000294   Data         100  esp-01s.o(.bss)
    OLED_ESP                                 0x200002f8   Data         128  esp-01s.o(.bss)
    esp8266_buf                              0x20000378   Data         128  esp-01s.o(.bss)
    OLED_GRAM                                0x200003f8   Data        1152  oled.o(.bss)
    __libspace_start                         0x20000878   Data          96  libspace.o(.bss)
    __temporary_stack_top$libspace           0x200008d8   Data           0  libspace.o(.bss)



==============================================================================

Memory Map of the image

  Image Entry point : 0x080000ed

  Load Region LR_IROM1 (Base: 0x08000000, Size: 0x00005998, Max: 0x00010000, ABSOLUTE)

    Execution Region ER_IROM1 (Exec base: 0x08000000, Load base: 0x08000000, Size: 0x000058e4, Max: 0x00010000, ABSOLUTE)

    Exec Addr    Load Addr    Size         Type   Attr      Idx    E Section Name        Object

    0x08000000   0x08000000   0x000000ec   Data   RO            3    RESET               startup_stm32f103xb.o
    0x080000ec   0x080000ec   0x00000008   Code   RO         3531  * !!!main             c_w.l(__main.o)
    0x080000f4   0x080000f4   0x00000034   Code   RO         3699    !!!scatter          c_w.l(__scatter.o)
    0x08000128   0x08000128   0x0000001a   Code   RO         3701    !!handler_copy      c_w.l(__scatter_copy.o)
    0x08000142   0x08000142   0x00000002   PAD
    0x08000144   0x08000144   0x0000001c   Code   RO         3703    !!handler_zi        c_w.l(__scatter_zi.o)
    0x08000160   0x08000160   0x00000000   Code   RO         3518    .ARM.Collect$$_printf_percent$$00000000  c_w.l(_printf_percent.o)
    0x08000160   0x08000160   0x00000006   Code   RO         3517    .ARM.Collect$$_printf_percent$$00000009  c_w.l(_printf_d.o)
    0x08000166   0x08000166   0x00000004   Code   RO         3540    .ARM.Collect$$_printf_percent$$00000017  c_w.l(_printf_percent_end.o)
    0x0800016a   0x0800016a   0x00000002   Code   RO         3567    .ARM.Collect$$libinit$$00000000  c_w.l(libinit.o)
    0x0800016c   0x0800016c   0x00000000   Code   RO         3574    .ARM.Collect$$libinit$$00000002  c_w.l(libinit2.o)
    0x0800016c   0x0800016c   0x00000000   Code   RO         3576    .ARM.Collect$$libinit$$00000004  c_w.l(libinit2.o)
    0x0800016c   0x0800016c   0x00000000   Code   RO         3579    .ARM.Collect$$libinit$$0000000A  c_w.l(libinit2.o)
    0x0800016c   0x0800016c   0x00000000   Code   RO         3581    .ARM.Collect$$libinit$$0000000C  c_w.l(libinit2.o)
    0x0800016c   0x0800016c   0x00000000   Code   RO         3583    .ARM.Collect$$libinit$$0000000E  c_w.l(libinit2.o)
    0x0800016c   0x0800016c   0x00000000   Code   RO         3586    .ARM.Collect$$libinit$$00000011  c_w.l(libinit2.o)
    0x0800016c   0x0800016c   0x00000000   Code   RO         3588    .ARM.Collect$$libinit$$00000013  c_w.l(libinit2.o)
    0x0800016c   0x0800016c   0x00000000   Code   RO         3590    .ARM.Collect$$libinit$$00000015  c_w.l(libinit2.o)
    0x0800016c   0x0800016c   0x00000000   Code   RO         3592    .ARM.Collect$$libinit$$00000017  c_w.l(libinit2.o)
    0x0800016c   0x0800016c   0x00000000   Code   RO         3594    .ARM.Collect$$libinit$$00000019  c_w.l(libinit2.o)
    0x0800016c   0x0800016c   0x00000000   Code   RO         3596    .ARM.Collect$$libinit$$0000001B  c_w.l(libinit2.o)
    0x0800016c   0x0800016c   0x00000000   Code   RO         3598    .ARM.Collect$$libinit$$0000001D  c_w.l(libinit2.o)
    0x0800016c   0x0800016c   0x00000000   Code   RO         3600    .ARM.Collect$$libinit$$0000001F  c_w.l(libinit2.o)
    0x0800016c   0x0800016c   0x00000000   Code   RO         3602    .ARM.Collect$$libinit$$00000021  c_w.l(libinit2.o)
    0x0800016c   0x0800016c   0x00000000   Code   RO         3604    .ARM.Collect$$libinit$$00000023  c_w.l(libinit2.o)
    0x0800016c   0x0800016c   0x00000000   Code   RO         3606    .ARM.Collect$$libinit$$00000025  c_w.l(libinit2.o)
    0x0800016c   0x0800016c   0x00000000   Code   RO         3610    .ARM.Collect$$libinit$$0000002C  c_w.l(libinit2.o)
    0x0800016c   0x0800016c   0x00000000   Code   RO         3612    .ARM.Collect$$libinit$$0000002E  c_w.l(libinit2.o)
    0x0800016c   0x0800016c   0x00000000   Code   RO         3614    .ARM.Collect$$libinit$$00000030  c_w.l(libinit2.o)
    0x0800016c   0x0800016c   0x00000000   Code   RO         3616    .ARM.Collect$$libinit$$00000032  c_w.l(libinit2.o)
    0x0800016c   0x0800016c   0x00000002   Code   RO         3617    .ARM.Collect$$libinit$$00000033  c_w.l(libinit2.o)
    0x0800016e   0x0800016e   0x00000002   Code   RO         3637    .ARM.Collect$$libshutdown$$00000000  c_w.l(libshutdown.o)
    0x08000170   0x08000170   0x00000000   Code   RO         3650    .ARM.Collect$$libshutdown$$00000002  c_w.l(libshutdown2.o)
    0x08000170   0x08000170   0x00000000   Code   RO         3652    .ARM.Collect$$libshutdown$$00000004  c_w.l(libshutdown2.o)
    0x08000170   0x08000170   0x00000000   Code   RO         3654    .ARM.Collect$$libshutdown$$00000006  c_w.l(libshutdown2.o)
    0x08000170   0x08000170   0x00000000   Code   RO         3657    .ARM.Collect$$libshutdown$$00000009  c_w.l(libshutdown2.o)
    0x08000170   0x08000170   0x00000000   Code   RO         3660    .ARM.Collect$$libshutdown$$0000000C  c_w.l(libshutdown2.o)
    0x08000170   0x08000170   0x00000000   Code   RO         3662    .ARM.Collect$$libshutdown$$0000000E  c_w.l(libshutdown2.o)
    0x08000170   0x08000170   0x00000000   Code   RO         3665    .ARM.Collect$$libshutdown$$00000011  c_w.l(libshutdown2.o)
    0x08000170   0x08000170   0x00000002   Code   RO         3666    .ARM.Collect$$libshutdown$$00000012  c_w.l(libshutdown2.o)
    0x08000172   0x08000172   0x00000000   Code   RO         3533    .ARM.Collect$$rtentry$$00000000  c_w.l(__rtentry.o)
    0x08000172   0x08000172   0x00000000   Code   RO         3542    .ARM.Collect$$rtentry$$00000002  c_w.l(__rtentry2.o)
    0x08000172   0x08000172   0x00000006   Code   RO         3554    .ARM.Collect$$rtentry$$00000004  c_w.l(__rtentry4.o)
    0x08000178   0x08000178   0x00000000   Code   RO         3544    .ARM.Collect$$rtentry$$00000009  c_w.l(__rtentry2.o)
    0x08000178   0x08000178   0x00000004   Code   RO         3545    .ARM.Collect$$rtentry$$0000000A  c_w.l(__rtentry2.o)
    0x0800017c   0x0800017c   0x00000000   Code   RO         3547    .ARM.Collect$$rtentry$$0000000C  c_w.l(__rtentry2.o)
    0x0800017c   0x0800017c   0x00000008   Code   RO         3548    .ARM.Collect$$rtentry$$0000000D  c_w.l(__rtentry2.o)
    0x08000184   0x08000184   0x00000002   Code   RO         3571    .ARM.Collect$$rtexit$$00000000  c_w.l(rtexit.o)
    0x08000186   0x08000186   0x00000000   Code   RO         3619    .ARM.Collect$$rtexit$$00000002  c_w.l(rtexit2.o)
    0x08000186   0x08000186   0x00000004   Code   RO         3620    .ARM.Collect$$rtexit$$00000003  c_w.l(rtexit2.o)
    0x0800018a   0x0800018a   0x00000006   Code   RO         3621    .ARM.Collect$$rtexit$$00000004  c_w.l(rtexit2.o)
    0x08000190   0x08000190   0x00000040   Code   RO            4    .text               startup_stm32f103xb.o
    0x080001d0   0x080001d0   0x00000028   Code   RO         3491    .text               c_w.l(noretval__2sprintf.o)
    0x080001f8   0x080001f8   0x00000068   Code   RO         3493    .text               c_w.l(__printf.o)
    0x08000260   0x08000260   0x00000078   Code   RO         3495    .text               c_w.l(_printf_dec.o)
    0x080002d8   0x080002d8   0x00000014   Code   RO         3519    .text               c_w.l(strchr.o)
    0x080002ec   0x080002ec   0x00000024   Code   RO         3521    .text               c_w.l(strstr.o)
    0x08000310   0x08000310   0x0000003e   Code   RO         3523    .text               c_w.l(strlen.o)
    0x0800034e   0x0800034e   0x00000044   Code   RO         3525    .text               c_w.l(rt_memclr.o)
    0x08000392   0x08000392   0x0000004e   Code   RO         3527    .text               c_w.l(rt_memclr_w.o)
    0x080003e0   0x080003e0   0x00000006   Code   RO         3529    .text               c_w.l(heapauxi.o)
    0x080003e6   0x080003e6   0x000000b2   Code   RO         3534    .text               c_w.l(_printf_intcommon.o)
    0x08000498   0x08000498   0x00000030   Code   RO         3536    .text               c_w.l(_printf_char_common.o)
    0x080004c8   0x080004c8   0x0000000a   Code   RO         3538    .text               c_w.l(_sputc.o)
    0x080004d2   0x080004d2   0x0000004a   Code   RO         3558    .text               c_w.l(sys_stackheap_outer.o)
    0x0800051c   0x0800051c   0x00000012   Code   RO         3560    .text               c_w.l(exit.o)
    0x0800052e   0x0800052e   0x00000002   PAD
    0x08000530   0x08000530   0x00000008   Code   RO         3568    .text               c_w.l(libspace.o)
    0x08000538   0x08000538   0x0000000c   Code   RO         3629    .text               c_w.l(sys_exit.o)
    0x08000544   0x08000544   0x00000002   Code   RO         3640    .text               c_w.l(use_no_semi.o)
    0x08000546   0x08000546   0x00000000   Code   RO         3642    .text               c_w.l(indicate_semi.o)
    0x08000546   0x08000546   0x00000002   PAD
    0x08000548   0x08000548   0x00000056   Code   RO          519    i.ADC_ConversionStop_Disable  stm32f1xx_hal_adc.o
    0x0800059e   0x0800059e   0x00000002   PAD
    0x080005a0   0x080005a0   0x0000007c   Code   RO          523    i.ADC_Enable        stm32f1xx_hal_adc.o
    0x0800061c   0x0800061c   0x00000002   Code   RO          377    i.BusFault_Handler  stm32f1xx_it.o
    0x0800061e   0x0800061e   0x00000002   PAD
    0x08000620   0x08000620   0x00000168   Code   RO           13    i.DATA_Poce         main.o
    0x08000788   0x08000788   0x00000038   Code   RO         3146    i.DH11_GPIO_Init_IN  dht11.o
    0x080007c0   0x080007c0   0x0000003c   Code   RO         3147    i.DH11_GPIO_Init_OUT  dht11.o
    0x080007fc   0x080007fc   0x00000048   Code   RO         3148    i.DHT11_Delay       dht11.o
    0x08000844   0x08000844   0x000000a0   Code   RO         3149    i.DHT11_REC_Data    dht11.o
    0x080008e4   0x080008e4   0x00000050   Code   RO         3150    i.DHT11_Rec_Byte    dht11.o
    0x08000934   0x08000934   0x00000048   Code   RO         3151    i.DHT11_Start       dht11.o
    0x0800097c   0x0800097c   0x0000003c   Code   RO         3152    i.DWT_Init          dht11.o
    0x080009b8   0x080009b8   0x00000002   Code   RO          378    i.DebugMon_Handler  stm32f1xx_it.o
    0x080009ba   0x080009ba   0x00000002   PAD
    0x080009bc   0x080009bc   0x0000001c   Code   RO         3212    i.ESP8266_Clear     esp-01s.o
    0x080009d8   0x080009d8   0x00000040   Code   RO         3213    i.ESP8266_GetIPD    esp-01s.o
    0x08000a18   0x08000a18   0x00000194   Code   RO         3214    i.ESP8266_Init      esp-01s.o
    0x08000bac   0x08000bac   0x0000004c   Code   RO         3215    i.ESP8266_SendCmd   esp-01s.o
    0x08000bf8   0x08000bf8   0x00000050   Code   RO         3216    i.ESP8266_SendData  esp-01s.o
    0x08000c48   0x08000c48   0x00000020   Code   RO         3217    i.ESP8266_WaitRecive  esp-01s.o
    0x08000c68   0x08000c68   0x00000004   Code   RO           14    i.Error_Handler     main.o
    0x08000c6c   0x08000c6c   0x00000158   Code   RO         3218    i.Esp_Data_Pro      esp-01s.o
    0x08000dc4   0x08000dc4   0x000000d8   Code   RO          699    i.HAL_ADCEx_Calibration_Start  stm32f1xx_hal_adc_ex.o
    0x08000e9c   0x08000e9c   0x000000fc   Code   RO          525    i.HAL_ADC_ConfigChannel  stm32f1xx_hal_adc.o
    0x08000f98   0x08000f98   0x00000006   Code   RO          532    i.HAL_ADC_GetValue  stm32f1xx_hal_adc.o
    0x08000f9e   0x08000f9e   0x00000002   PAD
    0x08000fa0   0x08000fa0   0x0000011c   Code   RO          534    i.HAL_ADC_Init      stm32f1xx_hal_adc.o
    0x080010bc   0x080010bc   0x00000058   Code   RO          233    i.HAL_ADC_MspInit   adc.o
    0x08001114   0x08001114   0x0000013c   Code   RO          538    i.HAL_ADC_PollForConversion  stm32f1xx_hal_adc.o
    0x08001250   0x08001250   0x000000c0   Code   RO          540    i.HAL_ADC_Start     stm32f1xx_hal_adc.o
    0x08001310   0x08001310   0x00000034   Code   RO          543    i.HAL_ADC_Stop      stm32f1xx_hal_adc.o
    0x08001344   0x08001344   0x00000046   Code   RO         1176    i.HAL_DMA_Abort     stm32f1xx_hal_dma.o
    0x0800138a   0x0800138a   0x00000002   PAD
    0x0800138c   0x0800138c   0x00000098   Code   RO         1177    i.HAL_DMA_Abort_IT  stm32f1xx_hal_dma.o
    0x08001424   0x08001424   0x00000024   Code   RO          802    i.HAL_Delay         stm32f1xx_hal.o
    0x08001448   0x08001448   0x000001e0   Code   RO         1112    i.HAL_GPIO_Init     stm32f1xx_hal_gpio.o
    0x08001628   0x08001628   0x0000000a   Code   RO         1114    i.HAL_GPIO_ReadPin  stm32f1xx_hal_gpio.o
    0x08001632   0x08001632   0x0000000a   Code   RO         1116    i.HAL_GPIO_WritePin  stm32f1xx_hal_gpio.o
    0x0800163c   0x0800163c   0x0000000c   Code   RO          806    i.HAL_GetTick       stm32f1xx_hal.o
    0x08001648   0x08001648   0x00000010   Code   RO          812    i.HAL_IncTick       stm32f1xx_hal.o
    0x08001658   0x08001658   0x00000024   Code   RO          813    i.HAL_Init          stm32f1xx_hal.o
    0x0800167c   0x0800167c   0x00000040   Code   RO          814    i.HAL_InitTick      stm32f1xx_hal.o
    0x080016bc   0x080016bc   0x0000003c   Code   RO          459    i.HAL_MspInit       stm32f1xx_hal_msp.o
    0x080016f8   0x080016f8   0x0000001a   Code   RO         1272    i.HAL_NVIC_EnableIRQ  stm32f1xx_hal_cortex.o
    0x08001712   0x08001712   0x00000002   PAD
    0x08001714   0x08001714   0x00000040   Code   RO         1278    i.HAL_NVIC_SetPriority  stm32f1xx_hal_cortex.o
    0x08001754   0x08001754   0x00000024   Code   RO         1279    i.HAL_NVIC_SetPriorityGrouping  stm32f1xx_hal_cortex.o
    0x08001778   0x08001778   0x000000a4   Code   RO         1073    i.HAL_RCCEx_GetPeriphCLKFreq  stm32f1xx_hal_rcc_ex.o
    0x0800181c   0x0800181c   0x000000ec   Code   RO         1074    i.HAL_RCCEx_PeriphCLKConfig  stm32f1xx_hal_rcc_ex.o
    0x08001908   0x08001908   0x0000012c   Code   RO          970    i.HAL_RCC_ClockConfig  stm32f1xx_hal_rcc.o
    0x08001a34   0x08001a34   0x00000020   Code   RO          977    i.HAL_RCC_GetPCLK1Freq  stm32f1xx_hal_rcc.o
    0x08001a54   0x08001a54   0x00000020   Code   RO          978    i.HAL_RCC_GetPCLK2Freq  stm32f1xx_hal_rcc.o
    0x08001a74   0x08001a74   0x0000004c   Code   RO          979    i.HAL_RCC_GetSysClockFreq  stm32f1xx_hal_rcc.o
    0x08001ac0   0x08001ac0   0x00000320   Code   RO          982    i.HAL_RCC_OscConfig  stm32f1xx_hal_rcc.o
    0x08001de0   0x08001de0   0x00000028   Code   RO         1283    i.HAL_SYSTICK_Config  stm32f1xx_hal_cortex.o
    0x08001e08   0x08001e08   0x00000068   Code   RO         2497    i.HAL_TIMEx_MasterConfigSynchronization  stm32f1xx_hal_tim_ex.o
    0x08001e70   0x08001e70   0x0000005a   Code   RO         1774    i.HAL_TIM_Base_Init  stm32f1xx_hal_tim.o
    0x08001eca   0x08001eca   0x00000002   PAD
    0x08001ecc   0x08001ecc   0x0000003c   Code   RO          282    i.HAL_TIM_Base_MspInit  tim.o
    0x08001f08   0x08001f08   0x000000dc   Code   RO         1783    i.HAL_TIM_ConfigClockSource  stm32f1xx_hal_tim.o
    0x08001fe4   0x08001fe4   0x00000090   Code   RO          283    i.HAL_TIM_MspPostInit  tim.o
    0x08002074   0x08002074   0x000000cc   Code   RO         1846    i.HAL_TIM_PWM_ConfigChannel  stm32f1xx_hal_tim.o
    0x08002140   0x08002140   0x0000005a   Code   RO         1849    i.HAL_TIM_PWM_Init  stm32f1xx_hal_tim.o
    0x0800219a   0x0800219a   0x00000002   Code   RO         1851    i.HAL_TIM_PWM_MspInit  stm32f1xx_hal_tim.o
    0x0800219c   0x0800219c   0x0000009c   Code   RO         1854    i.HAL_TIM_PWM_Start  stm32f1xx_hal_tim.o
    0x08002238   0x08002238   0x00000070   Code   RO         1857    i.HAL_TIM_PWM_Stop  stm32f1xx_hal_tim.o
    0x080022a8   0x080022a8   0x00000002   Code   RO         2757    i.HAL_UARTEx_RxEventCallback  stm32f1xx_hal_uart.o
    0x080022aa   0x080022aa   0x00000002   Code   RO         2771    i.HAL_UART_ErrorCallback  stm32f1xx_hal_uart.o
    0x080022ac   0x080022ac   0x0000026c   Code   RO         2774    i.HAL_UART_IRQHandler  stm32f1xx_hal_uart.o
    0x08002518   0x08002518   0x00000064   Code   RO         2775    i.HAL_UART_Init     stm32f1xx_hal_uart.o
    0x0800257c   0x0800257c   0x00000080   Code   RO          336    i.HAL_UART_MspInit  usart.o
    0x080025fc   0x080025fc   0x0000001c   Code   RO         2780    i.HAL_UART_Receive_IT  stm32f1xx_hal_uart.o
    0x08002618   0x08002618   0x00000030   Code   RO         3219    i.HAL_UART_RxCpltCallback  esp-01s.o
    0x08002648   0x08002648   0x000000a0   Code   RO         2783    i.HAL_UART_Transmit  stm32f1xx_hal_uart.o
    0x080026e8   0x080026e8   0x00000002   Code   RO         2786    i.HAL_UART_TxCpltCallback  stm32f1xx_hal_uart.o
    0x080026ea   0x080026ea   0x00000002   Code   RO          379    i.HardFault_Handler  stm32f1xx_it.o
    0x080026ec   0x080026ec   0x0000000a   Code   RO         3285    i.IIC_delay         oled.o
    0x080026f6   0x080026f6   0x00000002   PAD
    0x080026f8   0x080026f8   0x0000006c   Code   RO           15    i.KEY_Poce          main.o
    0x08002764   0x08002764   0x00000054   Code   RO          234    i.MX_ADC1_Init      adc.o
    0x080027b8   0x080027b8   0x00000104   Code   RO          202    i.MX_GPIO_Init      gpio.o
    0x080028bc   0x080028bc   0x0000009c   Code   RO          284    i.MX_TIM2_Init      tim.o
    0x08002958   0x08002958   0x000000b4   Code   RO          285    i.MX_TIM3_Init      tim.o
    0x08002a0c   0x08002a0c   0x00000038   Code   RO          337    i.MX_USART3_UART_Init  usart.o
    0x08002a44   0x08002a44   0x00000002   Code   RO          380    i.MemManage_Handler  stm32f1xx_it.o
    0x08002a46   0x08002a46   0x00000002   Code   RO          381    i.NMI_Handler       stm32f1xx_it.o
    0x08002a48   0x08002a48   0x0000002c   Code   RO         3286    i.OLED_Clear        oled.o
    0x08002a74   0x08002a74   0x0000002c   Code   RO         3293    i.OLED_DrawPoint    oled.o
    0x08002aa0   0x08002aa0   0x00000040   Code   RO         3294    i.OLED_I2C_Start    oled.o
    0x08002ae0   0x08002ae0   0x00000030   Code   RO         3295    i.OLED_I2C_Stop     oled.o
    0x08002b10   0x08002b10   0x00000038   Code   RO         3296    i.OLED_I2C_WaitAck  oled.o
    0x08002b48   0x08002b48   0x000000e0   Code   RO         3297    i.OLED_Init         oled.o
    0x08002c28   0x08002c28   0x000001e8   Code   RO           16    i.OLED_Poce         main.o
    0x08002e10   0x08002e10   0x00000010   Code   RO         3298    i.OLED_Pow          oled.o
    0x08002e20   0x08002e20   0x00000068   Code   RO         3299    i.OLED_Refresh      oled.o
    0x08002e88   0x08002e88   0x00000048   Code   RO         3301    i.OLED_Send_Byte    oled.o
    0x08002ed0   0x08002ed0   0x000000ec   Code   RO         3302    i.OLED_ShowChar     oled.o
    0x08002fbc   0x08002fbc   0x000000dc   Code   RO         3303    i.OLED_ShowChinese  oled.o
    0x08003098   0x08003098   0x00000072   Code   RO         3304    i.OLED_ShowNum      oled.o
    0x0800310a   0x0800310a   0x00000002   PAD
    0x0800310c   0x0800310c   0x000000a4   Code   RO         3305    i.OLED_ShowPicture  oled.o
    0x080031b0   0x080031b0   0x00000040   Code   RO         3306    i.OLED_ShowString   oled.o
    0x080031f0   0x080031f0   0x00000036   Code   RO         3307    i.OLED_WR_Byte      oled.o
    0x08003226   0x08003226   0x00000002   Code   RO          382    i.PendSV_Handler    stm32f1xx_it.o
    0x08003228   0x08003228   0x00000002   Code   RO          383    i.SVC_Handler       stm32f1xx_it.o
    0x0800322a   0x0800322a   0x00000002   PAD
    0x0800322c   0x0800322c   0x00000024   Code   RO         3455    i.Servo_SetAngle    sg90.o
    0x08003250   0x08003250   0x00000004   Code   RO          384    i.SysTick_Handler   stm32f1xx_it.o
    0x08003254   0x08003254   0x00000078   Code   RO           17    i.SystemClock_Config  main.o
    0x080032cc   0x080032cc   0x00000002   Code   RO         3109    i.SystemInit        system_stm32f1xx.o
    0x080032ce   0x080032ce   0x00000002   PAD
    0x080032d0   0x080032d0   0x00000078   Code   RO         1867    i.TIM_Base_SetConfig  stm32f1xx_hal_tim.o
    0x08003348   0x08003348   0x0000001a   Code   RO         1868    i.TIM_CCxChannelCmd  stm32f1xx_hal_tim.o
    0x08003362   0x08003362   0x00000014   Code   RO         1878    i.TIM_ETR_SetConfig  stm32f1xx_hal_tim.o
    0x08003376   0x08003376   0x00000010   Code   RO         1879    i.TIM_ITRx_SetConfig  stm32f1xx_hal_tim.o
    0x08003386   0x08003386   0x00000002   PAD
    0x08003388   0x08003388   0x00000050   Code   RO         1880    i.TIM_OC1_SetConfig  stm32f1xx_hal_tim.o
    0x080033d8   0x080033d8   0x00000058   Code   RO         1881    i.TIM_OC2_SetConfig  stm32f1xx_hal_tim.o
    0x08003430   0x08003430   0x00000058   Code   RO         1882    i.TIM_OC3_SetConfig  stm32f1xx_hal_tim.o
    0x08003488   0x08003488   0x00000044   Code   RO         1883    i.TIM_OC4_SetConfig  stm32f1xx_hal_tim.o
    0x080034cc   0x080034cc   0x00000022   Code   RO         1885    i.TIM_TI1_ConfigInputStage  stm32f1xx_hal_tim.o
    0x080034ee   0x080034ee   0x00000024   Code   RO         1887    i.TIM_TI2_ConfigInputStage  stm32f1xx_hal_tim.o
    0x08003512   0x08003512   0x00000010   Code   RO         2788    i.UART_DMAAbortOnError  stm32f1xx_hal_uart.o
    0x08003522   0x08003522   0x0000004e   Code   RO         2798    i.UART_EndRxTransfer  stm32f1xx_hal_uart.o
    0x08003570   0x08003570   0x000000c2   Code   RO         2800    i.UART_Receive_IT   stm32f1xx_hal_uart.o
    0x08003632   0x08003632   0x00000002   PAD
    0x08003634   0x08003634   0x000000b8   Code   RO         2801    i.UART_SetConfig    stm32f1xx_hal_uart.o
    0x080036ec   0x080036ec   0x00000036   Code   RO         2803    i.UART_Start_Receive_IT  stm32f1xx_hal_uart.o
    0x08003722   0x08003722   0x00000072   Code   RO         2804    i.UART_WaitOnFlagUntilTimeout  stm32f1xx_hal_uart.o
    0x08003794   0x08003794   0x0000000c   Code   RO          385    i.USART3_IRQHandler  stm32f1xx_it.o
    0x080037a0   0x080037a0   0x00000002   Code   RO          386    i.UsageFault_Handler  stm32f1xx_it.o
    0x080037a2   0x080037a2   0x00000020   Code   RO         1285    i.__NVIC_SetPriority  stm32f1xx_hal_cortex.o
    0x080037c2   0x080037c2   0x00000002   PAD
    0x080037c4   0x080037c4   0x00000038   Code   RO          235    i.adc_read          adc.o
    0x080037fc   0x080037fc   0x00000050   Code   RO          203    i.key_val           gpio.o
    0x0800384c   0x0800384c   0x0000006c   Code   RO           18    i.main              main.o
    0x080038b8   0x080038b8   0x00000012   Data   RO          983    .constdata          stm32f1xx_hal_rcc.o
    0x080038ca   0x080038ca   0x00000012   Data   RO         1075    .constdata          stm32f1xx_hal_rcc_ex.o
    0x080038dc   0x080038dc   0x00000010   Data   RO         3110    .constdata          system_stm32f1xx.o
    0x080038ec   0x080038ec   0x00000008   Data   RO         3111    .constdata          system_stm32f1xx.o
    0x080038f4   0x080038f4   0x00001fd0   Data   RO         3309    .constdata          oled.o
    0x080058c4   0x080058c4   0x00000020   Data   RO         3697    Region$$Table       anon$$obj.o


    Execution Region RW_IRAM1 (Exec base: 0x20000000, Load base: 0x080058e4, Size: 0x00000ed8, Max: 0x00005000, ABSOLUTE)

    Exec Addr    Load Addr    Size         Type   Attr      Idx    E Section Name        Object

    0x20000000   0x080058e4   0x00000010   Data   RW           20    .data               main.o
    0x20000010   0x080058f4   0x00000001   Data   RW          237    .data               adc.o
    0x20000011   0x080058f5   0x00000003   PAD
    0x20000014   0x080058f8   0x0000000c   Data   RW          820    .data               stm32f1xx_hal.o
    0x20000020   0x08005904   0x00000004   Data   RW         3112    .data               system_stm32f1xx.o
    0x20000024   0x08005908   0x00000001   Data   RW         3154    .data               dht11.o
    0x20000025   0x08005909   0x00000003   PAD
    0x20000028   0x0800590c   0x0000000c   Data   RW         3221    .data               esp-01s.o
    0x20000034   0x08005918   0x00000080   Data   RW         3310    .data               oled.o
    0x200000b4        -       0x000000c8   Zero   RW           19    .bss                main.o
    0x2000017c        -       0x00000030   Zero   RW          236    .bss                adc.o
    0x200001ac        -       0x00000090   Zero   RW          286    .bss                tim.o
    0x2000023c        -       0x00000048   Zero   RW          338    .bss                usart.o
    0x20000284        -       0x00000010   Zero   RW         3153    .bss                dht11.o
    0x20000294        -       0x00000164   Zero   RW         3220    .bss                esp-01s.o
    0x200003f8        -       0x00000480   Zero   RW         3308    .bss                oled.o
    0x20000878        -       0x00000060   Zero   RW         3569    .bss                c_w.l(libspace.o)
    0x200008d8        -       0x00000200   Zero   RW            2    HEAP                startup_stm32f103xb.o
    0x20000ad8        -       0x00000400   Zero   RW            1    STACK               startup_stm32f103xb.o


==============================================================================

Image component sizes


      Code (inc. data)   RO Data    RW Data    ZI Data      Debug   Object Name

       228         30          0          1         48       2154   adc.o
       560         66          0          1         16       5035   dht11.o
      1076        378          0         12        356       6169   esp-01s.o
       340         24          0          0          0       1513   gpio.o
      1188        108          0         16        200     451711   main.o
      1534         62       8144        128       1152      12609   oled.o
        36          4          0          0          0        481   sg90.o
        64         26        236          0       1536        812   startup_stm32f103xb.o
       164         28          0         12          0       5933   stm32f1xx_hal.o
      1312         54          0          0          0       7263   stm32f1xx_hal_adc.o
       216          6          0          0          0       1438   stm32f1xx_hal_adc_ex.o
       198         14          0          0          0      28987   stm32f1xx_hal_cortex.o
       222          4          0          0          0       1783   stm32f1xx_hal_dma.o
       500         34          0          0          0       3535   stm32f1xx_hal_gpio.o
        60          8          0          0          0        882   stm32f1xx_hal_msp.o
      1240         84         18          0          0       5136   stm32f1xx_hal_rcc.o
       400         28         18          0          0       2477   stm32f1xx_hal_rcc_ex.o
      1450         48          0          0          0      13135   stm32f1xx_hal_tim.o
       104         12          0          0          0       1364   stm32f1xx_hal_tim_ex.o
      1554         10          0          0          0      11012   stm32f1xx_hal_uart.o
        32          6          0          0          0       4342   stm32f1xx_it.o
         2          0         24          4          0       1131   system_stm32f1xx.o
       540         38          0          0        144       3197   tim.o
       184         20          0          0         72       1702   usart.o

    ----------------------------------------------------------------------
     13232       1092       8472        180       3524     573801   Object Totals
         0          0         32          0          0          0   (incl. Generated)
        28          0          0          6          0          0   (incl. Padding)

    ----------------------------------------------------------------------

      Code (inc. data)   RO Data    RW Data    ZI Data      Debug   Library Member Name

         8          0          0          0          0         68   __main.o
       104          0          0          0          0         84   __printf.o
         0          0          0          0          0          0   __rtentry.o
        12          0          0          0          0          0   __rtentry2.o
         6          0          0          0          0          0   __rtentry4.o
        52          8          0          0          0          0   __scatter.o
        26          0          0          0          0          0   __scatter_copy.o
        28          0          0          0          0          0   __scatter_zi.o
        48          6          0          0          0         96   _printf_char_common.o
         6          0          0          0          0          0   _printf_d.o
       120         16          0          0          0         92   _printf_dec.o
       178          0          0          0          0         88   _printf_intcommon.o
         0          0          0          0          0          0   _printf_percent.o
         4          0          0          0          0          0   _printf_percent_end.o
        10          0          0          0          0         68   _sputc.o
        18          0          0          0          0         80   exit.o
         6          0          0          0          0        152   heapauxi.o
         0          0          0          0          0          0   indicate_semi.o
         2          0          0          0          0          0   libinit.o
         2          0          0          0          0          0   libinit2.o
         2          0          0          0          0          0   libshutdown.o
         2          0          0          0          0          0   libshutdown2.o
         8          4          0          0         96         68   libspace.o
        40          6          0          0          0         84   noretval__2sprintf.o
        68          0          0          0          0         68   rt_memclr.o
        78          0          0          0          0         80   rt_memclr_w.o
         2          0          0          0          0          0   rtexit.o
        10          0          0          0          0          0   rtexit2.o
        20          0          0          0          0         68   strchr.o
        62          0          0          0          0         76   strlen.o
        36          0          0          0          0         80   strstr.o
        12          4          0          0          0         68   sys_exit.o
        74          0          0          0          0         80   sys_stackheap_outer.o
         2          0          0          0          0         68   use_no_semi.o

    ----------------------------------------------------------------------
      1052         44          0          0         96       1468   Library Totals
         6          0          0          0          0          0   (incl. Padding)

    ----------------------------------------------------------------------

      Code (inc. data)   RO Data    RW Data    ZI Data      Debug   Library Name

      1046         44          0          0         96       1468   c_w.l

    ----------------------------------------------------------------------
      1052         44          0          0         96       1468   Library Totals

    ----------------------------------------------------------------------

==============================================================================


      Code (inc. data)   RO Data    RW Data    ZI Data      Debug   

     14284       1136       8472        180       3620     568453   Grand Totals
     14284       1136       8472        180       3620     568453   ELF Image Totals
     14284       1136       8472        180          0          0   ROM Totals

==============================================================================

    Total RO  Size (Code + RO Data)                22756 (  22.22kB)
    Total RW  Size (RW Data + ZI Data)              3800 (   3.71kB)
    Total ROM Size (Code + RO Data + RW Data)      22936 (  22.40kB)

==============================================================================

