Component: ARM Compiler 5.06 update 7 (build 960) Tool: armlink [4d3601]

==============================================================================

Section Cross References

    startup_stm32f103xb.o(STACK) refers (Special) to heapauxi.o(.text) for __use_two_region_memory
    startup_stm32f103xb.o(HEAP) refers (Special) to heapauxi.o(.text) for __use_two_region_memory
    startup_stm32f103xb.o(RESET) refers (Special) to heapauxi.o(.text) for __use_two_region_memory
    startup_stm32f103xb.o(RESET) refers to startup_stm32f103xb.o(STACK) for __initial_sp
    startup_stm32f103xb.o(RESET) refers to startup_stm32f103xb.o(.text) for Reset_Handler
    startup_stm32f103xb.o(RESET) refers to stm32f1xx_it.o(i.NMI_Handler) for NMI_Handler
    startup_stm32f103xb.o(RESET) refers to stm32f1xx_it.o(i.HardFault_Handler) for HardFault_Handler
    startup_stm32f103xb.o(RESET) refers to stm32f1xx_it.o(i.MemManage_Handler) for MemManage_Handler
    startup_stm32f103xb.o(RESET) refers to stm32f1xx_it.o(i.BusFault_Handler) for BusFault_Handler
    startup_stm32f103xb.o(RESET) refers to stm32f1xx_it.o(i.UsageFault_Handler) for UsageFault_Handler
    startup_stm32f103xb.o(RESET) refers to stm32f1xx_it.o(i.SVC_Handler) for SVC_Handler
    startup_stm32f103xb.o(RESET) refers to stm32f1xx_it.o(i.DebugMon_Handler) for DebugMon_Handler
    startup_stm32f103xb.o(RESET) refers to stm32f1xx_it.o(i.PendSV_Handler) for PendSV_Handler
    startup_stm32f103xb.o(RESET) refers to stm32f1xx_it.o(i.SysTick_Handler) for SysTick_Handler
    startup_stm32f103xb.o(RESET) refers to stm32f1xx_it.o(i.USART1_IRQHandler) for USART1_IRQHandler
    startup_stm32f103xb.o(.text) refers (Special) to heapauxi.o(.text) for __use_two_region_memory
    startup_stm32f103xb.o(.text) refers to system_stm32f1xx.o(i.SystemInit) for SystemInit
    startup_stm32f103xb.o(.text) refers to __main.o(!!!main) for __main
    startup_stm32f103xb.o(.text) refers to startup_stm32f103xb.o(HEAP) for Heap_Mem
    startup_stm32f103xb.o(.text) refers to startup_stm32f103xb.o(STACK) for Stack_Mem
    main.o(i.DATA_Poce) refers to _printf_percent.o(.ARM.Collect$$_printf_percent$$00000000) for _printf_percent
    main.o(i.DATA_Poce) refers to _printf_s.o(.ARM.Collect$$_printf_percent$$00000014) for _printf_s
    main.o(i.DATA_Poce) refers to _printf_str.o(.text) for _printf_str
    main.o(i.DATA_Poce) refers to esp8266.o(i.ESP8266_GetIPD) for ESP8266_GetIPD
    main.o(i.DATA_Poce) refers to strstr.o(.text) for strstr
    main.o(i.DATA_Poce) refers to __2sprintf.o(.text) for __2sprintf
    main.o(i.DATA_Poce) refers to strlen.o(.text) for strlen
    main.o(i.DATA_Poce) refers to esp8266.o(i.ESP8266_SendData) for ESP8266_SendData
    main.o(i.DATA_Poce) refers to gpio.o(i.led_dis) for led_dis
    main.o(i.DATA_Poce) refers to main.o(.data) for dataPtr
    main.o(i.DATA_Poce) refers to main.o(.bss) for PUB_BUF
    main.o(i.KEY_Poce) refers to key.o(i.key_read) for key_read
    main.o(i.KEY_Poce) refers to gpio.o(i.led_dis) for led_dis
    main.o(i.KEY_Poce) refers to main.o(.data) for key
    main.o(i.OLED_Poce) refers to __2sprintf.o(.text) for __2sprintf
    main.o(i.OLED_Poce) refers to oled.o(i.OLED_ShowString) for OLED_ShowString
    main.o(i.OLED_Poce) refers to main.o(.bss) for OLED
    main.o(i.OLED_Poce) refers to main.o(.data) for seat_Sate
    main.o(i.SystemClock_Config) refers to rt_memclr_w.o(.text) for __aeabi_memclr4
    main.o(i.SystemClock_Config) refers to stm32f1xx_hal_rcc.o(i.HAL_RCC_OscConfig) for HAL_RCC_OscConfig
    main.o(i.SystemClock_Config) refers to main.o(i.Error_Handler) for Error_Handler
    main.o(i.SystemClock_Config) refers to stm32f1xx_hal_rcc.o(i.HAL_RCC_ClockConfig) for HAL_RCC_ClockConfig
    main.o(i.main) refers to stm32f1xx_hal.o(i.HAL_Init) for HAL_Init
    main.o(i.main) refers to main.o(i.SystemClock_Config) for SystemClock_Config
    main.o(i.main) refers to gpio.o(i.MX_GPIO_Init) for MX_GPIO_Init
    main.o(i.main) refers to usart.o(i.MX_USART1_UART_Init) for MX_USART1_UART_Init
    main.o(i.main) refers to oled.o(i.OLED_Init) for OLED_Init
    main.o(i.main) refers to esp8266.o(i.ESP8266_Init) for ESP8266_Init
    main.o(i.main) refers to stm32f1xx_hal.o(i.HAL_Delay) for HAL_Delay
    main.o(i.main) refers to oled.o(i.OLED_Clear) for OLED_Clear
    main.o(i.main) refers to main.o(i.DATA_Poce) for DATA_Poce
    main.o(i.main) refers to main.o(i.KEY_Poce) for KEY_Poce
    main.o(i.main) refers to main.o(i.OLED_Poce) for OLED_Poce
    gpio.o(i.MX_GPIO_Init) refers to stm32f1xx_hal_gpio.o(i.HAL_GPIO_WritePin) for HAL_GPIO_WritePin
    gpio.o(i.MX_GPIO_Init) refers to stm32f1xx_hal_gpio.o(i.HAL_GPIO_Init) for HAL_GPIO_Init
    gpio.o(i.led_dis) refers to stm32f1xx_hal_gpio.o(i.HAL_GPIO_WritePin) for HAL_GPIO_WritePin
    usart.o(i.HAL_UART_MspDeInit) refers to stm32f1xx_hal_gpio.o(i.HAL_GPIO_DeInit) for HAL_GPIO_DeInit
    usart.o(i.HAL_UART_MspDeInit) refers to stm32f1xx_hal_cortex.o(i.HAL_NVIC_DisableIRQ) for HAL_NVIC_DisableIRQ
[...]
    ../clib/angel/rt.s                       0x00000000   Number         0  rt_ctype_table.o ABSOLUTE
    ../clib/angel/rt.s                       0x00000000   Number         0  rt_heap_descriptor.o ABSOLUTE
    ../clib/angel/rt.s                       0x00000000   Number         0  rt_locale.o ABSOLUTE
    ../clib/angel/rt.s                       0x00000000   Number         0  rt_locale_intlibspace.o ABSOLUTE
    ../clib/angel/rt.s                       0x00000000   Number         0  rt_errno_addr.o ABSOLUTE
    ../clib/angel/rt.s                       0x00000000   Number         0  rt_errno_addr_intlibspace.o ABSOLUTE
    ../clib/angel/rt.s                       0x00000000   Number         0  rt_raise.o ABSOLUTE
    ../clib/angel/rt.s                       0x00000000   Number         0  rt_heap_descriptor_intlibspace.o ABSOLUTE
    ../clib/angel/scatter.s                  0x00000000   Number         0  __scatter.o ABSOLUTE
    ../clib/angel/startup.s                  0x00000000   Number         0  __main.o ABSOLUTE
    ../clib/angel/sys.s                      0x00000000   Number         0  indicate_semi.o ABSOLUTE
    ../clib/angel/sys.s                      0x00000000   Number         0  sys_stackheap_outer.o ABSOLUTE
    ../clib/angel/sys.s                      0x00000000   Number         0  libspace.o ABSOLUTE
    ../clib/angel/sys.s                      0x00000000   Number         0  use_no_semi.o ABSOLUTE
    ../clib/angel/sys.s                      0x00000000   Number         0  mutex_dummy.o ABSOLUTE
    ../clib/angel/sysapp.c                   0x00000000   Number         0  sys_wrch.o ABSOLUTE
    ../clib/angel/sysapp.c                   0x00000000   Number         0  sys_command.o ABSOLUTE
    ../clib/angel/sysapp.c                   0x00000000   Number         0  sys_exit.o ABSOLUTE
    ../clib/armsys.c                         0x00000000   Number         0  _get_argv_nomalloc.o ABSOLUTE
    ../clib/armsys.c                         0x00000000   Number         0  _get_argv.o ABSOLUTE
    ../clib/armsys.c                         0x00000000   Number         0  no_argv.o ABSOLUTE
    ../clib/armsys.c                         0x00000000   Number         0  argv_veneer.o ABSOLUTE
    ../clib/armsys.c                         0x00000000   Number         0  argv_veneer.o ABSOLUTE
    ../clib/bigflt.c                         0x00000000   Number         0  bigflt0.o ABSOLUTE
    ../clib/btod.s                           0x00000000   Number         0  btod.o ABSOLUTE
    ../clib/ctype.c                          0x00000000   Number         0  tolower.o ABSOLUTE
    ../clib/ctype.c                          0x00000000   Number         0  isspace.o ABSOLUTE
    ../clib/fenv.c                           0x00000000   Number         0  _rserrno.o ABSOLUTE
    ../clib/heap1.c                          0x00000000   Number         0  h1_realloc.o ABSOLUTE
    ../clib/heap1.c                          0x00000000   Number         0  h1_realloc_mt.o ABSOLUTE
    ../clib/heap1.c                          0x00000000   Number         0  h1_alloc.o ABSOLUTE
    ../clib/heap1.c                          0x00000000   Number         0  h1_init.o ABSOLUTE
    ../clib/heap1.c                          0x00000000   Number         0  h1_init_mt.o ABSOLUTE
    ../clib/heap1.c                          0x00000000   Number         0  h1_free.o ABSOLUTE
    ../clib/heap1.c                          0x00000000   Number         0  h1_final.o ABSOLUTE
    ../clib/heap1.c                          0x00000000   Number         0  h1_free_mt.o ABSOLUTE
    ../clib/heap1.c                          0x00000000   Number         0  h1_final_mt.o ABSOLUTE
    ../clib/heap1.c                          0x00000000   Number         0  h1_alloc_mt.o ABSOLUTE
    ../clib/heap1.c                          0x00000000   Number         0  h1_extend_mt.o ABSOLUTE
    ../clib/heap1.c                          0x00000000   Number         0  h1_extend.o ABSOLUTE
    ../clib/heap2.c                          0x00000000   Number         0  fdtree.o ABSOLUTE
    ../clib/heap2.c                          0x00000000   Number         0  heap2.o ABSOLUTE
    ../clib/heap2.c                          0x00000000   Number         0  heap2mt.o ABSOLUTE
    ../clib/heapalloc.c                      0x00000000   Number         0  realloc.o ABSOLUTE
    ../clib/heapalloc.c                      0x00000000   Number         0  hguard.o ABSOLUTE
    ../clib/heapalloc.c                      0x00000000   Number         0  maybetermalloc1.o ABSOLUTE
    ../clib/heapalloc.c                      0x00000000   Number         0  maybetermalloc2.o ABSOLUTE
    ../clib/heapalloc.c                      0x00000000   Number         0  maybetermalloc1.o ABSOLUTE
    ../clib/heapalloc.c                      0x00000000   Number         0  hrguard.o ABSOLUTE
    ../clib/heapalloc.c                      0x00000000   Number         0  term_alloc.o ABSOLUTE
    ../clib/heapalloc.c                      0x00000000   Number         0  heapstubs.o ABSOLUTE
    ../clib/heapalloc.c                      0x00000000   Number         0  init_alloc.o ABSOLUTE
    ../clib/heapalloc.c                      0x00000000   Number         0  malloc.o ABSOLUTE
    ../clib/heapalloc.c                      0x00000000   Number         0  free.o ABSOLUTE
    ../clib/heapalloc.c                      0x00000000   Number         0  maybetermalloc2.o ABSOLUTE
    ../clib/heapaux.c                        0x00000000   Number         0  heapauxa.o ABSOLUTE
    ../clib/heapaux.c                        0x00000000   Number         0  heapauxi.o ABSOLUTE
    ../clib/libinit.s                        0x00000000   Number         0  libshutdown.o ABSOLUTE
    ../clib/libinit.s                        0x00000000   Number         0  libinit2.o ABSOLUTE
    ../clib/libinit.s                        0x00000000   Number         0  libinit.o ABSOLUTE
    ../clib/libinit.s                        0x00000000   Number         0  libshutdown2.o ABSOLUTE
    ../clib/locale.s                         0x00000000   Number         0  lc_numeric_c.o ABSOLUTE
    ../clib/locale.s                         0x00000000   Number         0  lc_ctype_c.o ABSOLUTE
    ../clib/longlong.s                       0x00000000   Number         0  llshl.o ABSOLUTE
    ../clib/longlong.s                       0x00000000   Number         0  llushr.o ABSOLUTE
    ../clib/longlong.s                       0x00000000   Number         0  lludiv10.o ABSOLUTE
    ../clib/memcpset.s                       0x00000000   Number         0  rt_memcpy_w.o ABSOLUTE
    ../clib/memcpset.s                       0x00000000   Number         0  rt_memcpy_v6.o ABSOLUTE
    ../clib/memcpset.s                       0x00000000   Number         0  strcmpv7m.o ABSOLUTE
    ../clib/memcpset.s                       0x00000000   Number         0  rt_memclr_w.o ABSOLUTE
    ../clib/memcpset.s                       0x00000000   Number         0  rt_memclr.o ABSOLUTE
    ../clib/misc.s                           0x00000000   Number         0  printf_stubs.o ABSOLUTE
    ../clib/printf.c                         0x00000000   Number         0  _printf_char.o ABSOLUTE
    ../clib/printf.c                         0x00000000   Number         0  __printf_flags_ss.o ABSOLUTE
    ../clib/printf.c                         0x00000000   Number         0  __printf_flags_wp.o ABSOLUTE
    ../clib/printf.c                         0x00000000   Number         0  __printf_ss.o ABSOLUTE
    ../clib/printf.c                         0x00000000   Number         0  __printf_flags.o ABSOLUTE
    ../clib/printf.c                         0x00000000   Number         0  _printf_hex_int_ll_ptr.o ABSOLUTE
    ../clib/printf.c                         0x00000000   Number         0  _printf_hex_ll.o ABSOLUTE
    ../clib/printf.c                         0x00000000   Number         0  __printf_ss_wp.o ABSOLUTE
    ../clib/printf.c                         0x00000000   Number         0  __printf_flags_ss_wp.o ABSOLUTE
    ../clib/printf.c                         0x00000000   Number         0  _printf_dec.o ABSOLUTE
    ../clib/printf.c                         0x00000000   Number         0  _printf_pad.o ABSOLUTE
    ../clib/printf.c                         0x00000000   Number         0  _printf_hex_ll_ptr.o ABSOLUTE
    ../clib/printf.c                         0x00000000   Number         0  _printf_hex_int_ptr.o ABSOLUTE
    ../clib/printf.c                         0x00000000   Number         0  _printf_str.o ABSOLUTE
    ../clib/printf.c                         0x00000000   Number         0  noretval__2sprintf.o ABSOLUTE
    ../clib/printf.c                         0x00000000   Number         0  __2sprintf.o ABSOLUTE
    ../clib/printf.c                         0x00000000   Number         0  __printf.o ABSOLUTE
    ../clib/printf.c                         0x00000000   Number         0  _sputc.o ABSOLUTE
    ../clib/printf.c                         0x00000000   Number         0  _printf_intcommon.o ABSOLUTE
    ../clib/printf.c                         0x00000000   Number         0  _printf_fp_dec.o ABSOLUTE
    ../clib/printf.c                         0x00000000   Number         0  __printf_nopercent.o ABSOLUTE
    ../clib/printf.c                         0x00000000   Number         0  _printf_fp_infnan.o ABSOLUTE
    ../clib/printf.c                         0x00000000   Number         0  __printf_wp.o ABSOLUTE
    ../clib/printf.c                         0x00000000   Number         0  _printf_char_common.o ABSOLUTE
    ../clib/printf.c                         0x00000000   Number         0  _printf_hex_ptr.o ABSOLUTE
    ../clib/printf.c                         0x00000000   Number         0  _printf_hex_int_ll.o ABSOLUTE
    ../clib/printf.c                         0x00000000   Number         0  _printf_hex_int.o ABSOLUTE
    ../clib/printf_percent.s                 0x00000000   Number         0  _printf_percent_end.o ABSOLUTE
    ../clib/printf_percent.s                 0x00000000   Number         0  _printf_s.o ABSOLUTE
    ../clib/printf_percent.s                 0x00000000   Number         0  _printf_x.o ABSOLUTE
    ../clib/printf_percent.s                 0x00000000   Number         0  _printf_i.o ABSOLUTE
    ../clib/printf_percent.s                 0x00000000   Number         0  _printf_d.o ABSOLUTE
    ../clib/printf_percent.s                 0x00000000   Number         0  _printf_g.o ABSOLUTE
    ../clib/printf_percent.s                 0x00000000   Number         0  _printf_percent.o ABSOLUTE
    ../clib/scanf.c                          0x00000000   Number         0  __0sscanf.o ABSOLUTE
    ../clib/scanf.c                          0x00000000   Number         0  _scanf.o ABSOLUTE
    ../clib/scanf.c                          0x00000000   Number         0  _sgetc.o ABSOLUTE
    ../clib/scanf.c                          0x00000000   Number         0  scanf_infnan.o ABSOLUTE
    ../clib/scanf.c                          0x00000000   Number         0  strtod.o ABSOLUTE
    ../clib/scanf.c                          0x00000000   Number         0  scanf_hexfp.o ABSOLUTE
    ../clib/scanf.c                          0x00000000   Number         0  scanf_char.o ABSOLUTE
    ../clib/scanf.c                          0x00000000   Number         0  scanf_fp.o ABSOLUTE
    ../clib/scanf.c                          0x00000000   Number         0  _chval.o ABSOLUTE
    ../clib/signal.c                         0x00000000   Number         0  defsig_pvfn_inner.o ABSOLUTE
    ../clib/signal.c                         0x00000000   Number         0  defsig_stak_inner.o ABSOLUTE
    ../clib/signal.c                         0x00000000   Number         0  defsig_rtred_inner.o ABSOLUTE
    ../clib/signal.c                         0x00000000   Number         0  defsig_fpe_inner.o ABSOLUTE
    ../clib/signal.c                         0x00000000   Number         0  defsig_abrt_inner.o ABSOLUTE
    ../clib/signal.c                         0x00000000   Number         0  defsig_rtmem_formal.o ABSOLUTE
    ../clib/signal.c                         0x00000000   Number         0  defsig_cppl_inner.o ABSOLUTE
    ../clib/signal.c                         0x00000000   Number         0  defsig_segv_inner.o ABSOLUTE
    ../clib/signal.c                         0x00000000   Number         0  defsig_other.o ABSOLUTE
    ../clib/signal.c                         0x00000000   Number         0  defsig_rtmem_outer.o ABSOLUTE
    ../clib/signal.c                         0x00000000   Number         0  defsig_general.o ABSOLUTE
    ../clib/signal.c                         0x00000000   Number         0  __raise.o ABSOLUTE
    ../clib/signal.c                         0x00000000   Number         0  defsig_exit.o ABSOLUTE
    ../clib/signal.c                         0x00000000   Number         0  defsig_rtmem_inner.o ABSOLUTE
    ../clib/signal.s                         0x00000000   Number         0  defsig.o ABSOLUTE
    ../clib/stdlib.c                         0x00000000   Number         0  exit.o ABSOLUTE
    ../clib/string.c                         0x00000000   Number         0  strncat.o ABSOLUTE
    ../clib/string.c                         0x00000000   Number         0  strncmp.o ABSOLUTE
    ../clib/string.c                         0x00000000   Number         0  strstr.o ABSOLUTE
    ../clib/string.c                         0x00000000   Number         0  strlen.o ABSOLUTE
    ../clib/string.c                         0x00000000   Number         0  strchr.o ABSOLUTE
    ../clib/string.c                         0x00000000   Number         0  strcpy.o ABSOLUTE
    ../fplib/d2f.s                           0x00000000   Number         0  d2f.o ABSOLUTE
    ../fplib/daddsub.s                       0x00000000   Number         0  daddsub_clz.o ABSOLUTE
    ../fplib/dcheck1.s                       0x00000000   Number         0  dcheck1.o ABSOLUTE
    ../fplib/dcmpi.s                         0x00000000   Number         0  dcmpi.o ABSOLUTE
    ../fplib/ddiv.s                          0x00000000   Number         0  ddiv.o ABSOLUTE
    ../fplib/deqf.s                          0x00000000   Number         0  deqf.o ABSOLUTE
    ../fplib/dfix.s                          0x00000000   Number         0  dfix.o ABSOLUTE
    ../fplib/dflt.s                          0x00000000   Number         0  dflt_clz.o ABSOLUTE
    ../fplib/dleqf.s                         0x00000000   Number         0  dleqf.o ABSOLUTE
    ../fplib/dmul.s                          0x00000000   Number         0  dmul.o ABSOLUTE
    ../fplib/dnaninf.s                       0x00000000   Number         0  dnaninf.o ABSOLUTE
    ../fplib/dretinf.s                       0x00000000   Number         0  dretinf.o ABSOLUTE
    ../fplib/drleqf.s                        0x00000000   Number         0  drleqf.o ABSOLUTE
    ../fplib/f2d.s                           0x00000000   Number         0  f2d.o ABSOLUTE
    ../fplib/fnaninf.s                       0x00000000   Number         0  fnaninf.o ABSOLUTE
    ../fplib/fpconst.s                       0x00000000   Number         0  fpconst.o ABSOLUTE
    ../fplib/fpinit.s                        0x00000000   Number         0  fpinit.o ABSOLUTE
    ../fplib/fretinf.s                       0x00000000   Number         0  fretinf.o ABSOLUTE
    ../fplib/istatus.s                       0x00000000   Number         0  istatus.o ABSOLUTE
    ../fplib/printf1.s                       0x00000000   Number         0  printf1.o ABSOLUTE
    ../fplib/retnan.s                        0x00000000   Number         0  retnan.o ABSOLUTE
    ../fplib/scalbn.s                        0x00000000   Number         0  scalbn.o ABSOLUTE
    ../fplib/scanf1.s                        0x00000000   Number         0  scanf1.o ABSOLUTE
    ../fplib/scanf2.s                        0x00000000   Number         0  scanf2.o ABSOLUTE
    ../fplib/scanf2a.s                       0x00000000   Number         0  scanf2a.o ABSOLUTE
    ../fplib/scanf2b.s                       0x00000000   Number         0  scanf2b.o ABSOLUTE
    ../fplib/trapv.s                         0x00000000   Number         0  trapv.o ABSOLUTE
    ../fplib/usenofp.s                       0x00000000   Number         0  usenofp.o ABSOLUTE
    ../mathlib/dunder.c                      0x00000000   Number         0  dunder.o ABSOLUTE
    ../mathlib/fpclassify.c                  0x00000000   Number         0  fpclassify.o ABSOLUTE
    ../mathlib/frexp.c                       0x00000000   Number         0  frexp.o ABSOLUTE
    ../mathlib/ldexp.c                       0x00000000   Number         0  ldexp.o ABSOLUTE
    ../mathlib/ldexp.c                       0x00000000   Number         0  ldexp_x.o ABSOLUTE
    ../mathlib/narrow.c                      0x00000000   Number         0  narrow.o ABSOLUTE
    ../mathlib/qnan.c                        0x00000000   Number         0  qnan.o ABSOLUTE
    ../mathlib/strtod.c                      0x00000000   Number         0  strtod.o ABSOLUTE
    ..\Core\Src\gpio.c                       0x00000000   Number         0  gpio.o ABSOLUTE
    ..\Core\Src\main.c                       0x00000000   Number         0  main.o ABSOLUTE
    ..\Core\Src\stm32f1xx_hal_msp.c          0x00000000   Number         0  stm32f1xx_hal_msp.o ABSOLUTE
    ..\Core\Src\stm32f1xx_it.c               0x00000000   Number         0  stm32f1xx_it.o ABSOLUTE
    ..\Core\Src\system_stm32f1xx.c           0x00000000   Number         0  system_stm32f1xx.o ABSOLUTE
    ..\Core\Src\usart.c                      0x00000000   Number         0  usart.o ABSOLUTE
    ..\Drivers\STM32F1xx_HAL_Driver\Src\stm32f1xx_hal.c 0x00000000   Number         0  stm32f1xx_hal.o ABSOLUTE
    ..\Drivers\STM32F1xx_HAL_Driver\Src\stm32f1xx_hal_cortex.c 0x00000000   Number         0  stm32f1xx_hal_cortex.o ABSOLUTE
    ..\Drivers\STM32F1xx_HAL_Driver\Src\stm32f1xx_hal_dma.c 0x00000000   Number         0  stm32f1xx_hal_dma.o ABSOLUTE
    ..\Drivers\STM32F1xx_HAL_Driver\Src\stm32f1xx_hal_exti.c 0x00000000   Number         0  stm32f1xx_hal_exti.o ABSOLUTE
    ..\Drivers\STM32F1xx_HAL_Driver\Src\stm32f1xx_hal_flash.c 0x00000000   Number         0  stm32f1xx_hal_flash.o ABSOLUTE
    ..\Drivers\STM32F1xx_HAL_Driver\Src\stm32f1xx_hal_flash_ex.c 0x00000000   Number         0  stm32f1xx_hal_flash_ex.o ABSOLUTE
    ..\Drivers\STM32F1xx_HAL_Driver\Src\stm32f1xx_hal_gpio.c 0x00000000   Number         0  stm32f1xx_hal_gpio.o ABSOLUTE
    ..\Drivers\STM32F1xx_HAL_Driver\Src\stm32f1xx_hal_gpio_ex.c 0x00000000   Number         0  stm32f1xx_hal_gpio_ex.o ABSOLUTE
    ..\Drivers\STM32F1xx_HAL_Driver\Src\stm32f1xx_hal_pwr.c 0x00000000   Number         0  stm32f1xx_hal_pwr.o ABSOLUTE
    ..\Drivers\STM32F1xx_HAL_Driver\Src\stm32f1xx_hal_rcc.c 0x00000000   Number         0  stm32f1xx_hal_rcc.o ABSOLUTE
    ..\Drivers\STM32F1xx_HAL_Driver\Src\stm32f1xx_hal_rcc_ex.c 0x00000000   Number         0  stm32f1xx_hal_rcc_ex.o ABSOLUTE
    ..\Drivers\STM32F1xx_HAL_Driver\Src\stm32f1xx_hal_uart.c 0x00000000   Number         0  stm32f1xx_hal_uart.o ABSOLUTE
    ..\HARDWARE\KEY\key.c                    0x00000000   Number         0  key.o ABSOLUTE
    ..\HARDWARE\OLED\oled.c                  0x00000000   Number         0  oled.o ABSOLUTE
    ..\NET\MQTT\MqttKit.c                    0x00000000   Number         0  mqttkit.o ABSOLUTE
    ..\NET\cjson\cJSON.c                     0x00000000   Number         0  cjson.o ABSOLUTE
    ..\NET\device\esp8266.c                  0x00000000   Number         0  esp8266.o ABSOLUTE
    ..\NET\onenet\onenet.c                   0x00000000   Number         0  onenet.o ABSOLUTE
    ..\\HARDWARE\\KEY\\key.c                 0x00000000   Number         0  key.o ABSOLUTE
    ..\\HARDWARE\\OLED\\oled.c               0x00000000   Number         0  oled.o ABSOLUTE
    ..\\NET\\device\\esp8266.c               0x00000000   Number         0  esp8266.o ABSOLUTE
    ..\\NET\\onenet\\onenet.c                0x00000000   Number         0  onenet.o ABSOLUTE
    dc.s                                     0x00000000   Number         0  dc.o ABSOLUTE
    startup_stm32f103xb.s                    0x00000000   Number         0  startup_stm32f103xb.o ABSOLUTE
    RESET                                    0x08000000   Section      236  startup_stm32f103xb.o(RESET)
    !!!main                                  0x080000ec   Section        8  __main.o(!!!main)
    !!!scatter                               0x080000f4   Section       52  __scatter.o(!!!scatter)
    !!handler_copy                           0x08000128   Section       26  __scatter_copy.o(!!handler_copy)
    !!handler_zi                             0x08000144   Section       28  __scatter_zi.o(!!handler_zi)
    .ARM.Collect$$_printf_percent$$00000000  0x08000160   Section        0  _printf_percent.o(.ARM.Collect$$_printf_percent$$00000000)
    .ARM.Collect$$_printf_percent$$00000009  0x08000160   Section        6  _printf_d.o(.ARM.Collect$$_printf_percent$$00000009)
    .ARM.Collect$$_printf_percent$$00000014  0x08000166   Section        6  _printf_s.o(.ARM.Collect$$_printf_percent$$00000014)
    .ARM.Collect$$_printf_percent$$00000017  0x0800016c   Section        4  _printf_percent_end.o(.ARM.Collect$$_printf_percent$$00000017)
    .ARM.Collect$$libinit$$00000000          0x08000170   Section        2  libinit.o(.ARM.Collect$$libinit$$00000000)
    .ARM.Collect$$libinit$$00000002          0x08000172   Section        0  libinit2.o(.ARM.Collect$$libinit$$00000002)
    .ARM.Collect$$libinit$$00000004          0x08000172   Section        0  libinit2.o(.ARM.Collect$$libinit$$00000004)
    .ARM.Collect$$libinit$$0000000A          0x08000172   Section        0  libinit2.o(.ARM.Collect$$libinit$$0000000A)
    .ARM.Collect$$libinit$$0000000C          0x08000172   Section        0  libinit2.o(.ARM.Collect$$libinit$$0000000C)
    .ARM.Collect$$libinit$$0000000E          0x08000172   Section        0  libinit2.o(.ARM.Collect$$libinit$$0000000E)
    .ARM.Collect$$libinit$$00000011          0x08000172   Section        0  libinit2.o(.ARM.Collect$$libinit$$00000011)
    .ARM.Collect$$libinit$$00000013          0x08000172   Section        0  libinit2.o(.ARM.Collect$$libinit$$00000013)
    .ARM.Collect$$libinit$$00000015          0x08000172   Section        0  libinit2.o(.ARM.Collect$$libinit$$00000015)
    .ARM.Collect$$libinit$$00000017          0x08000172   Section        0  libinit2.o(.ARM.Collect$$libinit$$00000017)
    .ARM.Collect$$libinit$$00000019          0x08000172   Section        0  libinit2.o(.ARM.Collect$$libinit$$00000019)
    .ARM.Collect$$libinit$$0000001B          0x08000172   Section        0  libinit2.o(.ARM.Collect$$libinit$$0000001B)
    .ARM.Collect$$libinit$$0000001D          0x08000172   Section        0  libinit2.o(.ARM.Collect$$libinit$$0000001D)
    .ARM.Collect$$libinit$$0000001F          0x08000172   Section        0  libinit2.o(.ARM.Collect$$libinit$$0000001F)
    .ARM.Collect$$libinit$$00000021          0x08000172   Section        0  libinit2.o(.ARM.Collect$$libinit$$00000021)
    .ARM.Collect$$libinit$$00000023          0x08000172   Section        0  libinit2.o(.ARM.Collect$$libinit$$00000023)
    .ARM.Collect$$libinit$$00000025          0x08000172   Section        0  libinit2.o(.ARM.Collect$$libinit$$00000025)
    .ARM.Collect$$libinit$$0000002C          0x08000172   Section        0  libinit2.o(.ARM.Collect$$libinit$$0000002C)
    .ARM.Collect$$libinit$$0000002E          0x08000172   Section        0  libinit2.o(.ARM.Collect$$libinit$$0000002E)
    .ARM.Collect$$libinit$$00000030          0x08000172   Section        0  libinit2.o(.ARM.Collect$$libinit$$00000030)
    .ARM.Collect$$libinit$$00000032          0x08000172   Section        0  libinit2.o(.ARM.Collect$$libinit$$00000032)
    .ARM.Collect$$libinit$$00000033          0x08000172   Section        2  libinit2.o(.ARM.Collect$$libinit$$00000033)
    .ARM.Collect$$libshutdown$$00000000      0x08000174   Section        2  libshutdown.o(.ARM.Collect$$libshutdown$$00000000)
    .ARM.Collect$$libshutdown$$00000002      0x08000176   Section        0  libshutdown2.o(.ARM.Collect$$libshutdown$$00000002)
    .ARM.Collect$$libshutdown$$00000004      0x08000176   Section        0  libshutdown2.o(.ARM.Collect$$libshutdown$$00000004)
    .ARM.Collect$$libshutdown$$00000006      0x08000176   Section        0  libshutdown2.o(.ARM.Collect$$libshutdown$$00000006)
    .ARM.Collect$$libshutdown$$00000009      0x08000176   Section        0  libshutdown2.o(.ARM.Collect$$libshutdown$$00000009)
    .ARM.Collect$$libshutdown$$0000000C      0x08000176   Section        0  libshutdown2.o(.ARM.Collect$$libshutdown$$0000000C)
    .ARM.Collect$$libshutdown$$0000000E      0x08000176   Section        0  libshutdown2.o(.ARM.Collect$$libshutdown$$0000000E)
    .ARM.Collect$$libshutdown$$00000011      0x08000176   Section        0  libshutdown2.o(.ARM.Collect$$libshutdown$$00000011)
    .ARM.Collect$$libshutdown$$00000012      0x08000176   Section        2  libshutdown2.o(.ARM.Collect$$libshutdown$$00000012)
    .ARM.Collect$$rtentry$$00000000          0x08000178   Section        0  __rtentry.o(.ARM.Collect$$rtentry$$00000000)
    .ARM.Collect$$rtentry$$00000002          0x08000178   Section        0  __rtentry2.o(.ARM.Collect$$rtentry$$00000002)
    .ARM.Collect$$rtentry$$00000004          0x08000178   Section        6  __rtentry4.o(.ARM.Collect$$rtentry$$00000004)
    .ARM.Collect$$rtentry$$00000009          0x0800017e   Section        0  __rtentry2.o(.ARM.Collect$$rtentry$$00000009)
    .ARM.Collect$$rtentry$$0000000A          0x0800017e   Section        4  __rtentry2.o(.ARM.Collect$$rtentry$$0000000A)
    .ARM.Collect$$rtentry$$0000000C          0x08000182   Section        0  __rtentry2.o(.ARM.Collect$$rtentry$$0000000C)
    .ARM.Collect$$rtentry$$0000000D          0x08000182   Section        8  __rtentry2.o(.ARM.Collect$$rtentry$$0000000D)
    .ARM.Collect$$rtexit$$00000000           0x0800018a   Section        2  rtexit.o(.ARM.Collect$$rtexit$$00000000)
    .ARM.Collect$$rtexit$$00000002           0x0800018c   Section        0  rtexit2.o(.ARM.Collect$$rtexit$$00000002)
    .ARM.Collect$$rtexit$$00000003           0x0800018c   Section        4  rtexit2.o(.ARM.Collect$$rtexit$$00000003)
    .ARM.Collect$$rtexit$$00000004           0x08000190   Section        6  rtexit2.o(.ARM.Collect$$rtexit$$00000004)
    .text                                    0x08000198   Section       64  startup_stm32f103xb.o(.text)
    .text                                    0x080001d8   Section        0  __2sprintf.o(.text)
    .text                                    0x08000204   Section        0  _printf_str.o(.text)
    .text                                    0x08000258   Section        0  _printf_dec.o(.text)
    .text                                    0x080002d0   Section        0  __printf_flags_wp.o(.text)
    .text                                    0x08000408   Section        0  strchr.o(.text)
    .text                                    0x0800041c   Section        0  strstr.o(.text)
    .text                                    0x08000440   Section        0  strlen.o(.text)
    .text                                    0x0800047e   Section       68  rt_memclr.o(.text)
    .text                                    0x080004c2   Section       78  rt_memclr_w.o(.text)
    .text                                    0x08000510   Section        0  heapauxi.o(.text)
    .text                                    0x08000516   Section        0  _printf_intcommon.o(.text)
    .text                                    0x080005c8   Section        0  _printf_char_common.o(.text)
    _printf_input_char                       0x080005c9   Thumb Code    10  _printf_char_common.o(.text)
    .text                                    0x080005f8   Section        0  _sputc.o(.text)
    .text                                    0x08000602   Section        0  _printf_char.o(.text)
    .text                                    0x08000630   Section        8  libspace.o(.text)
    .text                                    0x08000638   Section        2  use_no_semi.o(.text)
    .text                                    0x0800063a   Section       74  sys_stackheap_outer.o(.text)
    .text                                    0x0800063a   Section        0  indicate_semi.o(.text)
    .text                                    0x08000684   Section        0  exit.o(.text)
    .text                                    0x08000698   Section        0  sys_exit.o(.text)
    i.BusFault_Handler                       0x080006a4   Section        0  stm32f1xx_it.o(i.BusFault_Handler)
    i.DATA_Poce                              0x080006a8   Section        0  main.o(i.DATA_Poce)
    i.DebugMon_Handler                       0x08000b18   Section        0  stm32f1xx_it.o(i.DebugMon_Handler)
    i.ESP8266_Clear                          0x08000b1c   Section        0  esp8266.o(i.ESP8266_Clear)
    i.ESP8266_GetIPD                         0x08000b38   Section        0  esp8266.o(i.ESP8266_GetIPD)
    i.ESP8266_Init                           0x08000b88   Section        0  esp8266.o(i.ESP8266_Init)
    i.ESP8266_SendCmd                        0x08000dd8   Section        0  esp8266.o(i.ESP8266_SendCmd)
    i.ESP8266_SendData                       0x08000e30   Section        0  esp8266.o(i.ESP8266_SendData)
    i.ESP8266_WaitRecive                     0x08000e7c   Section        0  esp8266.o(i.ESP8266_WaitRecive)
    i.Error_Handler                          0x08000eb0   Section        0  main.o(i.Error_Handler)
    i.HAL_DMA_Abort_IT                       0x08000eb8   Section        0  stm32f1xx_hal_dma.o(i.HAL_DMA_Abort_IT)
    i.HAL_Delay                              0x08000f68   Section        0  stm32f1xx_hal.o(i.HAL_Delay)
    i.HAL_GPIO_Init                          0x08000f90   Section        0  stm32f1xx_hal_gpio.o(i.HAL_GPIO_Init)
    i.HAL_GPIO_ReadPin                       0x080012b0   Section        0  stm32f1xx_hal_gpio.o(i.HAL_GPIO_ReadPin)
    i.HAL_GPIO_WritePin                      0x080012c0   Section        0  stm32f1xx_hal_gpio.o(i.HAL_GPIO_WritePin)
    i.HAL_GetTick                            0x080012cc   Section        0  stm32f1xx_hal.o(i.HAL_GetTick)
    i.HAL_IncTick                            0x080012d8   Section        0  stm32f1xx_hal.o(i.HAL_IncTick)
    i.HAL_Init                               0x080012f0   Section        0  stm32f1xx_hal.o(i.HAL_Init)
    i.HAL_InitTick                           0x08001318   Section        0  stm32f1xx_hal.o(i.HAL_InitTick)
    i.HAL_MspInit                            0x08001364   Section        0  stm32f1xx_hal_msp.o(i.HAL_MspInit)
    i.HAL_NVIC_EnableIRQ                     0x080013b8   Section        0  stm32f1xx_hal_cortex.o(i.HAL_NVIC_EnableIRQ)
    i.HAL_NVIC_SetPriority                   0x080013d8   Section        0  stm32f1xx_hal_cortex.o(i.HAL_NVIC_SetPriority)
    i.HAL_NVIC_SetPriorityGrouping           0x08001454   Section        0  stm32f1xx_hal_cortex.o(i.HAL_NVIC_SetPriorityGrouping)
    i.HAL_RCC_ClockConfig                    0x0800147c   Section        0  stm32f1xx_hal_rcc.o(i.HAL_RCC_ClockConfig)
    i.HAL_RCC_GetHCLKFreq                    0x08001608   Section        0  stm32f1xx_hal_rcc.o(i.HAL_RCC_GetHCLKFreq)
    i.HAL_RCC_GetPCLK1Freq                   0x08001614   Section        0  stm32f1xx_hal_rcc.o(i.HAL_RCC_GetPCLK1Freq)
    i.HAL_RCC_GetPCLK2Freq                   0x08001634   Section        0  stm32f1xx_hal_rcc.o(i.HAL_RCC_GetPCLK2Freq)
    i.HAL_RCC_GetSysClockFreq                0x08001654   Section        0  stm32f1xx_hal_rcc.o(i.HAL_RCC_GetSysClockFreq)
    i.HAL_RCC_OscConfig                      0x080016e8   Section        0  stm32f1xx_hal_rcc.o(i.HAL_RCC_OscConfig)
    i.HAL_SYSTICK_Config                     0x08001b4c   Section        0  stm32f1xx_hal_cortex.o(i.HAL_SYSTICK_Config)
    i.HAL_UART_ErrorCallback                 0x08001b80   Section        0  stm32f1xx_hal_uart.o(i.HAL_UART_ErrorCallback)
    i.HAL_UART_IRQHandler                    0x08001b84   Section        0  stm32f1xx_hal_uart.o(i.HAL_UART_IRQHandler)
    i.HAL_UART_Init                          0x08001cd0   Section        0  stm32f1xx_hal_uart.o(i.HAL_UART_Init)
    i.HAL_UART_MspInit                       0x08001d44   Section        0  usart.o(i.HAL_UART_MspInit)
    i.HAL_UART_Receive_IT                    0x08001ddc   Section        0  stm32f1xx_hal_uart.o(i.HAL_UART_Receive_IT)
    i.HAL_UART_RxCpltCallback                0x08001e4c   Section        0  esp8266.o(i.HAL_UART_RxCpltCallback)
    i.HAL_UART_Transmit                      0x08001e90   Section        0  stm32f1xx_hal_uart.o(i.HAL_UART_Transmit)
    i.HAL_UART_TxCpltCallback                0x08001f66   Section        0  stm32f1xx_hal_uart.o(i.HAL_UART_TxCpltCallback)
    i.HardFault_Handler                      0x08001f68   Section        0  stm32f1xx_it.o(i.HardFault_Handler)
    i.IIC_delay                              0x08001f6c   Section        0  oled.o(i.IIC_delay)
    i.KEY_Poce                               0x08001f7c   Section        0  main.o(i.KEY_Poce)
    i.MX_GPIO_Init                           0x08002054   Section        0  gpio.o(i.MX_GPIO_Init)
    i.MX_USART1_UART_Init                    0x08002124   Section        0  usart.o(i.MX_USART1_UART_Init)
    i.MemManage_Handler                      0x0800215c   Section        0  stm32f1xx_it.o(i.MemManage_Handler)
    i.NMI_Handler                            0x08002160   Section        0  stm32f1xx_it.o(i.NMI_Handler)
    i.OLED_Clear                             0x08002164   Section        0  oled.o(i.OLED_Clear)
    i.OLED_DrawPoint                         0x08002194   Section        0  oled.o(i.OLED_DrawPoint)
    i.OLED_I2C_Start                         0x0800220c   Section        0  oled.o(i.OLED_I2C_Start)
    i.OLED_I2C_Stop                          0x08002248   Section        0  oled.o(i.OLED_I2C_Stop)
    i.OLED_I2C_WaitAck                       0x08002274   Section        0  oled.o(i.OLED_I2C_WaitAck)
    i.OLED_Init                              0x080022a8   Section        0  oled.o(i.OLED_Init)
    i.OLED_Poce                              0x08002388   Section        0  main.o(i.OLED_Poce)
    i.OLED_Refresh                           0x080024f4   Section        0  oled.o(i.OLED_Refresh)
    i.OLED_Send_Byte                         0x0800255c   Section        0  oled.o(i.OLED_Send_Byte)
    i.OLED_ShowChar                          0x080025b0   Section        0  oled.o(i.OLED_ShowChar)
    i.OLED_ShowString                        0x080026ec   Section        0  oled.o(i.OLED_ShowString)
    i.OLED_WR_Byte                           0x0800273a   Section        0  oled.o(i.OLED_WR_Byte)
    i.PendSV_Handler                         0x08002772   Section        0  stm32f1xx_it.o(i.PendSV_Handler)
    i.RCC_Delay                              0x08002774   Section        0  stm32f1xx_hal_rcc.o(i.RCC_Delay)
    RCC_Delay                                0x08002775   Thumb Code    36  stm32f1xx_hal_rcc.o(i.RCC_Delay)
    i.SVC_Handler                            0x0800279c   Section        0  stm32f1xx_it.o(i.SVC_Handler)
    i.SysTick_Handler                        0x080027a0   Section        0  stm32f1xx_it.o(i.SysTick_Handler)
    i.SystemClock_Config                     0x08002964   Section        0  main.o(i.SystemClock_Config)
    i.SystemInit                             0x080029cc   Section        0  system_stm32f1xx.o(i.SystemInit)
    i.UART_DMAAbortOnError                   0x08002a24   Section        0  stm32f1xx_hal_uart.o(i.UART_DMAAbortOnError)
    UART_DMAAbortOnError                     0x08002a25   Thumb Code    20  stm32f1xx_hal_uart.o(i.UART_DMAAbortOnError)
    i.UART_EndRxTransfer                     0x08002a38   Section        0  stm32f1xx_hal_uart.o(i.UART_EndRxTransfer)
    UART_EndRxTransfer                       0x08002a39   Thumb Code    32  stm32f1xx_hal_uart.o(i.UART_EndRxTransfer)
    i.UART_EndTransmit_IT                    0x08002a58   Section        0  stm32f1xx_hal_uart.o(i.UART_EndTransmit_IT)
    UART_EndTransmit_IT                      0x08002a59   Thumb Code    32  stm32f1xx_hal_uart.o(i.UART_EndTransmit_IT)
    i.UART_Receive_IT                        0x08002a78   Section        0  stm32f1xx_hal_uart.o(i.UART_Receive_IT)
    UART_Receive_IT                          0x08002a79   Thumb Code   166  stm32f1xx_hal_uart.o(i.UART_Receive_IT)
    i.UART_SetConfig                         0x08002b20   Section        0  stm32f1xx_hal_uart.o(i.UART_SetConfig)
    UART_SetConfig                           0x08002b21   Thumb Code   412  stm32f1xx_hal_uart.o(i.UART_SetConfig)
    i.UART_Transmit_IT                       0x08002cc0   Section        0  stm32f1xx_hal_uart.o(i.UART_Transmit_IT)
    UART_Transmit_IT                         0x08002cc1   Thumb Code   104  stm32f1xx_hal_uart.o(i.UART_Transmit_IT)
    i.UART_WaitOnFlagUntilTimeout            0x08002d28   Section        0  stm32f1xx_hal_uart.o(i.UART_WaitOnFlagUntilTimeout)
    UART_WaitOnFlagUntilTimeout              0x08002d29   Thumb Code   108  stm32f1xx_hal_uart.o(i.UART_WaitOnFlagUntilTimeout)
    i.USART1_IRQHandler                      0x08002d94   Section        0  stm32f1xx_it.o(i.USART1_IRQHandler)
    i.UsageFault_Handler                     0x08002da4   Section        0  stm32f1xx_it.o(i.UsageFault_Handler)
    i.__NVIC_GetPriorityGrouping             0x08002da8   Section        0  stm32f1xx_hal_cortex.o(i.__NVIC_GetPriorityGrouping)
    __NVIC_GetPriorityGrouping               0x08002da9   Thumb Code    10  stm32f1xx_hal_cortex.o(i.__NVIC_GetPriorityGrouping)
    i.__NVIC_SetPriority                     0x08002db8   Section        0  stm32f1xx_hal_cortex.o(i.__NVIC_SetPriority)
    __NVIC_SetPriority                       0x08002db9   Thumb Code    32  stm32f1xx_hal_cortex.o(i.__NVIC_SetPriority)
    i._is_digit                              0x08002de0   Section        0  __printf_wp.o(i._is_digit)
    i.key_read                               0x08002df0   Section        0  key.o(i.key_read)
    i.led_dis                                0x08002e6c   Section        0  gpio.o(i.led_dis)
    i.main                                   0x08002ef4   Section        0  main.o(i.main)
    .constdata                               0x08002f28   Section       24  system_stm32f1xx.o(.constdata)
    .constdata                               0x08002f40   Section     7440  oled.o(.constdata)
    .constdata                               0x08004c50   Section       17  __printf_flags_wp.o(.constdata)
    maptable                                 0x08004c50   Data          17  __printf_flags_wp.o(.constdata)
    .data                                    0x20000000   Section       34  main.o(.data)
    .data                                    0x20000024   Section        9  stm32f1xx_hal.o(.data)
    .data                                    0x20000030   Section        4  system_stm32f1xx.o(.data)
    .data                                    0x20000034   Section        5  esp8266.o(.data)
    .bss                                     0x2000003c   Section      384  main.o(.bss)
    .bss                                     0x200001bc   Section       64  usart.o(.bss)
    .bss                                     0x200001fc   Section      256  esp8266.o(.bss)
    .bss                                     0x200002fc   Section     1152  oled.o(.bss)
    .bss                                     0x2000077c   Section       96  libspace.o(.bss)
    HEAP                                     0x200007e0   Section      512  startup_stm32f103xb.o(HEAP)
    Heap_Mem                                 0x200007e0   Data         512  startup_stm32f103xb.o(HEAP)
    STACK                                    0x200009e0   Section     1024  startup_stm32f103xb.o(STACK)
    Stack_Mem                                0x200009e0   Data        1024  startup_stm32f103xb.o(STACK)
    __initial_sp                             0x20000de0   Data           0  startup_stm32f103xb.o(STACK)

    Global Symbols

    Symbol Name                              Value     Ov Type        Size  Object(Section)

    BuildAttributes$$THM_ISAv4$P$D$K$B$S$PE$A:L22UL41UL21$X:L11$S22US41US21$IEEE1$IW$USESV6$~STKCKD$USESV7$~SHL$OTIME$ROPI$IEEEX$EBA8$UX$STANDARDLIB$REQ8$PRES8$EABIv2 0x00000000   Number         0  anon$$obj.o ABSOLUTE
    __ARM_use_no_argv                        0x00000000   Number         0  main.o ABSOLUTE
    _printf_flags                            0x00000000   Number         0  printf_stubs.o ABSOLUTE
    _printf_return_value                     0x00000000   Number         0  printf_stubs.o ABSOLUTE
    _printf_sizespec                         0x00000000   Number         0  printf_stubs.o ABSOLUTE
    _printf_widthprec                        0x00000000   Number         0  printf_stubs.o ABSOLUTE
    __ARM_exceptions_init                     - Undefined Weak Reference
    __alloca_initialize                       - Undefined Weak Reference
    __arm_fini_                               - Undefined Weak Reference
    __arm_preinit_                            - Undefined Weak Reference
    __cpp_initialize__aeabi_                  - Undefined Weak Reference
    __cxa_finalize                            - Undefined Weak Reference
    __sigvec_lookup                           - Undefined Weak Reference
    __user_heap_extent                        - Undefined Weak Reference
    _atexit_init                              - Undefined Weak Reference
    _call_atexit_fns                          - Undefined Weak Reference
    _clock_init                               - Undefined Weak Reference
    _fp_trap_init                             - Undefined Weak Reference
    _fp_trap_shutdown                         - Undefined Weak Reference
    _get_lc_collate                           - Undefined Weak Reference
    _get_lc_monetary                          - Undefined Weak Reference
    _get_lc_time                              - Undefined Weak Reference
    _getenv_init                              - Undefined Weak Reference
    _handle_redirection                       - Undefined Weak Reference
    _initio                                   - Undefined Weak Reference
    _mutex_acquire                            - Undefined Weak Reference
    _mutex_free                               - Undefined Weak Reference
    _mutex_release                            - Undefined Weak Reference
    _printf_mbtowc                            - Undefined Weak Reference
    _printf_truncate_signed                   - Undefined Weak Reference
    _printf_truncate_unsigned                 - Undefined Weak Reference
    _rand_init                                - Undefined Weak Reference
    _scanf_int                                - Undefined Weak Reference
    _scanf_longlong                           - Undefined Weak Reference
    _scanf_mbtowc                             - Undefined Weak Reference
    _scanf_string                             - Undefined Weak Reference
    _scanf_wctomb                             - Undefined Weak Reference
    _scanf_wstring                            - Undefined Weak Reference
    _signal_finish                            - Undefined Weak Reference
    _signal_init                              - Undefined Weak Reference
    _terminateio                              - Undefined Weak Reference
    __Vectors_Size                           0x000000ec   Number         0  startup_stm32f103xb.o ABSOLUTE
    __Vectors                                0x08000000   Data           4  startup_stm32f103xb.o(RESET)
    __Vectors_End                            0x080000ec   Data           0  startup_stm32f103xb.o(RESET)
    __main                                   0x080000ed   Thumb Code     8  __main.o(!!!main)
    __scatterload                            0x080000f5   Thumb Code     0  __scatter.o(!!!scatter)
    __scatterload_rt2                        0x080000f5   Thumb Code    44  __scatter.o(!!!scatter)
    __scatterload_rt2_thumb_only             0x080000f5   Thumb Code     0  __scatter.o(!!!scatter)
    __scatterload_null                       0x08000103   Thumb Code     0  __scatter.o(!!!scatter)
    __scatterload_copy                       0x08000129   Thumb Code    26  __scatter_copy.o(!!handler_copy)
    __scatterload_zeroinit                   0x08000145   Thumb Code    28  __scatter_zi.o(!!handler_zi)
    _printf_d                                0x08000161   Thumb Code     0  _printf_d.o(.ARM.Collect$$_printf_percent$$00000009)
    _printf_percent                          0x08000161   Thumb Code     0  _printf_percent.o(.ARM.Collect$$_printf_percent$$00000000)
    _printf_s                                0x08000167   Thumb Code     0  _printf_s.o(.ARM.Collect$$_printf_percent$$00000014)
    _printf_percent_end                      0x0800016d   Thumb Code     0  _printf_percent_end.o(.ARM.Collect$$_printf_percent$$00000017)
    __rt_lib_init                            0x08000171   Thumb Code     0  libinit.o(.ARM.Collect$$libinit$$00000000)
    __rt_lib_init_alloca_1                   0x08000173   Thumb Code     0  libinit2.o(.ARM.Collect$$libinit$$0000002E)
    __rt_lib_init_argv_1                     0x08000173   Thumb Code     0  libinit2.o(.ARM.Collect$$libinit$$0000002C)
    __rt_lib_init_atexit_1                   0x08000173   Thumb Code     0  libinit2.o(.ARM.Collect$$libinit$$0000001B)
    __rt_lib_init_clock_1                    0x08000173   Thumb Code     0  libinit2.o(.ARM.Collect$$libinit$$00000021)
    __rt_lib_init_cpp_1                      0x08000173   Thumb Code     0  libinit2.o(.ARM.Collect$$libinit$$00000032)
    __rt_lib_init_exceptions_1               0x08000173   Thumb Code     0  libinit2.o(.ARM.Collect$$libinit$$00000030)
    __rt_lib_init_fp_1                       0x08000173   Thumb Code     0  libinit2.o(.ARM.Collect$$libinit$$00000002)
    __rt_lib_init_fp_trap_1                  0x08000173   Thumb Code     0  libinit2.o(.ARM.Collect$$libinit$$0000001F)
    __rt_lib_init_getenv_1                   0x08000173   Thumb Code     0  libinit2.o(.ARM.Collect$$libinit$$00000023)
    __rt_lib_init_heap_1                     0x08000173   Thumb Code     0  libinit2.o(.ARM.Collect$$libinit$$0000000A)
    __rt_lib_init_lc_collate_1               0x08000173   Thumb Code     0  libinit2.o(.ARM.Collect$$libinit$$00000011)
    __rt_lib_init_lc_ctype_1                 0x08000173   Thumb Code     0  libinit2.o(.ARM.Collect$$libinit$$00000013)
    __rt_lib_init_lc_monetary_1              0x08000173   Thumb Code     0  libinit2.o(.ARM.Collect$$libinit$$00000015)
    __rt_lib_init_lc_numeric_1               0x08000173   Thumb Code     0  libinit2.o(.ARM.Collect$$libinit$$00000017)
    __rt_lib_init_lc_time_1                  0x08000173   Thumb Code     0  libinit2.o(.ARM.Collect$$libinit$$00000019)
    __rt_lib_init_preinit_1                  0x08000173   Thumb Code     0  libinit2.o(.ARM.Collect$$libinit$$00000004)
    __rt_lib_init_rand_1                     0x08000173   Thumb Code     0  libinit2.o(.ARM.Collect$$libinit$$0000000E)
    __rt_lib_init_return                     0x08000173   Thumb Code     0  libinit2.o(.ARM.Collect$$libinit$$00000033)
    __rt_lib_init_signal_1                   0x08000173   Thumb Code     0  libinit2.o(.ARM.Collect$$libinit$$0000001D)
    __rt_lib_init_stdio_1                    0x08000173   Thumb Code     0  libinit2.o(.ARM.Collect$$libinit$$00000025)
    __rt_lib_init_user_alloc_1               0x08000173   Thumb Code     0  libinit2.o(.ARM.Collect$$libinit$$0000000C)
    __rt_lib_shutdown                        0x08000175   Thumb Code     0  libshutdown.o(.ARM.Collect$$libshutdown$$00000000)
    __rt_lib_shutdown_cpp_1                  0x08000177   Thumb Code     0  libshutdown2.o(.ARM.Collect$$libshutdown$$00000004)
    __rt_lib_shutdown_fini_1                 0x08000177   Thumb Code     0  libshutdown2.o(.ARM.Collect$$libshutdown$$00000002)
    __rt_lib_shutdown_fp_trap_1              0x08000177   Thumb Code     0  libshutdown2.o(.ARM.Collect$$libshutdown$$00000009)
    __rt_lib_shutdown_heap_1                 0x08000177   Thumb Code     0  libshutdown2.o(.ARM.Collect$$libshutdown$$00000011)
    __rt_lib_shutdown_return                 0x08000177   Thumb Code     0  libshutdown2.o(.ARM.Collect$$libshutdown$$00000012)
    __rt_lib_shutdown_signal_1               0x08000177   Thumb Code     0  libshutdown2.o(.ARM.Collect$$libshutdown$$0000000C)
    __rt_lib_shutdown_stdio_1                0x08000177   Thumb Code     0  libshutdown2.o(.ARM.Collect$$libshutdown$$00000006)
    __rt_lib_shutdown_user_alloc_1           0x08000177   Thumb Code     0  libshutdown2.o(.ARM.Collect$$libshutdown$$0000000E)
    __rt_entry                               0x08000179   Thumb Code     0  __rtentry.o(.ARM.Collect$$rtentry$$00000000)
    __rt_entry_presh_1                       0x08000179   Thumb Code     0  __rtentry2.o(.ARM.Collect$$rtentry$$00000002)
    __rt_entry_sh                            0x08000179   Thumb Code     0  __rtentry4.o(.ARM.Collect$$rtentry$$00000004)
    __rt_entry_li                            0x0800017f   Thumb Code     0  __rtentry2.o(.ARM.Collect$$rtentry$$0000000A)
    __rt_entry_postsh_1                      0x0800017f   Thumb Code     0  __rtentry2.o(.ARM.Collect$$rtentry$$00000009)
    __rt_entry_main                          0x08000183   Thumb Code     0  __rtentry2.o(.ARM.Collect$$rtentry$$0000000D)
    __rt_entry_postli_1                      0x08000183   Thumb Code     0  __rtentry2.o(.ARM.Collect$$rtentry$$0000000C)
    __rt_exit                                0x0800018b   Thumb Code     0  rtexit.o(.ARM.Collect$$rtexit$$00000000)
    __rt_exit_ls                             0x0800018d   Thumb Code     0  rtexit2.o(.ARM.Collect$$rtexit$$00000003)
    __rt_exit_prels_1                        0x0800018d   Thumb Code     0  rtexit2.o(.ARM.Collect$$rtexit$$00000002)
    __rt_exit_exit                           0x08000191   Thumb Code     0  rtexit2.o(.ARM.Collect$$rtexit$$00000004)
    Reset_Handler                            0x08000199   Thumb Code     8  startup_stm32f103xb.o(.text)
    ADC1_2_IRQHandler                        0x080001b3   Thumb Code     0  startup_stm32f103xb.o(.text)
    CAN1_RX1_IRQHandler                      0x080001b3   Thumb Code     0  startup_stm32f103xb.o(.text)
    CAN1_SCE_IRQHandler                      0x080001b3   Thumb Code     0  startup_stm32f103xb.o(.text)
    DMA1_Channel1_IRQHandler                 0x080001b3   Thumb Code     0  startup_stm32f103xb.o(.text)
    DMA1_Channel2_IRQHandler                 0x080001b3   Thumb Code     0  startup_stm32f103xb.o(.text)
    DMA1_Channel3_IRQHandler                 0x080001b3   Thumb Code     0  startup_stm32f103xb.o(.text)
    DMA1_Channel4_IRQHandler                 0x080001b3   Thumb Code     0  startup_stm32f103xb.o(.text)
    DMA1_Channel5_IRQHandler                 0x080001b3   Thumb Code     0  startup_stm32f103xb.o(.text)
    DMA1_Channel6_IRQHandler                 0x080001b3   Thumb Code     0  startup_stm32f103xb.o(.text)
    DMA1_Channel7_IRQHandler                 0x080001b3   Thumb Code     0  startup_stm32f103xb.o(.text)
    EXTI0_IRQHandler                         0x080001b3   Thumb Code     0  startup_stm32f103xb.o(.text)
    EXTI15_10_IRQHandler                     0x080001b3   Thumb Code     0  startup_stm32f103xb.o(.text)
    EXTI1_IRQHandler                         0x080001b3   Thumb Code     0  startup_stm32f103xb.o(.text)
    EXTI2_IRQHandler                         0x080001b3   Thumb Code     0  startup_stm32f103xb.o(.text)
    EXTI3_IRQHandler                         0x080001b3   Thumb Code     0  startup_stm32f103xb.o(.text)
    EXTI4_IRQHandler                         0x080001b3   Thumb Code     0  startup_stm32f103xb.o(.text)
    EXTI9_5_IRQHandler                       0x080001b3   Thumb Code     0  startup_stm32f103xb.o(.text)
    FLASH_IRQHandler                         0x080001b3   Thumb Code     0  startup_stm32f103xb.o(.text)
    I2C1_ER_IRQHandler                       0x080001b3   Thumb Code     0  startup_stm32f103xb.o(.text)
    I2C1_EV_IRQHandler                       0x080001b3   Thumb Code     0  startup_stm32f103xb.o(.text)
    I2C2_ER_IRQHandler                       0x080001b3   Thumb Code     0  startup_stm32f103xb.o(.text)
    I2C2_EV_IRQHandler                       0x080001b3   Thumb Code     0  startup_stm32f103xb.o(.text)
    PVD_IRQHandler                           0x080001b3   Thumb Code     0  startup_stm32f103xb.o(.text)
    RCC_IRQHandler                           0x080001b3   Thumb Code     0  startup_stm32f103xb.o(.text)
    RTC_Alarm_IRQHandler                     0x080001b3   Thumb Code     0  startup_stm32f103xb.o(.text)
    RTC_IRQHandler                           0x080001b3   Thumb Code     0  startup_stm32f103xb.o(.text)
    SPI1_IRQHandler                          0x080001b3   Thumb Code     0  startup_stm32f103xb.o(.text)
    SPI2_IRQHandler                          0x080001b3   Thumb Code     0  startup_stm32f103xb.o(.text)
    TAMPER_IRQHandler                        0x080001b3   Thumb Code     0  startup_stm32f103xb.o(.text)
    TIM1_BRK_IRQHandler                      0x080001b3   Thumb Code     0  startup_stm32f103xb.o(.text)
    TIM1_CC_IRQHandler                       0x080001b3   Thumb Code     0  startup_stm32f103xb.o(.text)
    TIM1_TRG_COM_IRQHandler                  0x080001b3   Thumb Code     0  startup_stm32f103xb.o(.text)
    TIM1_UP_IRQHandler                       0x080001b3   Thumb Code     0  startup_stm32f103xb.o(.text)
    TIM2_IRQHandler                          0x080001b3   Thumb Code     0  startup_stm32f103xb.o(.text)
    TIM3_IRQHandler                          0x080001b3   Thumb Code     0  startup_stm32f103xb.o(.text)
    TIM4_IRQHandler                          0x080001b3   Thumb Code     0  startup_stm32f103xb.o(.text)
    USART2_IRQHandler                        0x080001b3   Thumb Code     0  startup_stm32f103xb.o(.text)
    USART3_IRQHandler                        0x080001b3   Thumb Code     0  startup_stm32f103xb.o(.text)
    USBWakeUp_IRQHandler                     0x080001b3   Thumb Code     0  startup_stm32f103xb.o(.text)
    USB_HP_CAN1_TX_IRQHandler                0x080001b3   Thumb Code     0  startup_stm32f103xb.o(.text)
    USB_LP_CAN1_RX0_IRQHandler               0x080001b3   Thumb Code     0  startup_stm32f103xb.o(.text)
    WWDG_IRQHandler                          0x080001b3   Thumb Code     0  startup_stm32f103xb.o(.text)
    __user_initial_stackheap                 0x080001b5   Thumb Code     0  startup_stm32f103xb.o(.text)
    __2sprintf                               0x080001d9   Thumb Code    38  __2sprintf.o(.text)
    _printf_str                              0x08000205   Thumb Code    82  _printf_str.o(.text)
    _printf_int_dec                          0x08000259   Thumb Code   104  _printf_dec.o(.text)
    __printf                                 0x080002d1   Thumb Code   308  __printf_flags_wp.o(.text)
    strchr                                   0x08000409   Thumb Code    20  strchr.o(.text)
    strstr                                   0x0800041d   Thumb Code    36  strstr.o(.text)
    strlen                                   0x08000441   Thumb Code    62  strlen.o(.text)
    __aeabi_memclr                           0x0800047f   Thumb Code     0  rt_memclr.o(.text)
    __rt_memclr                              0x0800047f   Thumb Code    68  rt_memclr.o(.text)
    _memset                                  0x08000483   Thumb Code     0  rt_memclr.o(.text)
    __aeabi_memclr4                          0x080004c3   Thumb Code     0  rt_memclr_w.o(.text)
    __aeabi_memclr8                          0x080004c3   Thumb Code     0  rt_memclr_w.o(.text)
    __rt_memclr_w                            0x080004c3   Thumb Code    78  rt_memclr_w.o(.text)
    _memset_w                                0x080004c7   Thumb Code     0  rt_memclr_w.o(.text)
    __use_two_region_memory                  0x08000511   Thumb Code     2  heapauxi.o(.text)
    __rt_heap_escrow                         0x08000513   Thumb Code     2  heapauxi.o(.text)
    __rt_heap_expand                         0x08000515   Thumb Code     2  heapauxi.o(.text)
    _printf_int_common                       0x08000517   Thumb Code   178  _printf_intcommon.o(.text)
    _printf_char_common                      0x080005d3   Thumb Code    32  _printf_char_common.o(.text)
    _sputc                                   0x080005f9   Thumb Code    10  _sputc.o(.text)
    _printf_cs_common                        0x08000603   Thumb Code    20  _printf_char.o(.text)
    _printf_char                             0x08000617   Thumb Code    16  _printf_char.o(.text)
    _printf_string                           0x08000627   Thumb Code     8  _printf_char.o(.text)
    __user_libspace                          0x08000631   Thumb Code     8  libspace.o(.text)
    __user_perproc_libspace                  0x08000631   Thumb Code     0  libspace.o(.text)
    __user_perthread_libspace                0x08000631   Thumb Code     0  libspace.o(.text)
    __I$use$semihosting                      0x08000639   Thumb Code     0  use_no_semi.o(.text)
    __use_no_semihosting_swi                 0x08000639   Thumb Code     2  use_no_semi.o(.text)
    __semihosting_library_function           0x0800063b   Thumb Code     0  indicate_semi.o(.text)
    __user_setup_stackheap                   0x0800063b   Thumb Code    74  sys_stackheap_outer.o(.text)
    exit                                     0x08000685   Thumb Code    18  exit.o(.text)
    _sys_exit                                0x08000699   Thumb Code     8  sys_exit.o(.text)
    BusFault_Handler                         0x080006a5   Thumb Code     4  stm32f1xx_it.o(i.BusFault_Handler)
    DATA_Poce                                0x080006a9   Thumb Code   694  main.o(i.DATA_Poce)
    DebugMon_Handler                         0x08000b19   Thumb Code     2  stm32f1xx_it.o(i.DebugMon_Handler)
    ESP8266_Clear                            0x08000b1d   Thumb Code    18  esp8266.o(i.ESP8266_Clear)
    ESP8266_GetIPD                           0x08000b39   Thumb Code    66  esp8266.o(i.ESP8266_GetIPD)
    ESP8266_Init                             0x08000b89   Thumb Code   378  esp8266.o(i.ESP8266_Init)
    ESP8266_SendCmd                          0x08000dd9   Thumb Code    78  esp8266.o(i.ESP8266_SendCmd)
    ESP8266_SendData                         0x08000e31   Thumb Code    48  esp8266.o(i.ESP8266_SendData)
    ESP8266_WaitRecive                       0x08000e7d   Thumb Code    42  esp8266.o(i.ESP8266_WaitRecive)
    Error_Handler                            0x08000eb1   Thumb Code     6  main.o(i.Error_Handler)
    HAL_DMA_Abort_IT                         0x08000eb9   Thumb Code   172  stm32f1xx_hal_dma.o(i.HAL_DMA_Abort_IT)
    HAL_Delay                                0x08000f69   Thumb Code    36  stm32f1xx_hal.o(i.HAL_Delay)
    HAL_GPIO_Init                            0x08000f91   Thumb Code   766  stm32f1xx_hal_gpio.o(i.HAL_GPIO_Init)
    HAL_GPIO_ReadPin                         0x080012b1   Thumb Code    16  stm32f1xx_hal_gpio.o(i.HAL_GPIO_ReadPin)
    HAL_GPIO_WritePin                        0x080012c1   Thumb Code    12  stm32f1xx_hal_gpio.o(i.HAL_GPIO_WritePin)
    HAL_GetTick                              0x080012cd   Thumb Code     6  stm32f1xx_hal.o(i.HAL_GetTick)
    HAL_IncTick                              0x080012d9   Thumb Code    16  stm32f1xx_hal.o(i.HAL_IncTick)
    HAL_Init                                 0x080012f1   Thumb Code    34  stm32f1xx_hal.o(i.HAL_Init)
    HAL_InitTick                             0x08001319   Thumb Code    64  stm32f1xx_hal.o(i.HAL_InitTick)
    HAL_MspInit                              0x08001365   Thumb Code    76  stm32f1xx_hal_msp.o(i.HAL_MspInit)
    HAL_NVIC_EnableIRQ                       0x080013b9   Thumb Code    32  stm32f1xx_hal_cortex.o(i.HAL_NVIC_EnableIRQ)
    HAL_NVIC_SetPriority                     0x080013d9   Thumb Code   124  stm32f1xx_hal_cortex.o(i.HAL_NVIC_SetPriority)
    HAL_NVIC_SetPriorityGrouping             0x08001455   Thumb Code    32  stm32f1xx_hal_cortex.o(i.HAL_NVIC_SetPriorityGrouping)
    HAL_RCC_ClockConfig                      0x0800147d   Thumb Code   376  stm32f1xx_hal_rcc.o(i.HAL_RCC_ClockConfig)
    HAL_RCC_GetHCLKFreq                      0x08001609   Thumb Code     6  stm32f1xx_hal_rcc.o(i.HAL_RCC_GetHCLKFreq)
    HAL_RCC_GetPCLK1Freq                     0x08001615   Thumb Code    22  stm32f1xx_hal_rcc.o(i.HAL_RCC_GetPCLK1Freq)
    HAL_RCC_GetPCLK2Freq                     0x08001635   Thumb Code    22  stm32f1xx_hal_rcc.o(i.HAL_RCC_GetPCLK2Freq)
    HAL_RCC_GetSysClockFreq                  0x08001655   Thumb Code   116  stm32f1xx_hal_rcc.o(i.HAL_RCC_GetSysClockFreq)
    HAL_RCC_OscConfig                        0x080016e9   Thumb Code  1114  stm32f1xx_hal_rcc.o(i.HAL_RCC_OscConfig)
    HAL_SYSTICK_Config                       0x08001b4d   Thumb Code    52  stm32f1xx_hal_cortex.o(i.HAL_SYSTICK_Config)
    HAL_UART_ErrorCallback                   0x08001b81   Thumb Code     2  stm32f1xx_hal_uart.o(i.HAL_UART_ErrorCallback)
    HAL_UART_IRQHandler                      0x08001b85   Thumb Code   326  stm32f1xx_hal_uart.o(i.HAL_UART_IRQHandler)
    HAL_UART_Init                            0x08001cd1   Thumb Code   114  stm32f1xx_hal_uart.o(i.HAL_UART_Init)
    HAL_UART_MspInit                         0x08001d45   Thumb Code   138  usart.o(i.HAL_UART_MspInit)
    HAL_UART_Receive_IT                      0x08001ddd   Thumb Code   112  stm32f1xx_hal_uart.o(i.HAL_UART_Receive_IT)
    HAL_UART_RxCpltCallback                  0x08001e4d   Thumb Code    50  esp8266.o(i.HAL_UART_RxCpltCallback)
    HAL_UART_Transmit                        0x08001e91   Thumb Code   214  stm32f1xx_hal_uart.o(i.HAL_UART_Transmit)
    HAL_UART_TxCpltCallback                  0x08001f67   Thumb Code     2  stm32f1xx_hal_uart.o(i.HAL_UART_TxCpltCallback)
    HardFault_Handler                        0x08001f69   Thumb Code     4  stm32f1xx_it.o(i.HardFault_Handler)
    IIC_delay                                0x08001f6d   Thumb Code    16  oled.o(i.IIC_delay)
    KEY_Poce                                 0x08001f7d   Thumb Code   188  main.o(i.KEY_Poce)
    MX_GPIO_Init                             0x08002055   Thumb Code   194  gpio.o(i.MX_GPIO_Init)
    MX_USART1_UART_Init                      0x08002125   Thumb Code    46  usart.o(i.MX_USART1_UART_Init)
    MemManage_Handler                        0x0800215d   Thumb Code     4  stm32f1xx_it.o(i.MemManage_Handler)
    NMI_Handler                              0x08002161   Thumb Code     4  stm32f1xx_it.o(i.NMI_Handler)
    OLED_Clear                               0x08002165   Thumb Code    42  oled.o(i.OLED_Clear)
    OLED_DrawPoint                           0x08002195   Thumb Code   114  oled.o(i.OLED_DrawPoint)
    OLED_I2C_Start                           0x0800220d   Thumb Code    56  oled.o(i.OLED_I2C_Start)
    OLED_I2C_Stop                            0x08002249   Thumb Code    38  oled.o(i.OLED_I2C_Stop)
    OLED_I2C_WaitAck                         0x08002275   Thumb Code    46  oled.o(i.OLED_I2C_WaitAck)
    OLED_Init                                0x080022a9   Thumb Code   222  oled.o(i.OLED_Init)
    OLED_Poce                                0x08002389   Thumb Code   284  main.o(i.OLED_Poce)
    OLED_Refresh                             0x080024f5   Thumb Code   100  oled.o(i.OLED_Refresh)
    OLED_Send_Byte                           0x0800255d   Thumb Code    78  oled.o(i.OLED_Send_Byte)
    OLED_ShowChar                            0x080025b1   Thumb Code   300  oled.o(i.OLED_ShowChar)
    OLED_ShowString                          0x080026ed   Thumb Code    78  oled.o(i.OLED_ShowString)
    OLED_WR_Byte                             0x0800273b   Thumb Code    56  oled.o(i.OLED_WR_Byte)
    PendSV_Handler                           0x08002773   Thumb Code     2  stm32f1xx_it.o(i.PendSV_Handler)
    SVC_Handler                              0x0800279d   Thumb Code     2  stm32f1xx_it.o(i.SVC_Handler)
    SysTick_Handler                          0x080027a1   Thumb Code   422  stm32f1xx_it.o(i.SysTick_Handler)
    SystemClock_Config                       0x08002965   Thumb Code   102  main.o(i.SystemClock_Config)
    SystemInit                               0x080029cd   Thumb Code    70  system_stm32f1xx.o(i.SystemInit)
    USART1_IRQHandler                        0x08002d95   Thumb Code    10  stm32f1xx_it.o(i.USART1_IRQHandler)
    UsageFault_Handler                       0x08002da5   Thumb Code     4  stm32f1xx_it.o(i.UsageFault_Handler)
    _is_digit                                0x08002de1   Thumb Code    14  __printf_wp.o(i._is_digit)
    key_read                                 0x08002df1   Thumb Code   120  key.o(i.key_read)
    led_dis                                  0x08002e6d   Thumb Code   132  gpio.o(i.led_dis)
    main                                     0x08002ef5   Thumb Code    52  main.o(i.main)
    AHBPrescTable                            0x08002f28   Data          16  system_stm32f1xx.o(.constdata)
    APBPrescTable                            0x08002f38   Data           8  system_stm32f1xx.o(.constdata)
    asc2_0806                                0x08002f40   Data         552  oled.o(.constdata)
    asc2_1206                                0x08003168   Data        1140  oled.o(.constdata)
    asc2_1608                                0x080035dc   Data        1520  oled.o(.constdata)
    asc2_2412                                0x08003bcc   Data        3420  oled.o(.constdata)
    Hzk1                                     0x08004928   Data          96  oled.o(.constdata)
    Hzk2                                     0x08004988   Data          72  oled.o(.constdata)
    Hzk3                                     0x080049d0   Data         128  oled.o(.constdata)
    Hzk4                                     0x08004a50   Data         512  oled.o(.constdata)
    Region$$Table$$Base                      0x08004c64   Number         0  anon$$obj.o(Region$$Table)
    Region$$Table$$Limit                     0x08004c84   Number         0  anon$$obj.o(Region$$Table)
    dataPtr                                  0x20000000   Data           4  main.o(.data)
    key                                      0x20000004   Data           1  main.o(.data)
    seat_Sate                                0x20000005   Data           4  main.o(.data)
    seat_Flag                                0x20000009   Data           4  main.o(.data)
    seat_Weiyue                              0x2000000d   Data           4  main.o(.data)
    time_Seat1                               0x20000012   Data           4  main.o(.data)
    time_Seat2                               0x20000016   Data           4  main.o(.data)
    time_Seat3                               0x2000001a   Data           4  main.o(.data)
    time_Seat4                               0x2000001e   Data           4  main.o(.data)
    uwTick                                   0x20000024   Data           4  stm32f1xx_hal.o(.data)
    uwTickPrio                               0x20000028   Data           4  stm32f1xx_hal.o(.data)
    uwTickFreq                               0x2000002c   Data           1  stm32f1xx_hal.o(.data)
    SystemCoreClock                          0x20000030   Data           4  system_stm32f1xx.o(.data)
    esp8266_cnt                              0x20000034   Data           2  esp8266.o(.data)
    esp8266_cntPre                           0x20000036   Data           2  esp8266.o(.data)
    esp8266_buff                             0x20000038   Data           1  esp8266.o(.data)
    PUB_BUF                                  0x2000003c   Data         256  main.o(.bss)
    OLED                                     0x2000013c   Data         128  main.o(.bss)
    huart1                                   0x200001bc   Data          64  usart.o(.bss)
    esp8266_buf                              0x200001fc   Data         128  esp8266.o(.bss)
    OLED_ESP                                 0x2000027c   Data         128  esp8266.o(.bss)
    OLED_GRAM                                0x200002fc   Data        1152  oled.o(.bss)
    __libspace_start                         0x2000077c   Data          96  libspace.o(.bss)
    __temporary_stack_top$libspace           0x200007dc   Data           0  libspace.o(.bss)



==============================================================================

Memory Map of the image

  Image Entry point : 0x080000ed

  Load Region LR_IROM1 (Base: 0x08000000, Size: 0x00004cc0, Max: 0x00010000, ABSOLUTE)

    Execution Region ER_IROM1 (Exec base: 0x08000000, Load base: 0x08000000, Size: 0x00004c84, Max: 0x00010000, ABSOLUTE)

    Exec Addr    Load Addr    Size         Type   Attr      Idx    E Section Name        Object

    0x08000000   0x08000000   0x000000ec   Data   RO            3    RESET               startup_stm32f103xb.o
    0x080000ec   0x080000ec   0x00000008   Code   RO         3095  * !!!main             c_w.l(__main.o)
    0x080000f4   0x080000f4   0x00000034   Code   RO         3490    !!!scatter          c_w.l(__scatter.o)
    0x08000128   0x08000128   0x0000001a   Code   RO         3492    !!handler_copy      c_w.l(__scatter_copy.o)
    0x08000142   0x08000142   0x00000002   PAD
    0x08000144   0x08000144   0x0000001c   Code   RO         3494    !!handler_zi        c_w.l(__scatter_zi.o)
    0x08000160   0x08000160   0x00000000   Code   RO         3068    .ARM.Collect$$_printf_percent$$00000000  c_w.l(_printf_percent.o)
    0x08000160   0x08000160   0x00000006   Code   RO         3066    .ARM.Collect$$_printf_percent$$00000009  c_w.l(_printf_d.o)
    0x08000166   0x08000166   0x00000006   Code   RO         3063    .ARM.Collect$$_printf_percent$$00000014  c_w.l(_printf_s.o)
    0x0800016c   0x0800016c   0x00000004   Code   RO         3171    .ARM.Collect$$_printf_percent$$00000017  c_w.l(_printf_percent_end.o)
    0x08000170   0x08000170   0x00000002   Code   RO         3376    .ARM.Collect$$libinit$$00000000  c_w.l(libinit.o)
    0x08000172   0x08000172   0x00000000   Code   RO         3183    .ARM.Collect$$libinit$$00000002  c_w.l(libinit2.o)
    0x08000172   0x08000172   0x00000000   Code   RO         3185    .ARM.Collect$$libinit$$00000004  c_w.l(libinit2.o)
    0x08000172   0x08000172   0x00000000   Code   RO         3188    .ARM.Collect$$libinit$$0000000A  c_w.l(libinit2.o)
    0x08000172   0x08000172   0x00000000   Code   RO         3190    .ARM.Collect$$libinit$$0000000C  c_w.l(libinit2.o)
    0x08000172   0x08000172   0x00000000   Code   RO         3192    .ARM.Collect$$libinit$$0000000E  c_w.l(libinit2.o)
    0x08000172   0x08000172   0x00000000   Code   RO         3195    .ARM.Collect$$libinit$$00000011  c_w.l(libinit2.o)
    0x08000172   0x08000172   0x00000000   Code   RO         3197    .ARM.Collect$$libinit$$00000013  c_w.l(libinit2.o)
    0x08000172   0x08000172   0x00000000   Code   RO         3199    .ARM.Collect$$libinit$$00000015  c_w.l(libinit2.o)
    0x08000172   0x08000172   0x00000000   Code   RO         3201    .ARM.Collect$$libinit$$00000017  c_w.l(libinit2.o)
    0x08000172   0x08000172   0x00000000   Code   RO         3203    .ARM.Collect$$libinit$$00000019  c_w.l(libinit2.o)
    0x08000172   0x08000172   0x00000000   Code   RO         3205    .ARM.Collect$$libinit$$0000001B  c_w.l(libinit2.o)
    0x08000172   0x08000172   0x00000000   Code   RO         3207    .ARM.Collect$$libinit$$0000001D  c_w.l(libinit2.o)
    0x08000172   0x08000172   0x00000000   Code   RO         3209    .ARM.Collect$$libinit$$0000001F  c_w.l(libinit2.o)
    0x08000172   0x08000172   0x00000000   Code   RO         3211    .ARM.Collect$$libinit$$00000021  c_w.l(libinit2.o)
    0x08000172   0x08000172   0x00000000   Code   RO         3213    .ARM.Collect$$libinit$$00000023  c_w.l(libinit2.o)
    0x08000172   0x08000172   0x00000000   Code   RO         3215    .ARM.Collect$$libinit$$00000025  c_w.l(libinit2.o)
    0x08000172   0x08000172   0x00000000   Code   RO         3219    .ARM.Collect$$libinit$$0000002C  c_w.l(libinit2.o)
    0x08000172   0x08000172   0x00000000   Code   RO         3221    .ARM.Collect$$libinit$$0000002E  c_w.l(libinit2.o)
    0x08000172   0x08000172   0x00000000   Code   RO         3223    .ARM.Collect$$libinit$$00000030  c_w.l(libinit2.o)
    0x08000172   0x08000172   0x00000000   Code   RO         3225    .ARM.Collect$$libinit$$00000032  c_w.l(libinit2.o)
    0x08000172   0x08000172   0x00000002   Code   RO         3226    .ARM.Collect$$libinit$$00000033  c_w.l(libinit2.o)
    0x08000174   0x08000174   0x00000002   Code   RO         3479    .ARM.Collect$$libshutdown$$00000000  c_w.l(libshutdown.o)
    0x08000176   0x08000176   0x00000000   Code   RO         3400    .ARM.Collect$$libshutdown$$00000002  c_w.l(libshutdown2.o)
    0x08000176   0x08000176   0x00000000   Code   RO         3402    .ARM.Collect$$libshutdown$$00000004  c_w.l(libshutdown2.o)
    0x08000176   0x08000176   0x00000000   Code   RO         3404    .ARM.Collect$$libshutdown$$00000006  c_w.l(libshutdown2.o)
    0x08000176   0x08000176   0x00000000   Code   RO         3407    .ARM.Collect$$libshutdown$$00000009  c_w.l(libshutdown2.o)
    0x08000176   0x08000176   0x00000000   Code   RO         3410    .ARM.Collect$$libshutdown$$0000000C  c_w.l(libshutdown2.o)
    0x08000176   0x08000176   0x00000000   Code   RO         3412    .ARM.Collect$$libshutdown$$0000000E  c_w.l(libshutdown2.o)
    0x08000176   0x08000176   0x00000000   Code   RO         3415    .ARM.Collect$$libshutdown$$00000011  c_w.l(libshutdown2.o)
    0x08000176   0x08000176   0x00000002   Code   RO         3416    .ARM.Collect$$libshutdown$$00000012  c_w.l(libshutdown2.o)
    0x08000178   0x08000178   0x00000000   Code   RO         3133    .ARM.Collect$$rtentry$$00000000  c_w.l(__rtentry.o)
    0x08000178   0x08000178   0x00000000   Code   RO         3242    .ARM.Collect$$rtentry$$00000002  c_w.l(__rtentry2.o)
    0x08000178   0x08000178   0x00000006   Code   RO         3254    .ARM.Collect$$rtentry$$00000004  c_w.l(__rtentry4.o)
    0x0800017e   0x0800017e   0x00000000   Code   RO         3244    .ARM.Collect$$rtentry$$00000009  c_w.l(__rtentry2.o)
    0x0800017e   0x0800017e   0x00000004   Code   RO         3245    .ARM.Collect$$rtentry$$0000000A  c_w.l(__rtentry2.o)
    0x08000182   0x08000182   0x00000000   Code   RO         3247    .ARM.Collect$$rtentry$$0000000C  c_w.l(__rtentry2.o)
    0x08000182   0x08000182   0x00000008   Code   RO         3248    .ARM.Collect$$rtentry$$0000000D  c_w.l(__rtentry2.o)
    0x0800018a   0x0800018a   0x00000002   Code   RO         3385    .ARM.Collect$$rtexit$$00000000  c_w.l(rtexit.o)
    0x0800018c   0x0800018c   0x00000000   Code   RO         3436    .ARM.Collect$$rtexit$$00000002  c_w.l(rtexit2.o)
    0x0800018c   0x0800018c   0x00000004   Code   RO         3437    .ARM.Collect$$rtexit$$00000003  c_w.l(rtexit2.o)
    0x08000190   0x08000190   0x00000006   Code   RO         3438    .ARM.Collect$$rtexit$$00000004  c_w.l(rtexit2.o)
    0x08000196   0x08000196   0x00000002   PAD
    0x08000198   0x08000198   0x00000040   Code   RO            4    .text               startup_stm32f103xb.o
    0x080001d8   0x080001d8   0x0000002c   Code   RO         3010    .text               c_w.l(__2sprintf.o)
    0x08000204   0x08000204   0x00000052   Code   RO         3018    .text               c_w.l(_printf_str.o)
    0x08000256   0x08000256   0x00000002   PAD
    0x08000258   0x08000258   0x00000078   Code   RO         3020    .text               c_w.l(_printf_dec.o)
    0x080002d0   0x080002d0   0x00000138   Code   RO         3055    .text               c_w.l(__printf_flags_wp.o)
    0x08000408   0x08000408   0x00000014   Code   RO         3071    .text               c_w.l(strchr.o)
    0x0800041c   0x0800041c   0x00000024   Code   RO         3075    .text               c_w.l(strstr.o)
    0x08000440   0x08000440   0x0000003e   Code   RO         3079    .text               c_w.l(strlen.o)
    0x0800047e   0x0800047e   0x00000044   Code   RO         3087    .text               c_w.l(rt_memclr.o)
    0x080004c2   0x080004c2   0x0000004e   Code   RO         3089    .text               c_w.l(rt_memclr_w.o)
    0x08000510   0x08000510   0x00000006   Code   RO         3093    .text               c_w.l(heapauxi.o)
    0x08000516   0x08000516   0x000000b2   Code   RO         3161    .text               c_w.l(_printf_intcommon.o)
    0x080005c8   0x080005c8   0x00000030   Code   RO         3165    .text               c_w.l(_printf_char_common.o)
    0x080005f8   0x080005f8   0x0000000a   Code   RO         3167    .text               c_w.l(_sputc.o)
    0x08000602   0x08000602   0x0000002c   Code   RO         3169    .text               c_w.l(_printf_char.o)
    0x0800062e   0x0800062e   0x00000002   PAD
    0x08000630   0x08000630   0x00000008   Code   RO         3238    .text               c_w.l(libspace.o)
    0x08000638   0x08000638   0x00000002   Code   RO         3346    .text               c_w.l(use_no_semi.o)
    0x0800063a   0x0800063a   0x00000000   Code   RO         3348    .text               c_w.l(indicate_semi.o)
    0x0800063a   0x0800063a   0x0000004a   Code   RO         3349    .text               c_w.l(sys_stackheap_outer.o)
    0x08000684   0x08000684   0x00000012   Code   RO         3361    .text               c_w.l(exit.o)
    0x08000696   0x08000696   0x00000002   PAD
    0x08000698   0x08000698   0x0000000c   Code   RO         3383    .text               c_w.l(sys_exit.o)
    0x080006a4   0x080006a4   0x00000004   Code   RO          257    i.BusFault_Handler  stm32f1xx_it.o
    0x080006a8   0x080006a8   0x00000470   Code   RO           13    i.DATA_Poce         main.o
    0x08000b18   0x08000b18   0x00000002   Code   RO          258    i.DebugMon_Handler  stm32f1xx_it.o
    0x08000b1a   0x08000b1a   0x00000002   PAD
    0x08000b1c   0x08000b1c   0x0000001c   Code   RO         2006    i.ESP8266_Clear     esp8266.o
    0x08000b38   0x08000b38   0x00000050   Code   RO         2007    i.ESP8266_GetIPD    esp8266.o
    0x08000b88   0x08000b88   0x00000250   Code   RO         2008    i.ESP8266_Init      esp8266.o
    0x08000dd8   0x08000dd8   0x00000058   Code   RO         2009    i.ESP8266_SendCmd   esp8266.o
    0x08000e30   0x08000e30   0x0000004c   Code   RO         2010    i.ESP8266_SendData  esp8266.o
    0x08000e7c   0x08000e7c   0x00000034   Code   RO         2011    i.ESP8266_WaitRecive  esp8266.o
    0x08000eb0   0x08000eb0   0x00000006   Code   RO           14    i.Error_Handler     main.o
    0x08000eb6   0x08000eb6   0x00000002   PAD
    0x08000eb8   0x08000eb8   0x000000b0   Code   RO         1115    i.HAL_DMA_Abort_IT  stm32f1xx_hal_dma.o
    0x08000f68   0x08000f68   0x00000028   Code   RO          737    i.HAL_Delay         stm32f1xx_hal.o
    0x08000f90   0x08000f90   0x00000320   Code   RO         1050    i.HAL_GPIO_Init     stm32f1xx_hal_gpio.o
    0x080012b0   0x080012b0   0x00000010   Code   RO         1052    i.HAL_GPIO_ReadPin  stm32f1xx_hal_gpio.o
    0x080012c0   0x080012c0   0x0000000c   Code   RO         1054    i.HAL_GPIO_WritePin  stm32f1xx_hal_gpio.o
    0x080012cc   0x080012cc   0x0000000c   Code   RO          741    i.HAL_GetTick       stm32f1xx_hal.o
    0x080012d8   0x080012d8   0x00000018   Code   RO          747    i.HAL_IncTick       stm32f1xx_hal.o
    0x080012f0   0x080012f0   0x00000028   Code   RO          748    i.HAL_Init          stm32f1xx_hal.o
    0x08001318   0x08001318   0x0000004c   Code   RO          749    i.HAL_InitTick      stm32f1xx_hal.o
    0x08001364   0x08001364   0x00000054   Code   RO          339    i.HAL_MspInit       stm32f1xx_hal_msp.o
    0x080013b8   0x080013b8   0x00000020   Code   RO         1210    i.HAL_NVIC_EnableIRQ  stm32f1xx_hal_cortex.o
    0x080013d8   0x080013d8   0x0000007c   Code   RO         1216    i.HAL_NVIC_SetPriority  stm32f1xx_hal_cortex.o
    0x08001454   0x08001454   0x00000028   Code   RO         1217    i.HAL_NVIC_SetPriorityGrouping  stm32f1xx_hal_cortex.o
    0x0800147c   0x0800147c   0x0000018c   Code   RO          905    i.HAL_RCC_ClockConfig  stm32f1xx_hal_rcc.o
    0x08001608   0x08001608   0x0000000c   Code   RO          910    i.HAL_RCC_GetHCLKFreq  stm32f1xx_hal_rcc.o
    0x08001614   0x08001614   0x00000020   Code   RO          912    i.HAL_RCC_GetPCLK1Freq  stm32f1xx_hal_rcc.o
    0x08001634   0x08001634   0x00000020   Code   RO          913    i.HAL_RCC_GetPCLK2Freq  stm32f1xx_hal_rcc.o
    0x08001654   0x08001654   0x00000094   Code   RO          914    i.HAL_RCC_GetSysClockFreq  stm32f1xx_hal_rcc.o
    0x080016e8   0x080016e8   0x00000464   Code   RO          917    i.HAL_RCC_OscConfig  stm32f1xx_hal_rcc.o
    0x08001b4c   0x08001b4c   0x00000034   Code   RO         1221    i.HAL_SYSTICK_Config  stm32f1xx_hal_cortex.o
    0x08001b80   0x08001b80   0x00000002   Code   RO          420    i.HAL_UART_ErrorCallback  stm32f1xx_hal_uart.o
    0x08001b82   0x08001b82   0x00000002   PAD
    0x08001b84   0x08001b84   0x0000014c   Code   RO          423    i.HAL_UART_IRQHandler  stm32f1xx_hal_uart.o
    0x08001cd0   0x08001cd0   0x00000072   Code   RO          424    i.HAL_UART_Init     stm32f1xx_hal_uart.o
    0x08001d42   0x08001d42   0x00000002   PAD
    0x08001d44   0x08001d44   0x00000098   Code   RO          216    i.HAL_UART_MspInit  usart.o
    0x08001ddc   0x08001ddc   0x00000070   Code   RO          429    i.HAL_UART_Receive_IT  stm32f1xx_hal_uart.o
    0x08001e4c   0x08001e4c   0x00000044   Code   RO         2012    i.HAL_UART_RxCpltCallback  esp8266.o
    0x08001e90   0x08001e90   0x000000d6   Code   RO          432    i.HAL_UART_Transmit  stm32f1xx_hal_uart.o
    0x08001f66   0x08001f66   0x00000002   Code   RO          435    i.HAL_UART_TxCpltCallback  stm32f1xx_hal_uart.o
    0x08001f68   0x08001f68   0x00000004   Code   RO          259    i.HardFault_Handler  stm32f1xx_it.o
    0x08001f6c   0x08001f6c   0x00000010   Code   RO         2746    i.IIC_delay         oled.o
    0x08001f7c   0x08001f7c   0x000000d8   Code   RO           15    i.KEY_Poce          main.o
    0x08002054   0x08002054   0x000000d0   Code   RO          185    i.MX_GPIO_Init      gpio.o
    0x08002124   0x08002124   0x00000038   Code   RO          217    i.MX_USART1_UART_Init  usart.o
    0x0800215c   0x0800215c   0x00000004   Code   RO          260    i.MemManage_Handler  stm32f1xx_it.o
    0x08002160   0x08002160   0x00000004   Code   RO          261    i.NMI_Handler       stm32f1xx_it.o
    0x08002164   0x08002164   0x00000030   Code   RO         2747    i.OLED_Clear        oled.o
    0x08002194   0x08002194   0x00000078   Code   RO         2754    i.OLED_DrawPoint    oled.o
    0x0800220c   0x0800220c   0x0000003c   Code   RO         2755    i.OLED_I2C_Start    oled.o
    0x08002248   0x08002248   0x0000002c   Code   RO         2756    i.OLED_I2C_Stop     oled.o
    0x08002274   0x08002274   0x00000034   Code   RO         2757    i.OLED_I2C_WaitAck  oled.o
    0x080022a8   0x080022a8   0x000000de   Code   RO         2758    i.OLED_Init         oled.o
    0x08002386   0x08002386   0x00000002   PAD
    0x08002388   0x08002388   0x0000016c   Code   RO           16    i.OLED_Poce         main.o
    0x080024f4   0x080024f4   0x00000068   Code   RO         2760    i.OLED_Refresh      oled.o
    0x0800255c   0x0800255c   0x00000054   Code   RO         2762    i.OLED_Send_Byte    oled.o
    0x080025b0   0x080025b0   0x0000013c   Code   RO         2763    i.OLED_ShowChar     oled.o
    0x080026ec   0x080026ec   0x0000004e   Code   RO         2767    i.OLED_ShowString   oled.o
    0x0800273a   0x0800273a   0x00000038   Code   RO         2768    i.OLED_WR_Byte      oled.o
    0x08002772   0x08002772   0x00000002   Code   RO          262    i.PendSV_Handler    stm32f1xx_it.o
    0x08002774   0x08002774   0x00000028   Code   RO          918    i.RCC_Delay         stm32f1xx_hal_rcc.o
    0x0800279c   0x0800279c   0x00000002   Code   RO          263    i.SVC_Handler       stm32f1xx_it.o
    0x0800279e   0x0800279e   0x00000002   PAD
    0x080027a0   0x080027a0   0x000001c4   Code   RO          264    i.SysTick_Handler   stm32f1xx_it.o
    0x08002964   0x08002964   0x00000066   Code   RO           17    i.SystemClock_Config  main.o
    0x080029ca   0x080029ca   0x00000002   PAD
    0x080029cc   0x080029cc   0x00000058   Code   RO         1737    i.SystemInit        system_stm32f1xx.o
    0x08002a24   0x08002a24   0x00000014   Code   RO          437    i.UART_DMAAbortOnError  stm32f1xx_hal_uart.o
    0x08002a38   0x08002a38   0x00000020   Code   RO          447    i.UART_EndRxTransfer  stm32f1xx_hal_uart.o
    0x08002a58   0x08002a58   0x00000020   Code   RO          448    i.UART_EndTransmit_IT  stm32f1xx_hal_uart.o
    0x08002a78   0x08002a78   0x000000a6   Code   RO          450    i.UART_Receive_IT   stm32f1xx_hal_uart.o
    0x08002b1e   0x08002b1e   0x00000002   PAD
    0x08002b20   0x08002b20   0x000001a0   Code   RO          451    i.UART_SetConfig    stm32f1xx_hal_uart.o
    0x08002cc0   0x08002cc0   0x00000068   Code   RO          452    i.UART_Transmit_IT  stm32f1xx_hal_uart.o
    0x08002d28   0x08002d28   0x0000006c   Code   RO          453    i.UART_WaitOnFlagUntilTimeout  stm32f1xx_hal_uart.o
    0x08002d94   0x08002d94   0x00000010   Code   RO          265    i.USART1_IRQHandler  stm32f1xx_it.o
    0x08002da4   0x08002da4   0x00000004   Code   RO          266    i.UsageFault_Handler  stm32f1xx_it.o
    0x08002da8   0x08002da8   0x00000010   Code   RO         1223    i.__NVIC_GetPriorityGrouping  stm32f1xx_hal_cortex.o
    0x08002db8   0x08002db8   0x00000028   Code   RO         1224    i.__NVIC_SetPriority  stm32f1xx_hal_cortex.o
    0x08002de0   0x08002de0   0x0000000e   Code   RO         3053    i._is_digit         c_w.l(__printf_wp.o)
    0x08002dee   0x08002dee   0x00000002   PAD
    0x08002df0   0x08002df0   0x0000007c   Code   RO         2915    i.key_read          key.o
    0x08002e6c   0x08002e6c   0x00000088   Code   RO          186    i.led_dis           gpio.o
    0x08002ef4   0x08002ef4   0x00000034   Code   RO           18    i.main              main.o
    0x08002f28   0x08002f28   0x00000018   Data   RO         1738    .constdata          system_stm32f1xx.o
    0x08002f40   0x08002f40   0x00001d10   Data   RO         2770    .constdata          oled.o
    0x08004c50   0x08004c50   0x00000011   Data   RO         3056    .constdata          c_w.l(__printf_flags_wp.o)
    0x08004c61   0x08004c61   0x00000003   PAD
    0x08004c64   0x08004c64   0x00000020   Data   RO         3488    Region$$Table       anon$$obj.o


    Execution Region RW_IRAM1 (Exec base: 0x20000000, Load base: 0x08004c84, Size: 0x00000de0, Max: 0x00005000, ABSOLUTE)

    Exec Addr    Load Addr    Size         Type   Attr      Idx    E Section Name        Object

    0x20000000   0x08004c84   0x00000022   Data   RW           20    .data               main.o
    0x20000022   0x08004ca6   0x00000002   PAD
    0x20000024   0x08004ca8   0x00000009   Data   RW          755    .data               stm32f1xx_hal.o
    0x2000002d   0x08004cb1   0x00000003   PAD
    0x20000030   0x08004cb4   0x00000004   Data   RW         1739    .data               system_stm32f1xx.o
    0x20000034   0x08004cb8   0x00000005   Data   RW         2014    .data               esp8266.o
    0x20000039   0x08004cbd   0x00000003   PAD
    0x2000003c        -       0x00000180   Zero   RW           19    .bss                main.o
    0x200001bc        -       0x00000040   Zero   RW          218    .bss                usart.o
    0x200001fc        -       0x00000100   Zero   RW         2013    .bss                esp8266.o
    0x200002fc        -       0x00000480   Zero   RW         2769    .bss                oled.o
    0x2000077c        -       0x00000060   Zero   RW         3239    .bss                c_w.l(libspace.o)
    0x200007dc   0x08004cbd   0x00000004   PAD
    0x200007e0        -       0x00000200   Zero   RW            2    HEAP                startup_stm32f103xb.o
    0x200009e0        -       0x00000400   Zero   RW            1    STACK               startup_stm32f103xb.o


==============================================================================

Image component sizes


      Code (inc. data)   RO Data    RW Data    ZI Data      Debug   Object Name

       984        304          0          5        256       5351   esp8266.o
       344         18          0          0          0       1589   gpio.o
       124          4          0          0          0        563   key.o
      1876        550          0         34        384     397166   main.o
      1200         54       7440          0       1152       8819   oled.o
        64         26        236          0       1536        828   startup_stm32f103xb.o
       192         36          0          9          0       6053   stm32f1xx_hal.o
       304         22          0          0          0      29583   stm32f1xx_hal_cortex.o
       176          4          0          0          0       1131   stm32f1xx_hal_dma.o
       828         34          0          0          0       3399   stm32f1xx_hal_gpio.o
        84          8          0          0          0        938   stm32f1xx_hal_msp.o
      1784        110          0          0          0       6176   stm32f1xx_hal_rcc.o
      1654         10          0          0          0       9771   stm32f1xx_hal_uart.o
       494         36          0          0          0       4926   stm32f1xx_it.o
        88         18         24          4          0       1243   system_stm32f1xx.o
       208         24          0          0         64       1738   usart.o

    ----------------------------------------------------------------------
     10420       1258       7732         60       3392     479274   Object Totals
         0          0         32          0          0          0   (incl. Generated)
        16          0          0          8          0          0   (incl. Padding)

    ----------------------------------------------------------------------

      Code (inc. data)   RO Data    RW Data    ZI Data      Debug   Library Member Name

        44          6          0          0          0         84   __2sprintf.o
         8          0          0          0          0         68   __main.o
       312          4         17          0          0         92   __printf_flags_wp.o
        14          0          0          0          0         68   __printf_wp.o
         0          0          0          0          0          0   __rtentry.o
        12          0          0          0          0          0   __rtentry2.o
         6          0          0          0          0          0   __rtentry4.o
        52          8          0          0          0          0   __scatter.o
        26          0          0          0          0          0   __scatter_copy.o
        28          0          0          0          0          0   __scatter_zi.o
        44          0          0          0          0        108   _printf_char.o
        48          6          0          0          0         96   _printf_char_common.o
         6          0          0          0          0          0   _printf_d.o
       120         16          0          0          0         92   _printf_dec.o
       178          0          0          0          0         88   _printf_intcommon.o
         0          0          0          0          0          0   _printf_percent.o
         4          0          0          0          0          0   _printf_percent_end.o
         6          0          0          0          0          0   _printf_s.o
        82          0          0          0          0         80   _printf_str.o
        10          0          0          0          0         68   _sputc.o
        18          0          0          0          0         80   exit.o
         6          0          0          0          0        152   heapauxi.o
         0          0          0          0          0          0   indicate_semi.o
         2          0          0          0          0          0   libinit.o
         2          0          0          0          0          0   libinit2.o
         2          0          0          0          0          0   libshutdown.o
         2          0          0          0          0          0   libshutdown2.o
         8          4          0          0         96         68   libspace.o
        68          0          0          0          0         68   rt_memclr.o
        78          0          0          0          0         80   rt_memclr_w.o
         2          0          0          0          0          0   rtexit.o
        10          0          0          0          0          0   rtexit2.o
        20          0          0          0          0         68   strchr.o
        62          0          0          0          0         76   strlen.o
        36          0          0          0          0         80   strstr.o
        12          4          0          0          0         68   sys_exit.o
        74          0          0          0          0         80   sys_stackheap_outer.o
         2          0          0          0          0         68   use_no_semi.o

    ----------------------------------------------------------------------
      1416         48         20          0        100       1732   Library Totals
        12          0          3          0          4          0   (incl. Padding)

    ----------------------------------------------------------------------

      Code (inc. data)   RO Data    RW Data    ZI Data      Debug   Library Name

      1404         48         17          0         96       1732   c_w.l

    ----------------------------------------------------------------------
      1416         48         20          0        100       1732   Library Totals

    ----------------------------------------------------------------------

==============================================================================


      Code (inc. data)   RO Data    RW Data    ZI Data      Debug   

     11836       1306       7752         60       3492     476426   Grand Totals
     11836       1306       7752         60       3492     476426   ELF Image Totals
     11836       1306       7752         60          0          0   ROM Totals

==============================================================================

    Total RO  Size (Code + RO Data)                19588 (  19.13kB)
    Total RW  Size (RW Data + ZI Data)              3552 (   3.47kB)
    Total ROM Size (Code + RO Data + RW Data)      19648 (  19.19kB)

==============================================================================

